client/src/components/charts/KeywordList.tsx(5,15): error TS2305: Module '"@shared/schema"' has no exported member 'TextAggregation'.
client/src/components/charts/KeywordList.tsx(47,49): error TS7006: Parameter 'keyword' implicitly has an 'any' type.
client/src/components/charts/KeywordList.tsx(47,58): error TS7006: Parameter 'index' implicitly has an 'any' type.
client/src/components/charts/MultipleChoiceChart.tsx(7,15): error TS2305: Module '"@shared/schema"' has no exported member 'ChoiceAggregation'.
client/src/components/charts/ResultsCard.tsx(6,15): error TS2305: Module '"@shared/schema"' has no exported member 'QuestionAggregate'.
client/src/components/charts/ResultsCard.tsx(6,34): error TS2305: Module '"@shared/schema"' has no exported member 'YesNoAggregation'.
client/src/components/charts/ResultsCard.tsx(6,52): error TS2305: Module '"@shared/schema"' has no exported member 'ChoiceAggregation'.
client/src/components/charts/ResultsCard.tsx(6,71): error TS2305: Module '"@shared/schema"' has no exported member 'TextAggregation'.
client/src/components/charts/YesNoChart.tsx(7,15): error TS2305: Module '"@shared/schema"' has no exported member 'YesNoAggregation'.
client/src/components/datavault/InfiniteDataGrid.tsx(102,40): error TS2322: Type 'true | 5' is not assignable to type 'number | undefined'.
  Type 'boolean' is not assignable to type 'number'.
client/src/components/GoogleLogin.tsx(112,17): error TS2339: Property 'firstName' does not exist on type '{ email: string; id: string; name: string | null; avatarUrl: string | null; role: "admin" | "user" | "guest"; provider: "google" | "github" | "email"; defaultTenantId: string | null; createdAt: Date | null; updatedAt: Date | null; lastLoginAt: Date | null; }'.
client/src/components/GoogleLogin.tsx(112,34): error TS2339: Property 'lastName' does not exist on type '{ email: string; id: string; name: string | null; avatarUrl: string | null; role: "admin" | "user" | "guest"; provider: "google" | "github" | "email"; defaultTenantId: string | null; createdAt: Date | null; updatedAt: Date | null; lastLoginAt: Date | null; }'.
client/src/components/layout/Header.tsx(139,28): error TS2339: Property 'profileImageUrl' does not exist on type '{ email: string; id: string; name: string | null; avatarUrl: string | null; role: "admin" | "user" | "guest"; provider: "google" | "github" | "email"; defaultTenantId: string | null; createdAt: Date | null; updatedAt: Date | null; lastLoginAt: Date | null; }'.
client/src/components/layout/Header.tsx(141,35): error TS2339: Property 'profileImageUrl' does not exist on type '{ email: string; id: string; name: string | null; avatarUrl: string | null; role: "admin" | "user" | "guest"; provider: "google" | "github" | "email"; defaultTenantId: string | null; createdAt: Date | null; updatedAt: Date | null; lastLoginAt: Date | null; }'.
client/src/components/layout/Header.tsx(152,32): error TS2339: Property 'firstName' does not exist on type '{ email: string; id: string; name: string | null; avatarUrl: string | null; role: "admin" | "user" | "guest"; provider: "google" | "github" | "email"; defaultTenantId: string | null; createdAt: Date | null; updatedAt: Date | null; lastLoginAt: Date | null; }'.
client/src/components/layout/Header.tsx(152,51): error TS2339: Property 'lastName' does not exist on type '{ email: string; id: string; name: string | null; avatarUrl: string | null; role: "admin" | "user" | "guest"; provider: "google" | "github" | "email"; defaultTenantId: string | null; createdAt: Date | null; updatedAt: Date | null; lastLoginAt: Date | null; }'.
client/src/components/layout/Header.tsx(153,37): error TS2339: Property 'firstName' does not exist on type '{ email: string; id: string; name: string | null; avatarUrl: string | null; role: "admin" | "user" | "guest"; provider: "google" | "github" | "email"; defaultTenantId: string | null; createdAt: Date | null; updatedAt: Date | null; lastLoginAt: Date | null; }'.
client/src/components/layout/Header.tsx(153,61): error TS2339: Property 'lastName' does not exist on type '{ email: string; id: string; name: string | null; avatarUrl: string | null; role: "admin" | "user" | "guest"; provider: "google" | "github" | "email"; defaultTenantId: string | null; createdAt: Date | null; updatedAt: Date | null; lastLoginAt: Date | null; }'.
client/src/components/layout/Sidebar.tsx(133,20): error TS2339: Property 'profileImageUrl' does not exist on type '{ email: string; id: string; name: string | null; avatarUrl: string | null; role: "admin" | "user" | "guest"; provider: "google" | "github" | "email"; defaultTenantId: string | null; createdAt: Date | null; updatedAt: Date | null; lastLoginAt: Date | null; }'.
client/src/components/layout/Sidebar.tsx(135,27): error TS2339: Property 'profileImageUrl' does not exist on type '{ email: string; id: string; name: string | null; avatarUrl: string | null; role: "admin" | "user" | "guest"; provider: "google" | "github" | "email"; defaultTenantId: string | null; createdAt: Date | null; updatedAt: Date | null; lastLoginAt: Date | null; }'.
client/src/components/layout/Sidebar.tsx(148,26): error TS2339: Property 'firstName' does not exist on type '{ email: string; id: string; name: string | null; avatarUrl: string | null; role: "admin" | "user" | "guest"; provider: "google" | "github" | "email"; defaultTenantId: string | null; createdAt: Date | null; updatedAt: Date | null; lastLoginAt: Date | null; }'.
client/src/components/layout/Sidebar.tsx(148,45): error TS2339: Property 'lastName' does not exist on type '{ email: string; id: string; name: string | null; avatarUrl: string | null; role: "admin" | "user" | "guest"; provider: "google" | "github" | "email"; defaultTenantId: string | null; createdAt: Date | null; updatedAt: Date | null; lastLoginAt: Date | null; }'.
client/src/components/layout/Sidebar.tsx(149,31): error TS2339: Property 'firstName' does not exist on type '{ email: string; id: string; name: string | null; avatarUrl: string | null; role: "admin" | "user" | "guest"; provider: "google" | "github" | "email"; defaultTenantId: string | null; createdAt: Date | null; updatedAt: Date | null; lastLoginAt: Date | null; }'.
client/src/components/layout/Sidebar.tsx(149,55): error TS2339: Property 'lastName' does not exist on type '{ email: string; id: string; name: string | null; avatarUrl: string | null; role: "admin" | "user" | "guest"; provider: "google" | "github" | "email"; defaultTenantId: string | null; createdAt: Date | null; updatedAt: Date | null; lastLoginAt: Date | null; }'.
client/src/components/ui/file-upload.tsx(11,15): error TS2305: Module '"@shared/schema"' has no exported member 'FileUploadConfig'.
client/src/components/ui/file-upload.tsx(55,52): error TS7006: Parameter 'type' implicitly has an 'any' type.
client/src/hooks/useAnalyticsData.ts(5,3): error TS2305: Module '"@shared/schema"' has no exported member 'QuestionAnalytics'.
client/src/hooks/useAnalyticsData.ts(6,3): error TS2305: Module '"@shared/schema"' has no exported member 'PageAnalytics'.
client/src/hooks/useAnalyticsData.ts(7,3): error TS2305: Module '"@shared/schema"' has no exported member 'CompletionFunnelData'.
client/src/hooks/useAnalyticsData.ts(8,3): error TS2305: Module '"@shared/schema"' has no exported member 'TimeSpentData'.
client/src/hooks/useAnalyticsData.ts(9,3): error TS2305: Module '"@shared/schema"' has no exported member 'EngagementMetrics'.
client/src/hooks/useAnalyticsData.ts(10,3): error TS2305: Module '"@shared/schema"' has no exported member 'QuestionAggregate'.
client/src/hooks/useBlockOperations.ts(7,15): error TS2724: '"@shared/schema"' has no exported member named 'SurveyPage'. Did you mean 'surveyPages'?
client/src/hooks/useConditionalLogic.ts(4,15): error TS2724: '"@shared/schema"' has no exported member named 'ConditionalRule'. Did you mean 'conditionalRules'?
client/src/hooks/useConditionalLogic.ts(4,32): error TS2305: Module '"@shared/schema"' has no exported member 'QuestionWithSubquestions'.
client/src/lib/analyticsUtils.ts(6,15): error TS2305: Module '"@shared/schema"' has no exported member 'YesNoAggregation'.
client/src/lib/analyticsUtils.ts(6,33): error TS2305: Module '"@shared/schema"' has no exported member 'ChoiceAggregation'.
client/src/lib/analyticsUtils.ts(6,52): error TS2305: Module '"@shared/schema"' has no exported member 'TextAggregation'.
client/src/lib/analyticsUtils.ts(59,53): error TS7006: Parameter 'k' implicitly has an 'any' type.
client/src/lib/datavault-api.ts(6,125): error TS2724: '"@shared/schema"' has no exported member named 'DatavaultTableRole'. Did you mean 'datavaultTableRoleEnum'?
client/src/lib/stores/personalizationStore.ts(5,15): error TS2305: Module '"@shared/schema"' has no exported member 'UserPersonalizationSettings'.
client/src/pages/AdminDashboard.tsx(86,42): error TS2339: Property 'firstName' does not exist on type '{ email: string; id: string; name: string | null; avatarUrl: string | null; role: "admin" | "user" | "guest"; provider: "google" | "github" | "email"; defaultTenantId: string | null; createdAt: Date | null; updatedAt: Date | null; lastLoginAt: Date | null; }'.
client/src/pages/AdminDashboard.tsx(86,60): error TS2339: Property 'lastName' does not exist on type '{ email: string; id: string; name: string | null; avatarUrl: string | null; role: "admin" | "user" | "guest"; provider: "google" | "github" | "email"; defaultTenantId: string | null; createdAt: Date | null; updatedAt: Date | null; lastLoginAt: Date | null; }'.
client/src/pages/BrandingSettingsPage.tsx(47,26): error TS2339: Property 'tenantId' does not exist on type '{ email: string; id: string; name: string | null; avatarUrl: string | null; role: "admin" | "user" | "guest"; provider: "google" | "github" | "email"; defaultTenantId: string | null; createdAt: Date | null; updatedAt: Date | null; lastLoginAt: Date | null; }'.
client/src/pages/CollectionDetailPage.tsx(47,26): error TS2339: Property 'tenantId' does not exist on type '{ email: string; id: string; name: string | null; avatarUrl: string | null; role: "admin" | "user" | "guest"; provider: "google" | "github" | "email"; defaultTenantId: string | null; createdAt: Date | null; updatedAt: Date | null; lastLoginAt: Date | null; }'.
client/src/pages/CollectionsPage.tsx(35,26): error TS2339: Property 'tenantId' does not exist on type '{ email: string; id: string; name: string | null; avatarUrl: string | null; role: "admin" | "user" | "guest"; provider: "google" | "github" | "email"; defaultTenantId: string | null; createdAt: Date | null; updatedAt: Date | null; lastLoginAt: Date | null; }'.
client/src/pages/Dashboard.tsx(19,15): error TS2305: Module '"@shared/schema"' has no exported member 'DashboardStats'.
client/src/pages/Dashboard.tsx(19,39): error TS2305: Module '"@shared/schema"' has no exported member 'SurveyAnalytics'.
client/src/pages/Dashboard.tsx(19,56): error TS2305: Module '"@shared/schema"' has no exported member 'ResponseTrend'.
client/src/pages/Dashboard.tsx(19,71): error TS2305: Module '"@shared/schema"' has no exported member 'ActivityItem'.
client/src/pages/DomainSettingsPage.tsx(45,26): error TS2339: Property 'tenantId' does not exist on type '{ email: string; id: string; name: string | null; avatarUrl: string | null; role: "admin" | "user" | "guest"; provider: "google" | "github" | "email"; defaultTenantId: string | null; createdAt: Date | null; updatedAt: Date | null; lastLoginAt: Date | null; }'.
client/src/pages/EmailTemplateEditorPage.tsx(73,26): error TS2339: Property 'tenantId' does not exist on type '{ email: string; id: string; name: string | null; avatarUrl: string | null; role: "admin" | "user" | "guest"; provider: "google" | "github" | "email"; defaultTenantId: string | null; createdAt: Date | null; updatedAt: Date | null; lastLoginAt: Date | null; }'.
client/src/pages/IntakePreviewPage.tsx(35,13): error TS2339: Property 'tenantId' does not exist on type '{ email: string; id: string; name: string | null; avatarUrl: string | null; role: "admin" | "user" | "guest"; provider: "google" | "github" | "email"; defaultTenantId: string | null; createdAt: Date | null; updatedAt: Date | null; lastLoginAt: Date | null; }'.
client/src/pages/IntakePreviewPage.tsx(36,17): error TS2339: Property 'tenantId' does not exist on type '{ email: string; id: string; name: string | null; avatarUrl: string | null; role: "admin" | "user" | "guest"; provider: "google" | "github" | "email"; defaultTenantId: string | null; createdAt: Date | null; updatedAt: Date | null; lastLoginAt: Date | null; }'.
client/src/pages/WorkflowBuilder.tsx(169,17): error TS2339: Property 'firstName' does not exist on type '{ email: string; id: string; name: string | null; avatarUrl: string | null; role: "admin" | "user" | "guest"; provider: "google" | "github" | "email"; defaultTenantId: string | null; createdAt: Date | null; updatedAt: Date | null; lastLoginAt: Date | null; }'.
client/src/pages/WorkflowBuilder.tsx(172,24): error TS2339: Property 'firstName' does not exist on type '{ email: string; id: string; name: string | null; avatarUrl: string | null; role: "admin" | "user" | "guest"; provider: "google" | "github" | "email"; defaultTenantId: string | null; createdAt: Date | null; updatedAt: Date | null; lastLoginAt: Date | null; }'.
client/src/pages/WorkflowBuilder.tsx(189,66): error TS2339: Property 'tenantId' does not exist on type '{ email: string; id: string; name: string | null; avatarUrl: string | null; role: "admin" | "user" | "guest"; provider: "google" | "github" | "email"; defaultTenantId: string | null; createdAt: Date | null; updatedAt: Date | null; lastLoginAt: Date | null; }'.
client/src/pages/WorkflowBuilder.tsx(194,23): error TS2339: Property 'tenantId' does not exist on type '{ email: string; id: string; name: string | null; avatarUrl: string | null; role: "admin" | "user" | "guest"; provider: "google" | "github" | "email"; defaultTenantId: string | null; createdAt: Date | null; updatedAt: Date | null; lastLoginAt: Date | null; }'.
server/api/runs.ts(220,34): error TS2339: Property 'fullName' does not exist on type 'PgTableWithColumns<{ name: "users"; schema: undefined; columns: { id: PgColumn<{ name: "id"; tableName: "users"; dataType: "string"; columnType: "PgVarchar"; data: string; driverParam: string; notNull: true; hasDefault: false; ... 6 more ...; generated: undefined; }, {}, { ...; }>; ... 8 more ...; lastLoginAt: PgCol...'.
server/api/runs.ts(379,15): error TS2353: Object literal may only specify known properties, and 'fullName' does not exist in type '{ id?: boolean | undefined; email?: boolean | undefined; name?: boolean | undefined; avatarUrl?: boolean | undefined; role?: boolean | undefined; provider?: boolean | undefined; defaultTenantId?: boolean | undefined; createdAt?: boolean | undefined; updatedAt?: boolean | undefined; lastLoginAt?: boolean | undefined; }'.
server/api/runs.ts(390,30): error TS2551: Property 'workflowVersion' does not exist on type '{ id: string; createdAt: Date | null; updatedAt: Date | null; status: "pending" | "success" | "error" | "waiting_review" | "waiting_signature"; createdBy: string | null; ... 8 more ...; shareTokenExpiresAt: Date | null; }'. Did you mean 'workflowVersionId'?
server/api/runs.ts(399,48): error TS2551: Property 'workflowVersion' does not exist on type '{ id: string; createdAt: Date | null; updatedAt: Date | null; status: "pending" | "success" | "error" | "waiting_review" | "waiting_signature"; createdBy: string | null; ... 8 more ...; shareTokenExpiresAt: Date | null; }'. Did you mean 'workflowVersionId'?
server/api/runs.ts(405,48): error TS2551: Property 'workflowVersion' does not exist on type '{ id: string; createdAt: Date | null; updatedAt: Date | null; status: "pending" | "success" | "error" | "waiting_review" | "waiting_signature"; createdBy: string | null; ... 8 more ...; shareTokenExpiresAt: Date | null; }'. Did you mean 'workflowVersionId'?
server/api/runs.ts(413,19): error TS2551: Property 'createdByUser' does not exist on type '{ id: string; createdAt: Date | null; updatedAt: Date | null; status: "pending" | "success" | "error" | "waiting_review" | "waiting_signature"; createdBy: string | null; ... 8 more ...; shareTokenExpiresAt: Date | null; }'. Did you mean 'createdBy'?
server/api/runs.ts(425,30): error TS2551: Property 'workflowVersion' does not exist on type '{ id: string; createdAt: Date | null; updatedAt: Date | null; status: "pending" | "success" | "error" | "waiting_review" | "waiting_signature"; createdBy: string | null; ... 8 more ...; shareTokenExpiresAt: Date | null; }'. Did you mean 'workflowVersionId'?
server/api/runs.ts(434,15): error TS2551: Property 'createdByUser' does not exist on type '{ id: string; createdAt: Date | null; updatedAt: Date | null; status: "pending" | "success" | "error" | "waiting_review" | "waiting_signature"; createdBy: string | null; ... 8 more ...; shareTokenExpiresAt: Date | null; }'. Did you mean 'createdBy'?
server/api/runs.ts(486,30): error TS2551: Property 'workflowVersion' does not exist on type '{ id: string; createdAt: Date | null; updatedAt: Date | null; status: "pending" | "success" | "error" | "waiting_review" | "waiting_signature"; createdBy: string | null; ... 8 more ...; shareTokenExpiresAt: Date | null; }'. Did you mean 'workflowVersionId'?
server/api/runs.ts(487,30): error TS2551: Property 'workflowVersion' does not exist on type '{ id: string; createdAt: Date | null; updatedAt: Date | null; status: "pending" | "success" | "error" | "waiting_review" | "waiting_signature"; createdBy: string | null; ... 8 more ...; shareTokenExpiresAt: Date | null; }'. Did you mean 'workflowVersionId'?
server/api/runs.ts(585,28): error TS2551: Property 'workflowVersion' does not exist on type '{ id: string; createdAt: Date | null; updatedAt: Date | null; status: "pending" | "success" | "error" | "waiting_review" | "waiting_signature"; createdBy: string | null; ... 8 more ...; shareTokenExpiresAt: Date | null; }'. Did you mean 'workflowVersionId'?
server/api/runs.ts(636,28): error TS2551: Property 'workflowVersion' does not exist on type '{ id: string; createdAt: Date | null; updatedAt: Date | null; status: "pending" | "success" | "error" | "waiting_review" | "waiting_signature"; createdBy: string | null; ... 8 more ...; shareTokenExpiresAt: Date | null; }'. Did you mean 'workflowVersionId'?
server/api/runs.ts(710,28): error TS2551: Property 'workflowVersion' does not exist on type '{ id: string; createdAt: Date | null; updatedAt: Date | null; status: "pending" | "success" | "error" | "waiting_review" | "waiting_signature"; createdBy: string | null; ... 8 more ...; shareTokenExpiresAt: Date | null; }'. Did you mean 'workflowVersionId'?
server/api/runs.ts(809,36): error TS2551: Property 'workflowVersion' does not exist on type '{ id: string; createdAt: Date | null; updatedAt: Date | null; status: "pending" | "success" | "error" | "waiting_review" | "waiting_signature"; createdBy: string | null; ... 8 more ...; shareTokenExpiresAt: Date | null; }'. Did you mean 'workflowVersionId'?
server/api/runs.ts(845,39): error TS2551: Property 'workflowVersion' does not exist on type '{ id: string; createdAt: Date | null; updatedAt: Date | null; status: "pending" | "success" | "error" | "waiting_review" | "waiting_signature"; createdBy: string | null; ... 8 more ...; shareTokenExpiresAt: Date | null; }'. Did you mean 'workflowVersionId'?
server/api/runs.ts(988,15): error TS2353: Object literal may only specify known properties, and 'fullName' does not exist in type '{ id?: boolean | undefined; email?: boolean | undefined; name?: boolean | undefined; avatarUrl?: boolean | undefined; role?: boolean | undefined; provider?: boolean | undefined; defaultTenantId?: boolean | undefined; createdAt?: boolean | undefined; updatedAt?: boolean | undefined; lastLoginAt?: boolean | undefined; }'.
server/api/runs.ts(999,30): error TS2551: Property 'workflowVersion' does not exist on type '{ id: string; createdAt: Date | null; updatedAt: Date | null; status: "pending" | "success" | "error" | "waiting_review" | "waiting_signature"; createdBy: string | null; ... 8 more ...; shareTokenExpiresAt: Date | null; }'. Did you mean 'workflowVersionId'?
server/api/runs.ts(1008,48): error TS2551: Property 'workflowVersion' does not exist on type '{ id: string; createdAt: Date | null; updatedAt: Date | null; status: "pending" | "success" | "error" | "waiting_review" | "waiting_signature"; createdBy: string | null; ... 8 more ...; shareTokenExpiresAt: Date | null; }'. Did you mean 'workflowVersionId'?
server/api/runs.ts(1014,48): error TS2551: Property 'workflowVersion' does not exist on type '{ id: string; createdAt: Date | null; updatedAt: Date | null; status: "pending" | "success" | "error" | "waiting_review" | "waiting_signature"; createdBy: string | null; ... 8 more ...; shareTokenExpiresAt: Date | null; }'. Did you mean 'workflowVersionId'?
server/api/runs.ts(1022,19): error TS2551: Property 'createdByUser' does not exist on type '{ id: string; createdAt: Date | null; updatedAt: Date | null; status: "pending" | "success" | "error" | "waiting_review" | "waiting_signature"; createdBy: string | null; ... 8 more ...; shareTokenExpiresAt: Date | null; }'. Did you mean 'createdBy'?
server/api/runs.ts(1034,30): error TS2551: Property 'workflowVersion' does not exist on type '{ id: string; createdAt: Date | null; updatedAt: Date | null; status: "pending" | "success" | "error" | "waiting_review" | "waiting_signature"; createdBy: string | null; ... 8 more ...; shareTokenExpiresAt: Date | null; }'. Did you mean 'workflowVersionId'?
server/api/runs.ts(1043,15): error TS2551: Property 'createdByUser' does not exist on type '{ id: string; createdAt: Date | null; updatedAt: Date | null; status: "pending" | "success" | "error" | "waiting_review" | "waiting_signature"; createdBy: string | null; ... 8 more ...; shareTokenExpiresAt: Date | null; }'. Did you mean 'createdBy'?
server/api/runs.ts(1095,30): error TS2551: Property 'workflowVersion' does not exist on type '{ id: string; createdAt: Date | null; updatedAt: Date | null; status: "pending" | "success" | "error" | "waiting_review" | "waiting_signature"; createdBy: string | null; ... 8 more ...; shareTokenExpiresAt: Date | null; }'. Did you mean 'workflowVersionId'?
server/api/workflows.ts(508,15): error TS2353: Object literal may only specify known properties, and 'fullName' does not exist in type '{ id?: boolean | undefined; email?: boolean | undefined; name?: boolean | undefined; avatarUrl?: boolean | undefined; role?: boolean | undefined; provider?: boolean | undefined; defaultTenantId?: boolean | undefined; createdAt?: boolean | undefined; updatedAt?: boolean | undefined; lastLoginAt?: boolean | undefined; }'.
server/api/workflows.ts(556,15): error TS2353: Object literal may only specify known properties, and 'fullName' does not exist in type '{ id?: boolean | undefined; email?: boolean | undefined; name?: boolean | undefined; avatarUrl?: boolean | undefined; role?: boolean | undefined; provider?: boolean | undefined; defaultTenantId?: boolean | undefined; createdAt?: boolean | undefined; updatedAt?: boolean | undefined; lastLoginAt?: boolean | undefined; }'.
server/api/workflows.ts(567,19): error TS2551: Property 'workflow' does not exist on type '{ id: string; createdAt: Date | null; updatedAt: Date | null; createdBy: string; workflowId: string; published: boolean; baseId: string | null; versionNumber: number; isDraft: boolean; ... 5 more ...; publishedAt: Date | null; }'. Did you mean 'workflowId'?
server/api/workflows.ts(568,21): error TS2551: Property 'workflow' does not exist on type '{ id: string; createdAt: Date | null; updatedAt: Date | null; createdBy: string; workflowId: string; published: boolean; baseId: string | null; versionNumber: number; isDraft: boolean; ... 5 more ...; publishedAt: Date | null; }'. Did you mean 'workflowId'?
server/api/workflows.ts(571,26): error TS2551: Property 'workflow' does not exist on type '{ id: string; createdAt: Date | null; updatedAt: Date | null; createdBy: string; workflowId: string; published: boolean; baseId: string | null; versionNumber: number; isDraft: boolean; ... 5 more ...; publishedAt: Date | null; }'. Did you mean 'workflowId'?
server/engine/nodes/data.ts(112,21): error TS18046: 'write' is of type 'unknown'.
server/engine/nodes/data.ts(117,57): error TS18046: 'write' is of type 'unknown'.
server/googleAuth.ts(194,29): error TS2339: Property 'firstName' does not exist on type '{ email: string; id: string; name: string | null; avatarUrl: string | null; role: "admin" | "user" | "guest"; provider: "google" | "github" | "email"; defaultTenantId: string | null; createdAt: Date | null; updatedAt: Date | null; lastLoginAt: Date | null; }'.
server/googleAuth.ts(195,28): error TS2339: Property 'lastName' does not exist on type '{ email: string; id: string; name: string | null; avatarUrl: string | null; role: "admin" | "user" | "guest"; provider: "google" | "github" | "email"; defaultTenantId: string | null; createdAt: Date | null; updatedAt: Date | null; lastLoginAt: Date | null; }'.
server/googleAuth.ts(196,35): error TS2339: Property 'profileImageUrl' does not exist on type '{ email: string; id: string; name: string | null; avatarUrl: string | null; role: "admin" | "user" | "guest"; provider: "google" | "github" | "email"; defaultTenantId: string | null; createdAt: Date | null; updatedAt: Date | null; lastLoginAt: Date | null; }'.
server/googleAuth.ts(197,28): error TS2339: Property 'tenantId' does not exist on type '{ email: string; id: string; name: string | null; avatarUrl: string | null; role: "admin" | "user" | "guest"; provider: "google" | "github" | "email"; defaultTenantId: string | null; createdAt: Date | null; updatedAt: Date | null; lastLoginAt: Date | null; }'.
server/googleAuth.ts(199,30): error TS2339: Property 'tenantRole' does not exist on type '{ email: string; id: string; name: string | null; avatarUrl: string | null; role: "admin" | "user" | "guest"; provider: "google" | "github" | "email"; defaultTenantId: string | null; createdAt: Date | null; updatedAt: Date | null; lastLoginAt: Date | null; }'.
server/lib/ai/personalization.ts(4,15): error TS2305: Module '"../../../shared/schema"' has no exported member 'UserPersonalizationSettings'.
server/lib/ai/personalization.ts(4,49): error TS2305: Module '"../../../shared/schema"' has no exported member 'WorkflowPersonalizationSettings'.
server/lib/ai/transformRevision.ts(3,26): error TS2305: Module '"shared/schema"' has no exported member 'TransformResult'.
server/lib/audit/auditLogger.ts(22,17): error TS2769: No overload matches this call.
  Overload 1 of 2, '(value: { tenantId: string | SQL<unknown> | Placeholder<string, any>; action: string | SQL<unknown> | Placeholder<string, any>; entityType: string | SQL<unknown> | Placeholder<...>; ... 6 more ...; userAgent?: string | ... 3 more ... | undefined; }): PgInsertBase<...>', gave the following error.
    Object literal may only specify known properties, and 'workspaceId' does not exist in type '{ tenantId: string | SQL<unknown> | Placeholder<string, any>; action: string | SQL<unknown> | Placeholder<string, any>; entityType: string | SQL<unknown> | Placeholder<...>; ... 6 more ...; userAgent?: string | ... 3 more ... | undefined; }'.
  Overload 2 of 2, '(values: { tenantId: string | SQL<unknown> | Placeholder<string, any>; action: string | SQL<unknown> | Placeholder<string, any>; entityType: string | SQL<unknown> | Placeholder<...>; ... 6 more ...; userAgent?: string | ... 3 more ... | undefined; }[]): PgInsertBase<...>', gave the following error.
    Object literal may only specify known properties, and 'workspaceId' does not exist in type '{ tenantId: string | SQL<unknown> | Placeholder<string, any>; action: string | SQL<unknown> | Placeholder<string, any>; entityType: string | SQL<unknown> | Placeholder<...>; ... 6 more ...; userAgent?: string | ... 3 more ... | undefined; }[]'.
server/lib/authz/checkPermission.ts(4,10): error TS2305: Module '"@shared/schema"' has no exported member 'workspaceMembers'.
server/lib/authz/checkPermission.ts(4,28): error TS2305: Module '"@shared/schema"' has no exported member 'workspaceRoleEnum'.
server/lib/authz/checkPermission.ts(4,47): error TS2305: Module '"@shared/schema"' has no exported member 'resourcePermissions'.
server/lib/authz/checkPermission.ts(37,35): error TS2339: Property 'workspaceMembers' does not exist on type '{ readonly users: RelationalQueryBuilder<ExtractTablesWithRelations<typeof import("C:/Users/scoot/poll/VaultLogic/shared/schema")>, { tsName: "users"; dbName: "users"; columns: { id: PgColumn<{ ...; }, {}, { ...; }>; ... 8 more ...; lastLoginAt: PgColumn<...>; }; relations: { ...; }; primaryKey: AnyColumn[]; }>; ......'.
server/lib/authz/checkPermission.ts(55,41): error TS2339: Property 'resourcePermissions' does not exist on type '{ readonly users: RelationalQueryBuilder<ExtractTablesWithRelations<typeof import("C:/Users/scoot/poll/VaultLogic/shared/schema")>, { tsName: "users"; dbName: "users"; columns: { id: PgColumn<{ ...; }, {}, { ...; }>; ... 8 more ...; lastLoginAt: PgColumn<...>; }; relations: { ...; }; primaryKey: AnyColumn[]; }>; ......'.
server/lib/tenancy/tenantContext.ts(26,17): error TS2353: Object literal may only specify known properties, and 'members' does not exist in type '{ organization?: true | { columns?: { id?: boolean | undefined; name?: boolean | undefined; slug?: boolean | undefined; plan?: boolean | undefined; stripeCustomerId?: boolean | undefined; ... 5 more ...; updatedAt?: boolean | undefined; } | undefined; with?: {} | undefined; extras?: Record<...> | ... 1 more ... | un...'.
server/lib/tenancy/tenantContext.ts(32,41): error TS2339: Property 'members' does not exist on type '{ id: string; name: string; createdAt: Date | null; updatedAt: Date | null; slug: string; organizationId: string; }'.
server/lib/transforms/debugger.ts(1,26): error TS2305: Module '"shared/schema"' has no exported member 'TransformIssue'.
server/lib/transforms/debugger.ts(1,42): error TS2305: Module '"shared/schema"' has no exported member 'TransformFix'.
server/middleware/aclAuth.ts(1,15): error TS2305: Module '"@shared/schema"' has no exported member 'AccessRole'.
server/middleware/adminAuth.ts(48,5): error TS2739: Type '{ email: string; createdAt: Date; updatedAt: Date; id: string; name: string | null; avatarUrl: string | null; role: "admin" | "user" | "guest"; provider: "google" | "github" | "email"; defaultTenantId: string | null; lastLoginAt: Date | null; }' is missing the following properties from type '{ id: string; email: string; role: string; firstName: string | null; lastName: string | null; profileImageUrl: string | null; createdAt: Date; updatedAt: Date; }': firstName, lastName, profileImageUrl
server/middleware/auth.ts(136,28): error TS2339: Property 'tenantId' does not exist on type '{ email: string; id: string; name: string | null; avatarUrl: string | null; role: "admin" | "user" | "guest"; provider: "google" | "github" | "email"; defaultTenantId: string | null; createdAt: Date | null; updatedAt: Date | null; lastLoginAt: Date | null; }'.
server/middleware/auth.ts(137,28): error TS2339: Property 'tenantRole' does not exist on type '{ email: string; id: string; name: string | null; avatarUrl: string | null; role: "admin" | "user" | "guest"; provider: "google" | "github" | "email"; defaultTenantId: string | null; createdAt: Date | null; updatedAt: Date | null; lastLoginAt: Date | null; }'.
server/middleware/auth.ts(227,17): error TS2339: Property 'tenantId' does not exist on type '{ email: string; id: string; name: string | null; avatarUrl: string | null; role: "admin" | "user" | "guest"; provider: "google" | "github" | "email"; defaultTenantId: string | null; createdAt: Date | null; updatedAt: Date | null; lastLoginAt: Date | null; }'.
server/middleware/auth.ts(228,29): error TS2339: Property 'tenantId' does not exist on type '{ email: string; id: string; name: string | null; avatarUrl: string | null; role: "admin" | "user" | "guest"; provider: "google" | "github" | "email"; defaultTenantId: string | null; createdAt: Date | null; updatedAt: Date | null; lastLoginAt: Date | null; }'.
server/middleware/auth.ts(229,29): error TS2339: Property 'tenantRole' does not exist on type '{ email: string; id: string; name: string | null; avatarUrl: string | null; role: "admin" | "user" | "guest"; provider: "google" | "github" | "email"; defaultTenantId: string | null; createdAt: Date | null; updatedAt: Date | null; lastLoginAt: Date | null; }'.
server/middleware/errorHandler.examples.ts(320,15): error TS2339: Property 'email' does not exist on type 'unknown'.
server/repositories/AclRepository.ts(9,3): error TS2305: Module '"@shared/schema"' has no exported member 'PrincipalType'.
server/repositories/AnalyticsRepository.ts(9,8): error TS2724: '"@shared/schema"' has no exported member named 'AnalyticsEvent'. Did you mean 'analyticsEvents'?
server/repositories/AnalyticsRepository.ts(10,3): error TS2724: '"@shared/schema"' has no exported member named 'insertAnalyticsEventSchema'. Did you mean 'insertMetricsEventSchema'?
server/repositories/CollectionFieldRepository.ts(3,55): error TS2724: '"@shared/schema"' has no exported member named 'InsertCollectionField'. Did you mean 'CollectionField'?
server/repositories/CollectionRepository.ts(3,45): error TS2724: '"@shared/schema"' has no exported member named 'InsertCollection'. Did you mean 'InsertSection'?
server/repositories/DatavaultApiTokensRepository.ts(6,8): error TS2724: '"@shared/schema"' has no exported member named 'InsertDatavaultApiToken'. Did you mean 'DatavaultApiToken'?
server/repositories/DatavaultColumnsRepository.ts(6,8): error TS2724: '"@shared/schema"' has no exported member named 'InsertDatavaultColumn'. Did you mean 'DatavaultColumn'?
server/repositories/DatavaultDatabasesRepository.ts(8,34): error TS2724: '"../../shared/schema"' has no exported member named 'InsertDatavaultDatabase'. Did you mean 'DatavaultDatabase'?
server/repositories/DatavaultDatabasesRepository.ts(8,59): error TS2724: '"../../shared/schema"' has no exported member named 'DatavaultScopeType'. Did you mean 'datavaultScopeTypeEnum'?
server/repositories/DatavaultRowNotesRepository.ts(6,8): error TS2724: '"@shared/schema"' has no exported member named 'InsertDatavaultRowNote'. Did you mean 'DatavaultRowNote'?
server/repositories/DatavaultRowsRepository.ts(9,8): error TS2724: '"@shared/schema"' has no exported member named 'InsertDatavaultRow'. Did you mean 'DatavaultRow'?
server/repositories/DatavaultRowsRepository.ts(11,8): error TS2724: '"@shared/schema"' has no exported member named 'InsertDatavaultValue'. Did you mean 'DatavaultValue'?
server/repositories/DatavaultTablePermissionsRepository.ts(6,8): error TS2724: '"@shared/schema"' has no exported member named 'InsertDatavaultTablePermission'. Did you mean 'DatavaultTablePermission'?
server/repositories/DatavaultTablesRepository.ts(3,98): error TS2724: '"@shared/schema"' has no exported member named 'InsertDatavaultTable'. Did you mean 'DatavaultTable'?
server/repositories/DatavaultWritebackMappingsRepository.ts(6,8): error TS2724: '"@shared/schema"' has no exported member named 'InsertDatavaultWritebackMapping'. Did you mean 'DatavaultWritebackMapping'?
server/repositories/FileRepository.ts(3,22): error TS2724: '"@shared/schema"' has no exported member named 'File'. Did you mean 'files'?
server/repositories/FileRepository.ts(3,33): error TS2305: Module '"@shared/schema"' has no exported member 'InsertFile'.
server/repositories/SystemStatsRepository.ts(3,10): error TS2305: Module '"@shared/schema"' has no exported member 'systemStats'.
server/repositories/SystemStatsRepository.ts(4,15): error TS2305: Module '"@shared/schema"' has no exported member 'SystemStats'.
server/repositories/TemplateRepository.ts(3,10): error TS2724: '"@shared/schema"' has no exported member named 'surveyTemplates'. Did you mean 'surveyPages'?
server/repositories/TemplateShareRepository.ts(3,10): error TS2305: Module '"../../shared/schema"' has no exported member 'templateShares'.
server/repositories/UserCredentialsRepository.ts(3,10): error TS2305: Module '"@shared/schema"' has no exported member 'userCredentials'.
server/repositories/UserCredentialsRepository.ts(3,32): error TS2305: Module '"@shared/schema"' has no exported member 'UserCredentials'.
server/repositories/UserCredentialsRepository.ts(3,54): error TS2305: Module '"@shared/schema"' has no exported member 'InsertUserCredentials'.
server/repositories/UserPreferencesRepository.ts(3,10): error TS2305: Module '"@shared/schema"' has no exported member 'userPreferences'.
server/repositories/UserPreferencesRepository.ts(3,32): error TS2305: Module '"@shared/schema"' has no exported member 'UserPreferences'.
server/repositories/UserPreferencesRepository.ts(3,54): error TS2305: Module '"@shared/schema"' has no exported member 'InsertUserPreferences'.
server/repositories/UserRepository.ts(3,44): error TS2724: '"@shared/schema"' has no exported member named 'UpsertUser'. Did you mean 'InsertUser'?
server/repositories/UserRepository.ts(78,13): error TS2353: Object literal may only specify known properties, and 'firstName' does not exist in type 'PgUpdateSetSource<PgTableWithColumns<{ name: "users"; schema: undefined; columns: { id: PgColumn<{ name: "id"; tableName: "users"; dataType: "string"; columnType: "PgVarchar"; data: string; driverParam: string; notNull: true; hasDefault: false; ... 6 more ...; generated: undefined; }, {}, { ...; }>; ... 8 more ...; ...'.
server/repositories/UserRepository.ts(198,14): error TS2322: Type '"admin" | "creator"' is not assignable to type '"admin" | "user" | "guest" | SQL<unknown> | PgColumn<ColumnBaseConfig<ColumnDataType, string>, {}, {}> | undefined'.
  Type '"creator"' is not assignable to type '"admin" | "user" | "guest" | SQL<unknown> | PgColumn<ColumnBaseConfig<ColumnDataType, string>, {}, {}> | undefined'.
server/repositories/WorkflowTemplateRepository.ts(3,57): error TS2724: '"@shared/schema"' has no exported member named 'InsertWorkflowTemplate'. Did you mean 'WorkflowTemplate'?
server/routes/admin.routes.ts(198,17): error TS2339: Property 'mfaEnabled' does not exist on type '{ email: string; id: string; name: string | null; avatarUrl: string | null; role: "admin" | "user" | "guest"; provider: "google" | "github" | "email"; defaultTenantId: string | null; createdAt: Date | null; updatedAt: Date | null; lastLoginAt: Date | null; }'.
server/routes/admin.routes.ts(261,27): error TS2339: Property 'firstName' does not exist on type '{ email: string; id: string; name: string | null; avatarUrl: string | null; role: "admin" | "user" | "guest"; provider: "google" | "github" | "email"; defaultTenantId: string | null; createdAt: Date | null; updatedAt: Date | null; lastLoginAt: Date | null; }'.
server/routes/admin.routes.ts(262,26): error TS2339: Property 'lastName' does not exist on type '{ email: string; id: string; name: string | null; avatarUrl: string | null; role: "admin" | "user" | "guest"; provider: "google" | "github" | "email"; defaultTenantId: string | null; createdAt: Date | null; updatedAt: Date | null; lastLoginAt: Date | null; }'.
server/routes/admin.routes.ts(303,29): error TS2339: Property 'firstName' does not exist on type '{ email: string; id: string; name: string | null; avatarUrl: string | null; role: "admin" | "user" | "guest"; provider: "google" | "github" | "email"; defaultTenantId: string | null; createdAt: Date | null; updatedAt: Date | null; lastLoginAt: Date | null; }'.
server/routes/admin.routes.ts(304,28): error TS2339: Property 'lastName' does not exist on type '{ email: string; id: string; name: string | null; avatarUrl: string | null; role: "admin" | "user" | "guest"; provider: "google" | "github" | "email"; defaultTenantId: string | null; createdAt: Date | null; updatedAt: Date | null; lastLoginAt: Date | null; }'.
server/routes/admin.ts(44,54): error TS2769: No overload matches this call.
  Overload 1 of 2, '(value: { name: string | SQL<unknown> | Placeholder<string, any>; slug: string | SQL<unknown> | Placeholder<string, any>; ownerId: string | SQL<unknown> | Placeholder<...>; ... 7 more ...; stripeCustomerId?: string | ... 3 more ... | undefined; }): PgInsertBase<...>', gave the following error.
    Object literal may only specify known properties, and 'domain' does not exist in type '{ name: string | SQL<unknown> | Placeholder<string, any>; slug: string | SQL<unknown> | Placeholder<string, any>; ownerId: string | SQL<unknown> | Placeholder<string, any>; ... 7 more ...; stripeCustomerId?: string | ... 3 more ... | undefined; }'.
  Overload 2 of 2, '(values: { name: string | SQL<unknown> | Placeholder<string, any>; slug: string | SQL<unknown> | Placeholder<string, any>; ownerId: string | SQL<unknown> | Placeholder<...>; ... 7 more ...; stripeCustomerId?: string | ... 3 more ... | undefined; }[]): PgInsertBase<...>', gave the following error.
    Object literal may only specify known properties, and 'name' does not exist in type '{ name: string | SQL<unknown> | Placeholder<string, any>; slug: string | SQL<unknown> | Placeholder<string, any>; ownerId: string | SQL<unknown> | Placeholder<string, any>; ... 7 more ...; stripeCustomerId?: string | ... 3 more ... | undefined; }[]'.
server/routes/admin.ts(53,37): error TS2769: No overload matches this call.
  Overload 1 of 2, '(value: { name: string | SQL<unknown> | Placeholder<string, any>; slug: string | SQL<unknown> | Placeholder<string, any>; organizationId: string | SQL<unknown> | Placeholder<...>; id?: string | ... 2 more ... | undefined; createdAt?: SQL<...> | ... 3 more ... | undefined; updatedAt?: SQL<...> | ... 3 more ... | undefined; }): PgInsertBase<...>', gave the following error.
    Object literal may only specify known properties, and 'tenantId' does not exist in type '{ name: string | SQL<unknown> | Placeholder<string, any>; slug: string | SQL<unknown> | Placeholder<string, any>; organizationId: string | SQL<unknown> | Placeholder<...>; id?: string | ... 2 more ... | undefined; createdAt?: SQL<...> | ... 3 more ... | undefined; updatedAt?: SQL<...> | ... 3 more ... | undefined; }'.
  Overload 2 of 2, '(values: { name: string | SQL<unknown> | Placeholder<string, any>; slug: string | SQL<unknown> | Placeholder<string, any>; organizationId: string | SQL<unknown> | Placeholder<...>; id?: string | ... 2 more ... | undefined; createdAt?: SQL<...> | ... 3 more ... | undefined; updatedAt?: SQL<...> | ... 3 more ... | undefined; }[]): PgInsertBase<...>', gave the following error.
    Object literal may only specify known properties, and 'organizationId' does not exist in type '{ name: string | SQL<unknown> | Placeholder<string, any>; slug: string | SQL<unknown> | Placeholder<string, any>; organizationId: string | SQL<unknown> | Placeholder<...>; id?: string | ... 2 more ... | undefined; createdAt?: SQL<...> | ... 3 more ... | undefined; updatedAt?: SQL<...> | ... 3 more ... | undefined; }[]'.
server/routes/api.ai.personalization.routes.ts(5,10): error TS2305: Module '"../../shared/schema"' has no exported member 'userPersonalizationSettings'.
server/routes/api.ai.personalization.routes.ts(5,39): error TS2305: Module '"../../shared/schema"' has no exported member 'workflowPersonalizationSettings'.
server/routes/auth.routes.ts(9,10): error TS2305: Module '"@shared/schema"' has no exported member 'refreshTokens'.
server/routes/auth.routes.ts(9,25): error TS2305: Module '"@shared/schema"' has no exported member 'trustedDevices'.
server/routes/auth.routes.ts(68,12): error TS2551: Property 'authProvider' does not exist on type '{ email: string; id: string; name: string | null; avatarUrl: string | null; role: "admin" | "user" | "guest"; provider: "google" | "github" | "email"; defaultTenantId: string | null; createdAt: Date | null; updatedAt: Date | null; lastLoginAt: Date | null; }'. Did you mean 'provider'?
server/routes/auth.routes.ts(69,46): error TS2551: Property 'authProvider' does not exist on type '{ email: string; id: string; name: string | null; avatarUrl: string | null; role: "admin" | "user" | "guest"; provider: "google" | "github" | "email"; defaultTenantId: string | null; createdAt: Date | null; updatedAt: Date | null; lastLoginAt: Date | null; }'. Did you mean 'provider'?
server/routes/auth.routes.ts(91,13): error TS2339: Property 'emailVerified' does not exist on type '{ email: string; id: string; name: string | null; avatarUrl: string | null; role: "admin" | "user" | "guest"; provider: "google" | "github" | "email"; defaultTenantId: string | null; createdAt: Date | null; updatedAt: Date | null; lastLoginAt: Date | null; }'.
server/routes/auth.routes.ts(110,12): error TS2339: Property 'tenantId' does not exist on type '{ email: string; id: string; name: string | null; avatarUrl: string | null; role: "admin" | "user" | "guest"; provider: "google" | "github" | "email"; defaultTenantId: string | null; createdAt: Date | null; updatedAt: Date | null; lastLoginAt: Date | null; }'.
server/routes/auth.routes.ts(112,34): error TS2339: Property 'tenantId' does not exist on type '{ email: string; id: string; name: string | null; avatarUrl: string | null; role: "admin" | "user" | "guest"; provider: "google" | "github" | "email"; defaultTenantId: string | null; createdAt: Date | null; updatedAt: Date | null; lastLoginAt: Date | null; }'.
server/routes/auth.routes.ts(119,13): error TS2339: Property 'mfaEnabled' does not exist on type '{ email: string; id: string; name: string | null; avatarUrl: string | null; role: "admin" | "user" | "guest"; provider: "google" | "github" | "email"; defaultTenantId: string | null; createdAt: Date | null; updatedAt: Date | null; lastLoginAt: Date | null; }'.
server/routes/auth.routes.ts(126,40): error TS2339: Property 'trustedDevices' does not exist on type '{ readonly users: RelationalQueryBuilder<ExtractTablesWithRelations<typeof import("C:/Users/scoot/poll/VaultLogic/shared/schema")>, { tsName: "users"; dbName: "users"; columns: { id: PgColumn<{ ...; }, {}, { ...; }>; ... 8 more ...; lastLoginAt: PgColumn<...>; }; relations: { ...; }; primaryKey: AnyColumn[]; }>; ......'.
server/routes/auth.routes.ts(176,23): error TS2339: Property 'firstName' does not exist on type '{ email: string; id: string; name: string | null; avatarUrl: string | null; role: "admin" | "user" | "guest"; provider: "google" | "github" | "email"; defaultTenantId: string | null; createdAt: Date | null; updatedAt: Date | null; lastLoginAt: Date | null; }'.
server/routes/auth.routes.ts(177,22): error TS2339: Property 'lastName' does not exist on type '{ email: string; id: string; name: string | null; avatarUrl: string | null; role: "admin" | "user" | "guest"; provider: "google" | "github" | "email"; defaultTenantId: string | null; createdAt: Date | null; updatedAt: Date | null; lastLoginAt: Date | null; }'.
server/routes/auth.routes.ts(178,22): error TS2339: Property 'tenantId' does not exist on type '{ email: string; id: string; name: string | null; avatarUrl: string | null; role: "admin" | "user" | "guest"; provider: "google" | "github" | "email"; defaultTenantId: string | null; createdAt: Date | null; updatedAt: Date | null; lastLoginAt: Date | null; }'.
server/routes/auth.routes.ts(181,24): error TS2339: Property 'tenantRole' does not exist on type '{ email: string; id: string; name: string | null; avatarUrl: string | null; role: "admin" | "user" | "guest"; provider: "google" | "github" | "email"; defaultTenantId: string | null; createdAt: Date | null; updatedAt: Date | null; lastLoginAt: Date | null; }'.
server/routes/auth.routes.ts(182,27): error TS2339: Property 'emailVerified' does not exist on type '{ email: string; id: string; name: string | null; avatarUrl: string | null; role: "admin" | "user" | "guest"; provider: "google" | "github" | "email"; defaultTenantId: string | null; createdAt: Date | null; updatedAt: Date | null; lastLoginAt: Date | null; }'.
server/routes/auth.routes.ts(183,24): error TS2339: Property 'mfaEnabled' does not exist on type '{ email: string; id: string; name: string | null; avatarUrl: string | null; role: "admin" | "user" | "guest"; provider: "google" | "github" | "email"; defaultTenantId: string | null; createdAt: Date | null; updatedAt: Date | null; lastLoginAt: Date | null; }'.
server/routes/auth.routes.ts(269,27): error TS2339: Property 'firstName' does not exist on type '{ email: string; id: string; name: string | null; avatarUrl: string | null; role: "admin" | "user" | "guest"; provider: "google" | "github" | "email"; defaultTenantId: string | null; createdAt: Date | null; updatedAt: Date | null; lastLoginAt: Date | null; }'.
server/routes/auth.routes.ts(270,26): error TS2339: Property 'lastName' does not exist on type '{ email: string; id: string; name: string | null; avatarUrl: string | null; role: "admin" | "user" | "guest"; provider: "google" | "github" | "email"; defaultTenantId: string | null; createdAt: Date | null; updatedAt: Date | null; lastLoginAt: Date | null; }'.
server/routes/auth.routes.ts(271,26): error TS2339: Property 'tenantId' does not exist on type '{ email: string; id: string; name: string | null; avatarUrl: string | null; role: "admin" | "user" | "guest"; provider: "google" | "github" | "email"; defaultTenantId: string | null; createdAt: Date | null; updatedAt: Date | null; lastLoginAt: Date | null; }'.
server/routes/auth.routes.ts(272,22): error TS2339: Property 'tenantRole' does not exist on type '{ email: string; id: string; name: string | null; avatarUrl: string | null; role: "admin" | "user" | "guest"; provider: "google" | "github" | "email"; defaultTenantId: string | null; createdAt: Date | null; updatedAt: Date | null; lastLoginAt: Date | null; }'.
server/routes/auth.routes.ts(273,31): error TS2339: Property 'emailVerified' does not exist on type '{ email: string; id: string; name: string | null; avatarUrl: string | null; role: "admin" | "user" | "guest"; provider: "google" | "github" | "email"; defaultTenantId: string | null; createdAt: Date | null; updatedAt: Date | null; lastLoginAt: Date | null; }'.
server/routes/auth.routes.ts(429,28): error TS2339: Property 'tenantRole' does not exist on type '{ email: string; id: string; name: string | null; avatarUrl: string | null; role: "admin" | "user" | "guest"; provider: "google" | "github" | "email"; defaultTenantId: string | null; createdAt: Date | null; updatedAt: Date | null; lastLoginAt: Date | null; }'.
server/routes/auth.routes.ts(469,51): error TS2339: Property 'firstName' does not exist on type '{ email: string; id: string; name: string | null; avatarUrl: string | null; role: "admin" | "user" | "guest"; provider: "google" | "github" | "email"; defaultTenantId: string | null; createdAt: Date | null; updatedAt: Date | null; lastLoginAt: Date | null; }'.
server/routes/auth.routes.ts(469,67): error TS2339: Property 'lastName' does not exist on type '{ email: string; id: string; name: string | null; avatarUrl: string | null; role: "admin" | "user" | "guest"; provider: "google" | "github" | "email"; defaultTenantId: string | null; createdAt: Date | null; updatedAt: Date | null; lastLoginAt: Date | null; }'.
server/routes/auth.routes.ts(521,16): error TS2339: Property 'emailVerified' does not exist on type '{ email: string; id: string; name: string | null; avatarUrl: string | null; role: "admin" | "user" | "guest"; provider: "google" | "github" | "email"; defaultTenantId: string | null; createdAt: Date | null; updatedAt: Date | null; lastLoginAt: Date | null; }'.
server/routes/auth.routes.ts(549,25): error TS2339: Property 'firstName' does not exist on type '{ email: string; id: string; name: string | null; avatarUrl: string | null; role: "admin" | "user" | "guest"; provider: "google" | "github" | "email"; defaultTenantId: string | null; createdAt: Date | null; updatedAt: Date | null; lastLoginAt: Date | null; }'.
server/routes/auth.routes.ts(550,24): error TS2339: Property 'lastName' does not exist on type '{ email: string; id: string; name: string | null; avatarUrl: string | null; role: "admin" | "user" | "guest"; provider: "google" | "github" | "email"; defaultTenantId: string | null; createdAt: Date | null; updatedAt: Date | null; lastLoginAt: Date | null; }'.
server/routes/auth.routes.ts(551,24): error TS2339: Property 'fullName' does not exist on type '{ email: string; id: string; name: string | null; avatarUrl: string | null; role: "admin" | "user" | "guest"; provider: "google" | "github" | "email"; defaultTenantId: string | null; createdAt: Date | null; updatedAt: Date | null; lastLoginAt: Date | null; }'.
server/routes/auth.routes.ts(552,31): error TS2339: Property 'profileImageUrl' does not exist on type '{ email: string; id: string; name: string | null; avatarUrl: string | null; role: "admin" | "user" | "guest"; provider: "google" | "github" | "email"; defaultTenantId: string | null; createdAt: Date | null; updatedAt: Date | null; lastLoginAt: Date | null; }'.
server/routes/auth.routes.ts(553,24): error TS2339: Property 'tenantId' does not exist on type '{ email: string; id: string; name: string | null; avatarUrl: string | null; role: "admin" | "user" | "guest"; provider: "google" | "github" | "email"; defaultTenantId: string | null; createdAt: Date | null; updatedAt: Date | null; lastLoginAt: Date | null; }'.
server/routes/auth.routes.ts(555,26): error TS2339: Property 'tenantRole' does not exist on type '{ email: string; id: string; name: string | null; avatarUrl: string | null; role: "admin" | "user" | "guest"; provider: "google" | "github" | "email"; defaultTenantId: string | null; createdAt: Date | null; updatedAt: Date | null; lastLoginAt: Date | null; }'.
server/routes/auth.routes.ts(556,28): error TS2551: Property 'authProvider' does not exist on type '{ email: string; id: string; name: string | null; avatarUrl: string | null; role: "admin" | "user" | "guest"; provider: "google" | "github" | "email"; defaultTenantId: string | null; createdAt: Date | null; updatedAt: Date | null; lastLoginAt: Date | null; }'. Did you mean 'provider'?
server/routes/auth.routes.ts(557,27): error TS2339: Property 'defaultMode' does not exist on type '{ email: string; id: string; name: string | null; avatarUrl: string | null; role: "admin" | "user" | "guest"; provider: "google" | "github" | "email"; defaultTenantId: string | null; createdAt: Date | null; updatedAt: Date | null; lastLoginAt: Date | null; }'.
server/routes/auth.routes.ts(637,16): error TS2339: Property 'mfaEnabled' does not exist on type '{ email: string; id: string; name: string | null; avatarUrl: string | null; role: "admin" | "user" | "guest"; provider: "google" | "github" | "email"; defaultTenantId: string | null; createdAt: Date | null; updatedAt: Date | null; lastLoginAt: Date | null; }'.
server/routes/auth.routes.ts(771,27): error TS2339: Property 'firstName' does not exist on type '{ email: string; id: string; name: string | null; avatarUrl: string | null; role: "admin" | "user" | "guest"; provider: "google" | "github" | "email"; defaultTenantId: string | null; createdAt: Date | null; updatedAt: Date | null; lastLoginAt: Date | null; }'.
server/routes/auth.routes.ts(772,26): error TS2339: Property 'lastName' does not exist on type '{ email: string; id: string; name: string | null; avatarUrl: string | null; role: "admin" | "user" | "guest"; provider: "google" | "github" | "email"; defaultTenantId: string | null; createdAt: Date | null; updatedAt: Date | null; lastLoginAt: Date | null; }'.
server/routes/auth.routes.ts(773,26): error TS2339: Property 'tenantId' does not exist on type '{ email: string; id: string; name: string | null; avatarUrl: string | null; role: "admin" | "user" | "guest"; provider: "google" | "github" | "email"; defaultTenantId: string | null; createdAt: Date | null; updatedAt: Date | null; lastLoginAt: Date | null; }'.
server/routes/auth.routes.ts(774,22): error TS2339: Property 'tenantRole' does not exist on type '{ email: string; id: string; name: string | null; avatarUrl: string | null; role: "admin" | "user" | "guest"; provider: "google" | "github" | "email"; defaultTenantId: string | null; createdAt: Date | null; updatedAt: Date | null; lastLoginAt: Date | null; }'.
server/routes/auth.routes.ts(775,31): error TS2339: Property 'emailVerified' does not exist on type '{ email: string; id: string; name: string | null; avatarUrl: string | null; role: "admin" | "user" | "guest"; provider: "google" | "github" | "email"; defaultTenantId: string | null; createdAt: Date | null; updatedAt: Date | null; lastLoginAt: Date | null; }'.
server/routes/auth.routes.ts(776,28): error TS2339: Property 'mfaEnabled' does not exist on type '{ email: string; id: string; name: string | null; avatarUrl: string | null; role: "admin" | "user" | "guest"; provider: "google" | "github" | "email"; defaultTenantId: string | null; createdAt: Date | null; updatedAt: Date | null; lastLoginAt: Date | null; }'.
server/routes/auth.routes.ts(825,16): error TS2551: Property 'authProvider' does not exist on type '{ email: string; id: string; name: string | null; avatarUrl: string | null; role: "admin" | "user" | "guest"; provider: "google" | "github" | "email"; defaultTenantId: string | null; createdAt: Date | null; updatedAt: Date | null; lastLoginAt: Date | null; }'. Did you mean 'provider'?
server/routes/auth.routes.ts(869,18): error TS2339: Property 'mfaEnabled' does not exist on type '{ email: string; id: string; name: string | null; avatarUrl: string | null; role: "admin" | "user" | "guest"; provider: "google" | "github" | "email"; defaultTenantId: string | null; createdAt: Date | null; updatedAt: Date | null; lastLoginAt: Date | null; }'.
server/routes/auth.routes.ts(906,39): error TS2339: Property 'refreshTokens' does not exist on type '{ readonly users: RelationalQueryBuilder<ExtractTablesWithRelations<typeof import("C:/Users/scoot/poll/VaultLogic/shared/schema")>, { tsName: "users"; dbName: "users"; columns: { id: PgColumn<{ ...; }, {}, { ...; }>; ... 8 more ...; lastLoginAt: PgColumn<...>; }; relations: { ...; }; primaryKey: AnyColumn[]; }>; ......'.
server/routes/auth.routes.ts(915,46): error TS7006: Parameter 'session' implicitly has an 'any' type.
server/routes/auth.routes.ts(1004,38): error TS2339: Property 'refreshTokens' does not exist on type '{ readonly users: RelationalQueryBuilder<ExtractTablesWithRelations<typeof import("C:/Users/scoot/poll/VaultLogic/shared/schema")>, { tsName: "users"; dbName: "users"; columns: { id: PgColumn<{ ...; }, {}, { ...; }>; ... 8 more ...; lastLoginAt: PgColumn<...>; }; relations: { ...; }; primaryKey: AnyColumn[]; }>; ......'.
server/routes/auth.routes.ts(1057,39): error TS2339: Property 'trustedDevices' does not exist on type '{ readonly users: RelationalQueryBuilder<ExtractTablesWithRelations<typeof import("C:/Users/scoot/poll/VaultLogic/shared/schema")>, { tsName: "users"; dbName: "users"; columns: { id: PgColumn<{ ...; }, {}, { ...; }>; ... 8 more ...; lastLoginAt: PgColumn<...>; }; relations: { ...; }; primaryKey: AnyColumn[]; }>; ......'.
server/routes/auth.routes.ts(1109,38): error TS2339: Property 'trustedDevices' does not exist on type '{ readonly users: RelationalQueryBuilder<ExtractTablesWithRelations<typeof import("C:/Users/scoot/poll/VaultLogic/shared/schema")>, { tsName: "users"; dbName: "users"; columns: { id: PgColumn<{ ...; }, {}, { ...; }>; ... 8 more ...; lastLoginAt: PgColumn<...>; }; relations: { ...; }; primaryKey: AnyColumn[]; }>; ......'.
server/routes/auth.routes.ts(1120,44): error TS7006: Parameter 'device' implicitly has an 'any' type.
server/routes/auth.routes.ts(1158,37): error TS2339: Property 'trustedDevices' does not exist on type '{ readonly users: RelationalQueryBuilder<ExtractTablesWithRelations<typeof import("C:/Users/scoot/poll/VaultLogic/shared/schema")>, { tsName: "users"; dbName: "users"; columns: { id: PgColumn<{ ...; }, {}, { ...; }>; ... 8 more ...; lastLoginAt: PgColumn<...>; }; relations: { ...; }; primaryKey: AnyColumn[]; }>; ......'.
server/routes/public.routes.ts(70,51): error TS2339: Property 'workspaceId' does not exist on type '{ id: string; name: string | null; createdAt: Date | null; updatedAt: Date | null; slug: string | null; ownerId: string | null; description: string | null; status: "active" | "archived" | "draft"; ... 12 more ...; sourceBlueprintId: string | null; }'.
server/routes/sharing.ts(7,10): error TS2305: Module '"@shared/schema"' has no exported member 'workspaceMembers'.
server/routes/sharing.ts(7,28): error TS2305: Module '"@shared/schema"' has no exported member 'workspaceInvitations'.
server/routes/sharing.ts(7,57): error TS2305: Module '"@shared/schema"' has no exported member 'resourcePermissions'.
server/routes/sharing.ts(25,36): error TS2339: Property 'workspaceMembers' does not exist on type '{ readonly users: RelationalQueryBuilder<ExtractTablesWithRelations<typeof import("C:/Users/scoot/poll/VaultLogic/shared/schema")>, { tsName: "users"; dbName: "users"; columns: { id: PgColumn<{ ...; }, {}, { ...; }>; ... 8 more ...; lastLoginAt: PgColumn<...>; }; relations: { ...; }; primaryKey: AnyColumn[]; }>; ......'.
server/routes/sharing.ts(49,41): error TS2339: Property 'workspaceMembers' does not exist on type '{ readonly users: RelationalQueryBuilder<ExtractTablesWithRelations<typeof import("C:/Users/scoot/poll/VaultLogic/shared/schema")>, { tsName: "users"; dbName: "users"; columns: { id: PgColumn<{ ...; }, {}, { ...; }>; ... 8 more ...; lastLoginAt: PgColumn<...>; }; relations: { ...; }; primaryKey: AnyColumn[]; }>; ......'.
server/routes/tenant.routes.ts(55,30): error TS2339: Property 'billingEmail' does not exist on type '{ id: string; name: string; slug: string; plan: "free" | "pro" | "enterprise"; ownerId: string; settings: unknown; domainVerificationToken: string | null; customDomain: string | null; mfaRequired: boolean | null; createdAt: Date | null; updatedAt: Date | null; }'.
server/routes/tenant.routes.ts(93,30): error TS2339: Property 'billingEmail' does not exist on type '{ id: string; name: string; slug: string; plan: "free" | "pro" | "enterprise"; ownerId: string; settings: unknown; domainVerificationToken: string | null; customDomain: string | null; mfaRequired: boolean | null; createdAt: Date | null; updatedAt: Date | null; }'.
server/routes/tenant.routes.ts(146,39): error TS2339: Property 'billingEmail' does not exist on type '{ id: string; name: string; slug: string; plan: "free" | "pro" | "enterprise"; ownerId: string; settings: unknown; domainVerificationToken: string | null; customDomain: string | null; mfaRequired: boolean | null; createdAt: Date | null; updatedAt: Date | null; }'.
server/routes/tenant.routes.ts(173,28): error TS2339: Property 'firstName' does not exist on type 'PgTableWithColumns<{ name: "users"; schema: undefined; columns: { id: PgColumn<{ name: "id"; tableName: "users"; dataType: "string"; columnType: "PgVarchar"; data: string; driverParam: string; notNull: true; hasDefault: false; ... 6 more ...; generated: undefined; }, {}, { ...; }>; ... 8 more ...; lastLoginAt: PgCol...'.
server/routes/tenant.routes.ts(174,27): error TS2339: Property 'lastName' does not exist on type 'PgTableWithColumns<{ name: "users"; schema: undefined; columns: { id: PgColumn<{ name: "id"; tableName: "users"; dataType: "string"; columnType: "PgVarchar"; data: string; driverParam: string; notNull: true; hasDefault: false; ... 6 more ...; generated: undefined; }, {}, { ...; }>; ... 8 more ...; lastLoginAt: PgCol...'.
server/routes/tenant.routes.ts(175,27): error TS2339: Property 'fullName' does not exist on type 'PgTableWithColumns<{ name: "users"; schema: undefined; columns: { id: PgColumn<{ name: "id"; tableName: "users"; dataType: "string"; columnType: "PgVarchar"; data: string; driverParam: string; notNull: true; hasDefault: false; ... 6 more ...; generated: undefined; }, {}, { ...; }>; ... 8 more ...; lastLoginAt: PgCol...'.
server/routes/tenant.routes.ts(176,34): error TS2339: Property 'profileImageUrl' does not exist on type 'PgTableWithColumns<{ name: "users"; schema: undefined; columns: { id: PgColumn<{ name: "id"; tableName: "users"; dataType: "string"; columnType: "PgVarchar"; data: string; driverParam: string; notNull: true; hasDefault: false; ... 6 more ...; generated: undefined; }, {}, { ...; }>; ... 8 more ...; lastLoginAt: PgCol...'.
server/routes/tenant.routes.ts(177,23): error TS2339: Property 'tenantRole' does not exist on type 'PgTableWithColumns<{ name: "users"; schema: undefined; columns: { id: PgColumn<{ name: "id"; tableName: "users"; dataType: "string"; columnType: "PgVarchar"; data: string; driverParam: string; notNull: true; hasDefault: false; ... 6 more ...; generated: undefined; }, {}, { ...; }>; ... 8 more ...; lastLoginAt: PgCol...'.
server/routes/tenant.routes.ts(178,31): error TS2551: Property 'authProvider' does not exist on type 'PgTableWithColumns<{ name: "users"; schema: undefined; columns: { id: PgColumn<{ name: "id"; tableName: "users"; dataType: "string"; columnType: "PgVarchar"; data: string; driverParam: string; notNull: true; hasDefault: false; ... 6 more ...; generated: undefined; }, {}, { ...; }>; ... 8 more ...; lastLoginAt: PgCol...'. Did you mean 'provider'?
server/routes/tenant.routes.ts(182,25): error TS2339: Property 'tenantId' does not exist on type 'PgTableWithColumns<{ name: "users"; schema: undefined; columns: { id: PgColumn<{ name: "id"; tableName: "users"; dataType: "string"; columnType: "PgVarchar"; data: string; driverParam: string; notNull: true; hasDefault: false; ... 6 more ...; generated: undefined; }, {}, { ...; }>; ... 8 more ...; lastLoginAt: PgCol...'.
server/routes/tenant.routes.ts(244,10): error TS2769: No overload matches this call.
  Overload 1 of 2, '(value: { name: string | SQL<unknown> | Placeholder<string, any>; slug: string | SQL<unknown> | Placeholder<string, any>; ownerId: string | SQL<unknown> | Placeholder<...>; ... 7 more ...; mfaRequired?: boolean | ... 3 more ... | undefined; }): PgInsertBase<...>', gave the following error.
    Object literal may only specify known properties, and 'billingEmail' does not exist in type '{ name: string | SQL<unknown> | Placeholder<string, any>; slug: string | SQL<unknown> | Placeholder<string, any>; ownerId: string | SQL<unknown> | Placeholder<string, any>; ... 7 more ...; mfaRequired?: boolean | ... 3 more ... | undefined; }'.
  Overload 2 of 2, '(values: { name: string | SQL<unknown> | Placeholder<string, any>; slug: string | SQL<unknown> | Placeholder<string, any>; ownerId: string | SQL<unknown> | Placeholder<...>; ... 7 more ...; mfaRequired?: boolean | ... 3 more ... | undefined; }[]): PgInsertBase<...>', gave the following error.
    Object literal may only specify known properties, and 'name' does not exist in type '{ name: string | SQL<unknown> | Placeholder<string, any>; slug: string | SQL<unknown> | Placeholder<string, any>; ownerId: string | SQL<unknown> | Placeholder<string, any>; ... 7 more ...; mfaRequired?: boolean | ... 3 more ... | undefined; }[]'.
server/routes/tenant.routes.ts(254,11): error TS2353: Object literal may only specify known properties, and 'tenantId' does not exist in type 'Partial<{ email: string; id: string; name: string | null; avatarUrl: string | null; role: "admin" | "user" | "guest"; provider: "google" | "github" | "email"; defaultTenantId: string | null; createdAt: Date | null; updatedAt: Date | null; lastLoginAt: Date | null; }>'.
server/routes/tenant.routes.ts(266,35): error TS2339: Property 'billingEmail' does not exist on type '{ id: string; name: string; createdAt: Date | null; updatedAt: Date | null; slug: string; plan: "free" | "pro" | "enterprise"; ownerId: string; settings: unknown; domainVerificationToken: string | null; customDomain: string | null; mfaRequired: boolean | null; }'.
server/routes/tenant.routes.ts(302,11): error TS2353: Object literal may only specify known properties, and 'tenantRole' does not exist in type '{ email?: string | SQL<unknown> | PgColumn<ColumnBaseConfig<ColumnDataType, string>, {}, {}> | undefined; id?: string | SQL<unknown> | PgColumn<...> | undefined; ... 7 more ...; lastLoginAt?: SQL<...> | ... 3 more ... | undefined; }'.
server/routes/tenant.routes.ts(316,23): error TS2339: Property 'tenantId' does not exist on type '{ id: string; email: string; name: string | null; avatarUrl: string | null; role: "admin" | "user" | "guest"; provider: "google" | "github" | "email"; defaultTenantId: string | null; createdAt: Date | null; updatedAt: Date | null; lastLoginAt: Date | null; }'.
server/routes/tenant.routes.ts(330,34): error TS2339: Property 'firstName' does not exist on type '{ id: string; email: string; name: string | null; avatarUrl: string | null; role: "admin" | "user" | "guest"; provider: "google" | "github" | "email"; defaultTenantId: string | null; createdAt: Date | null; updatedAt: Date | null; lastLoginAt: Date | null; }'.
server/routes/tenant.routes.ts(331,33): error TS2339: Property 'lastName' does not exist on type '{ id: string; email: string; name: string | null; avatarUrl: string | null; role: "admin" | "user" | "guest"; provider: "google" | "github" | "email"; defaultTenantId: string | null; createdAt: Date | null; updatedAt: Date | null; lastLoginAt: Date | null; }'.
server/routes/tenant.routes.ts(332,29): error TS2339: Property 'tenantRole' does not exist on type '{ id: string; email: string; name: string | null; avatarUrl: string | null; role: "admin" | "user" | "guest"; provider: "google" | "github" | "email"; defaultTenantId: string | null; createdAt: Date | null; updatedAt: Date | null; lastLoginAt: Date | null; }'.
server/services/AccountLockoutService.ts(3,10): error TS2305: Module '"@shared/schema"' has no exported member 'loginAttempts'.
server/services/AccountLockoutService.ts(3,25): error TS2305: Module '"@shared/schema"' has no exported member 'accountLocks'.
server/services/AccountLockoutService.ts(46,58): error TS2339: Property 'loginAttempts' does not exist on type '{ readonly users: RelationalQueryBuilder<ExtractTablesWithRelations<typeof import("C:/Users/scoot/poll/VaultLogic/shared/schema")>, { tsName: "users"; dbName: "users"; columns: { id: PgColumn<{ ...; }, {}, { ...; }>; ... 8 more ...; lastLoginAt: PgColumn<...>; }; relations: { ...; }; primaryKey: AnyColumn[]; }>; ......'.
server/services/AccountLockoutService.ts(81,48): error TS2339: Property 'accountLocks' does not exist on type '{ readonly users: RelationalQueryBuilder<ExtractTablesWithRelations<typeof import("C:/Users/scoot/poll/VaultLogic/shared/schema")>, { tsName: "users"; dbName: "users"; columns: { id: PgColumn<{ ...; }, {}, { ...; }>; ... 8 more ...; lastLoginAt: PgColumn<...>; }; relations: { ...; }; primaryKey: AnyColumn[]; }>; ......'.
server/services/AccountLockoutService.ts(87,23): error TS7006: Parameter 'accountLocks' implicitly has an 'any' type.
server/services/AccountLockoutService.ts(87,39): error TS7031: Binding element 'desc' implicitly has an 'any' type.
server/services/AccountService.ts(27,26): error TS2339: Property 'defaultMode' does not exist on type '{ email: string; id: string; name: string | null; avatarUrl: string | null; role: "admin" | "user" | "guest"; provider: "google" | "github" | "email"; defaultTenantId: string | null; createdAt: Date | null; updatedAt: Date | null; lastLoginAt: Date | null; }'.
server/services/AclService.ts(1,15): error TS2305: Module '"@shared/schema"' has no exported member 'AccessRole'.
server/services/AiSettingsService.ts(3,10): error TS2305: Module '"@shared/schema"' has no exported member 'aiSettings'.
server/services/AiSettingsService.ts(51,25): error TS2339: Property 'aiSettings' does not exist on type '{ readonly users: RelationalQueryBuilder<ExtractTablesWithRelations<typeof import("C:/Users/scoot/poll/VaultLogic/shared/schema")>, { tsName: "users"; dbName: "users"; columns: { id: PgColumn<{ ...; }, {}, { ...; }>; ... 8 more ...; lastLoginAt: PgColumn<...>; }; relations: { ...; }; primaryKey: AnyColumn[]; }>; ......'.
server/services/AuditLogService.ts(95,58): error TS2769: No overload matches this call.
  Overload 1 of 2, '(value: { tenantId: string | SQL<unknown> | Placeholder<string, any>; action: string | SQL<unknown> | Placeholder<string, any>; entityType: string | SQL<unknown> | Placeholder<...>; ... 6 more ...; userAgent?: string | ... 3 more ... | undefined; }): PgInsertBase<...>', gave the following error.
    Argument of type '{ workspaceId: string | SQL<unknown>; userId: string; action: SecurityEventType; resourceType: string; resourceId: string; changes: { metadata: SecurityEventMetadata; } | null; ipAddress: string | null; userAgent: string | null; timestamp: Date; }' is not assignable to parameter of type '{ tenantId: string | SQL<unknown> | Placeholder<string, any>; action: string | SQL<unknown> | Placeholder<string, any>; entityType: string | SQL<unknown> | Placeholder<...>; ... 6 more ...; userAgent?: string | ... 3 more ... | undefined; }'.
      Type '{ workspaceId: string | SQL<unknown>; userId: string; action: SecurityEventType; resourceType: string; resourceId: string; changes: { metadata: SecurityEventMetadata; } | null; ipAddress: string | null; userAgent: string | null; timestamp: Date; }' is missing the following properties from type '{ tenantId: string | SQL<unknown> | Placeholder<string, any>; action: string | SQL<unknown> | Placeholder<string, any>; entityType: string | SQL<unknown> | Placeholder<...>; ... 6 more ...; userAgent?: string | ... 3 more ... | undefined; }': tenantId, entityType, entityId
  Overload 2 of 2, '(values: { tenantId: string | SQL<unknown> | Placeholder<string, any>; action: string | SQL<unknown> | Placeholder<string, any>; entityType: string | SQL<unknown> | Placeholder<...>; ... 6 more ...; userAgent?: string | ... 3 more ... | undefined; }[]): PgInsertBase<...>', gave the following error.
    Argument of type '{ workspaceId: string | SQL<unknown>; userId: string; action: SecurityEventType; resourceType: string; resourceId: string; changes: { metadata: SecurityEventMetadata; } | null; ipAddress: string | null; userAgent: string | null; timestamp: Date; }' is not assignable to parameter of type '{ tenantId: string | SQL<unknown> | Placeholder<string, any>; action: string | SQL<unknown> | Placeholder<string, any>; entityType: string | SQL<unknown> | Placeholder<...>; ... 6 more ...; userAgent?: string | ... 3 more ... | undefined; }[]'.
      Type '{ workspaceId: string | SQL<unknown>; userId: string; action: SecurityEventType; resourceType: string; resourceId: string; changes: { metadata: SecurityEventMetadata; } | null; ipAddress: string | null; userAgent: string | null; timestamp: Date; }' is missing the following properties from type '{ tenantId: string | SQL<unknown> | Placeholder<string, any>; action: string | SQL<unknown> | Placeholder<string, any>; entityType: string | SQL<unknown> | Placeholder<...>; ... 6 more ...; userAgent?: string | ... 3 more ... | undefined; }[]': length, pop, push, concat, and 35 more.
server/services/AuditLogService.ts(370,26): error TS2339: Property 'resourceType' does not exist on type 'PgTableWithColumns<{ name: "audit_logs"; schema: undefined; columns: { id: PgColumn<{ name: "id"; tableName: "audit_logs"; dataType: "string"; columnType: "PgUUID"; data: string; driverParam: string; notNull: true; hasDefault: true; ... 6 more ...; generated: undefined; }, {}, {}>; ... 8 more ...; createdAt: PgColum...'.
server/services/AuditLogService.ts(373,33): error TS2339: Property 'timestamp' does not exist on type 'PgTableWithColumns<{ name: "audit_logs"; schema: undefined; columns: { id: PgColumn<{ name: "id"; tableName: "audit_logs"; dataType: "string"; columnType: "PgUUID"; data: string; driverParam: string; notNull: true; hasDefault: true; ... 6 more ...; generated: undefined; }, {}, {}>; ... 8 more ...; createdAt: PgColum...'.
server/services/AuditLogService.ts(385,28): error TS2339: Property 'resourceType' does not exist on type 'PgTableWithColumns<{ name: "audit_logs"; schema: undefined; columns: { id: PgColumn<{ name: "id"; tableName: "audit_logs"; dataType: "string"; columnType: "PgUUID"; data: string; driverParam: string; notNull: true; hasDefault: true; ... 6 more ...; generated: undefined; }, {}, {}>; ... 8 more ...; createdAt: PgColum...'.
server/services/AuditLogService.ts(389,35): error TS2339: Property 'timestamp' does not exist on type 'PgTableWithColumns<{ name: "audit_logs"; schema: undefined; columns: { id: PgColumn<{ name: "id"; tableName: "audit_logs"; dataType: "string"; columnType: "PgUUID"; data: string; driverParam: string; notNull: true; hasDefault: true; ... 6 more ...; generated: undefined; }, {}, {}>; ... 8 more ...; createdAt: PgColum...'.
server/services/AuditLogService.ts(436,26): error TS2339: Property 'resourceType' does not exist on type 'PgTableWithColumns<{ name: "audit_logs"; schema: undefined; columns: { id: PgColumn<{ name: "id"; tableName: "audit_logs"; dataType: "string"; columnType: "PgUUID"; data: string; driverParam: string; notNull: true; hasDefault: true; ... 6 more ...; generated: undefined; }, {}, {}>; ... 8 more ...; createdAt: PgColum...'.
server/services/AuditLogService.ts(447,28): error TS2339: Property 'resourceType' does not exist on type 'PgTableWithColumns<{ name: "audit_logs"; schema: undefined; columns: { id: PgColumn<{ name: "id"; tableName: "audit_logs"; dataType: "string"; columnType: "PgUUID"; data: string; driverParam: string; notNull: true; hasDefault: true; ... 6 more ...; generated: undefined; }, {}, {}>; ... 8 more ...; createdAt: PgColum...'.
server/services/AuditLogService.ts(481,29): error TS2339: Property 'resourceType' does not exist on type 'PgTableWithColumns<{ name: "audit_logs"; schema: undefined; columns: { id: PgColumn<{ name: "id"; tableName: "audit_logs"; dataType: "string"; columnType: "PgUUID"; data: string; driverParam: string; notNull: true; hasDefault: true; ... 6 more ...; generated: undefined; }, {}, {}>; ... 8 more ...; createdAt: PgColum...'.
server/services/AuditLogService.ts(482,33): error TS2339: Property 'timestamp' does not exist on type 'PgTableWithColumns<{ name: "audit_logs"; schema: undefined; columns: { id: PgColumn<{ name: "id"; tableName: "audit_logs"; dataType: "string"; columnType: "PgUUID"; data: string; driverParam: string; notNull: true; hasDefault: true; ... 6 more ...; generated: undefined; }, {}, {}>; ... 8 more ...; createdAt: PgColum...'.
server/services/AuthService.ts(9,5): error TS2305: Module '"@shared/schema"' has no exported member 'refreshTokens'.
server/services/AuthService.ts(10,5): error TS2305: Module '"@shared/schema"' has no exported member 'passwordResetTokens'.
server/services/AuthService.ts(11,5): error TS2305: Module '"@shared/schema"' has no exported member 'emailVerificationTokens'.
server/services/AuthService.ts(125,32): error TS2339: Property 'tenantId' does not exist on type '{ email: string; id: string; name: string | null; avatarUrl: string | null; role: "admin" | "user" | "guest"; provider: "google" | "github" | "email"; defaultTenantId: string | null; createdAt: Date | null; updatedAt: Date | null; lastLoginAt: Date | null; }'.
server/services/AuthService.ts(126,17): error TS2322: Type '"admin" | "user" | "guest"' is not assignable to type '"admin" | "owner" | "builder" | "runner" | "viewer" | "creator" | null'.
  Type '"user"' is not assignable to type '"admin" | "owner" | "builder" | "runner" | "viewer" | "creator" | null'.
server/services/AuthService.ts(127,34): error TS2339: Property 'tenantRole' does not exist on type '{ email: string; id: string; name: string | null; avatarUrl: string | null; role: "admin" | "user" | "guest"; provider: "google" | "github" | "email"; defaultTenantId: string | null; createdAt: Date | null; updatedAt: Date | null; lastLoginAt: Date | null; }'.
server/services/AuthService.ts(442,49): error TS2339: Property 'refreshTokens' does not exist on type '{ readonly users: RelationalQueryBuilder<ExtractTablesWithRelations<typeof import("C:/Users/scoot/poll/VaultLogic/shared/schema")>, { tsName: "users"; dbName: "users"; columns: { id: PgColumn<{ ...; }, {}, { ...; }>; ... 8 more ...; lastLoginAt: PgColumn<...>; }; relations: { ...; }; primaryKey: AnyColumn[]; }>; ......'.
server/services/AuthService.ts(513,49): error TS2339: Property 'refreshTokens' does not exist on type '{ readonly users: RelationalQueryBuilder<ExtractTablesWithRelations<typeof import("C:/Users/scoot/poll/VaultLogic/shared/schema")>, { tsName: "users"; dbName: "users"; columns: { id: PgColumn<{ ...; }, {}, { ...; }>; ... 8 more ...; lastLoginAt: PgColumn<...>; }; relations: { ...; }; primaryKey: AnyColumn[]; }>; ......'.
server/services/AuthService.ts(559,49): error TS2339: Property 'passwordResetTokens' does not exist on type '{ readonly users: RelationalQueryBuilder<ExtractTablesWithRelations<typeof import("C:/Users/scoot/poll/VaultLogic/shared/schema")>, { tsName: "users"; dbName: "users"; columns: { id: PgColumn<{ ...; }, {}, { ...; }>; ... 8 more ...; lastLoginAt: PgColumn<...>; }; relations: { ...; }; primaryKey: AnyColumn[]; }>; ......'.
server/services/AuthService.ts(601,49): error TS2339: Property 'emailVerificationTokens' does not exist on type '{ readonly users: RelationalQueryBuilder<ExtractTablesWithRelations<typeof import("C:/Users/scoot/poll/VaultLogic/shared/schema")>, { tsName: "users"; dbName: "users"; columns: { id: PgColumn<{ ...; }, {}, { ...; }>; ... 8 more ...; lastLoginAt: PgColumn<...>; }; relations: { ...; }; primaryKey: AnyColumn[]; }>; ......'.
server/services/AuthService.ts(611,20): error TS2353: Object literal may only specify known properties, and 'emailVerified' does not exist in type '{ email?: string | SQL<unknown> | PgColumn<ColumnBaseConfig<ColumnDataType, string>, {}, {}> | undefined; id?: string | SQL<unknown> | PgColumn<...> | undefined; ... 7 more ...; lastLoginAt?: SQL<...> | ... 3 more ... | undefined; }'.
server/services/blockRunners/CollectionBlockRunner.ts(316,22): error TS2339: Property 'tenantId' does not exist on type '{ email: string; id: string; name: string | null; avatarUrl: string | null; role: "admin" | "user" | "guest"; provider: "google" | "github" | "email"; defaultTenantId: string | null; createdAt: Date | null; updatedAt: Date | null; lastLoginAt: Date | null; }'.
server/services/blockRunners/CollectionBlockRunner.ts(317,26): error TS2339: Property 'tenantId' does not exist on type '{ email: string; id: string; name: string | null; avatarUrl: string | null; role: "admin" | "user" | "guest"; provider: "google" | "github" | "email"; defaultTenantId: string | null; createdAt: Date | null; updatedAt: Date | null; lastLoginAt: Date | null; }'.
server/services/blockRunners/ExternalSendBlockRunner.ts(84,22): error TS2339: Property 'tenantId' does not exist on type '{ email: string; id: string; name: string | null; avatarUrl: string | null; role: "admin" | "user" | "guest"; provider: "google" | "github" | "email"; defaultTenantId: string | null; createdAt: Date | null; updatedAt: Date | null; lastLoginAt: Date | null; }'.
server/services/blockRunners/ExternalSendBlockRunner.ts(85,26): error TS2339: Property 'tenantId' does not exist on type '{ email: string; id: string; name: string | null; avatarUrl: string | null; role: "admin" | "user" | "guest"; provider: "google" | "github" | "email"; defaultTenantId: string | null; createdAt: Date | null; updatedAt: Date | null; lastLoginAt: Date | null; }'.
server/services/blockRunners/QueryBlockRunner.ts(112,22): error TS2339: Property 'tenantId' does not exist on type '{ email: string; id: string; name: string | null; avatarUrl: string | null; role: "admin" | "user" | "guest"; provider: "google" | "github" | "email"; defaultTenantId: string | null; createdAt: Date | null; updatedAt: Date | null; lastLoginAt: Date | null; }'.
server/services/blockRunners/QueryBlockRunner.ts(113,26): error TS2339: Property 'tenantId' does not exist on type '{ email: string; id: string; name: string | null; avatarUrl: string | null; role: "admin" | "user" | "guest"; provider: "google" | "github" | "email"; defaultTenantId: string | null; createdAt: Date | null; updatedAt: Date | null; lastLoginAt: Date | null; }'.
server/services/blockRunners/ReadTableBlockRunner.ts(329,22): error TS2339: Property 'tenantId' does not exist on type '{ email: string; id: string; name: string | null; avatarUrl: string | null; role: "admin" | "user" | "guest"; provider: "google" | "github" | "email"; defaultTenantId: string | null; createdAt: Date | null; updatedAt: Date | null; lastLoginAt: Date | null; }'.
server/services/blockRunners/ReadTableBlockRunner.ts(330,26): error TS2339: Property 'tenantId' does not exist on type '{ email: string; id: string; name: string | null; avatarUrl: string | null; role: "admin" | "user" | "guest"; provider: "google" | "github" | "email"; defaultTenantId: string | null; createdAt: Date | null; updatedAt: Date | null; lastLoginAt: Date | null; }'.
server/services/blockRunners/WriteBlockRunner.ts(117,35): error TS2339: Property 'tenantId' does not exist on type 'PgTableWithColumns<{ name: "users"; schema: undefined; columns: { id: PgColumn<{ name: "id"; tableName: "users"; dataType: "string"; columnType: "PgVarchar"; data: string; driverParam: string; notNull: true; hasDefault: false; ... 6 more ...; generated: undefined; }, {}, { ...; }>; ... 8 more ...; lastLoginAt: PgCol...'.
server/services/BrandingService.ts(27,37): error TS2339: Property 'branding' does not exist on type 'PgTableWithColumns<{ name: "tenants"; schema: undefined; columns: { id: PgColumn<{ name: "id"; tableName: "tenants"; dataType: "string"; columnType: "PgUUID"; data: string; driverParam: string; notNull: true; hasDefault: true; ... 6 more ...; generated: undefined; }, {}, {}>; ... 9 more ...; updatedAt: PgColumn<...>...'.
server/services/BrandingService.ts(66,11): error TS2353: Object literal may only specify known properties, and 'branding' does not exist in type '{ name?: string | SQL<unknown> | PgColumn<ColumnBaseConfig<ColumnDataType, string>, {}, {}> | undefined; slug?: string | SQL<unknown> | PgColumn<...> | undefined; ... 8 more ...; mfaRequired?: boolean | ... 3 more ... | undefined; }'.
server/services/BrandingService.ts(70,40): error TS2339: Property 'branding' does not exist on type 'PgTableWithColumns<{ name: "tenants"; schema: undefined; columns: { id: PgColumn<{ name: "id"; tableName: "tenants"; dataType: "string"; columnType: "PgUUID"; data: string; driverParam: string; notNull: true; hasDefault: true; ... 6 more ...; generated: undefined; }, {}, {}>; ... 9 more ...; updatedAt: PgColumn<...>...'.
server/services/BrandingService.ts(143,10): error TS2769: No overload matches this call.
  Overload 1 of 2, '(value: { tenantId: string | SQL<unknown> | Placeholder<string, any>; domain: string | SQL<unknown> | Placeholder<string, any>; verificationToken: string | SQL<...> | Placeholder<...>; id?: string | ... 2 more ... | undefined; createdAt?: SQL<...> | ... 3 more ... | undefined; verified?: boolean | ... 2 more ... | undefined; verifiedAt?: SQL<...> | ... 3 more ... | undefined; }): PgInsertBase<...>', gave the following error.
    Argument of type '{ tenantId: string; domain: string; }' is not assignable to parameter of type '{ tenantId: string | SQL<unknown> | Placeholder<string, any>; domain: string | SQL<unknown> | Placeholder<string, any>; verificationToken: string | SQL<...> | Placeholder<...>; id?: string | ... 2 more ... | undefined; createdAt?: SQL<...> | ... 3 more ... | undefined; verified?: boolean | ... 2 more ... | undefined...'.
      Property 'verificationToken' is missing in type '{ tenantId: string; domain: string; }' but required in type '{ tenantId: string | SQL<unknown> | Placeholder<string, any>; domain: string | SQL<unknown> | Placeholder<string, any>; verificationToken: string | SQL<...> | Placeholder<...>; id?: string | ... 2 more ... | undefined; createdAt?: SQL<...> | ... 3 more ... | undefined; verified?: boolean | ... 2 more ... | undefined...'.
  Overload 2 of 2, '(values: { tenantId: string | SQL<unknown> | Placeholder<string, any>; domain: string | SQL<unknown> | Placeholder<string, any>; verificationToken: string | SQL<...> | Placeholder<...>; id?: string | ... 2 more ... | undefined; createdAt?: SQL<...> | ... 3 more ... | undefined; verified?: boolean | ... 2 more ... | undefined; verifiedAt?: SQL<...> | ... 3 more ... | undefined; }[]): PgInsertBase<...>', gave the following error.
    Object literal may only specify known properties, and 'tenantId' does not exist in type '{ tenantId: string | SQL<unknown> | Placeholder<string, any>; domain: string | SQL<unknown> | Placeholder<string, any>; verificationToken: string | SQL<...> | Placeholder<...>; id?: string | ... 2 more ... | undefined; createdAt?: SQL<...> | ... 3 more ... | undefined; verified?: boolean | ... 2 more ... | undefined...'.
server/services/CollectionFieldService.ts(1,32): error TS2724: '"@shared/schema"' has no exported member named 'InsertCollectionField'. Did you mean 'CollectionField'?
server/services/CollectionService.ts(1,27): error TS2724: '"@shared/schema"' has no exported member named 'InsertCollection'. Did you mean 'InsertSection'?
server/services/connections.ts(8,10): error TS2724: '"@shared/schema"' has no exported member named 'connections'. Did you mean 'collections'?
server/services/DataSourceService.ts(1,15): error TS2724: '"@shared/schema"' has no exported member named 'InsertDatavaultDatabase'. Did you mean 'DatavaultDatabase'?
server/services/DatavaultApiTokensService.ts(1,34): error TS2724: '"@shared/schema"' has no exported member named 'InsertDatavaultApiToken'. Did you mean 'DatavaultApiToken'?
server/services/DatavaultColumnsService.ts(4,32): error TS2724: '"@shared/schema"' has no exported member named 'InsertDatavaultColumn'. Did you mean 'DatavaultColumn'?
server/services/DatavaultDatabasesService.ts(4,34): error TS2724: '"../../shared/schema"' has no exported member named 'DatavaultScopeType'. Did you mean 'datavaultScopeTypeEnum'?
server/services/DatavaultRowNotesService.ts(3,33): error TS2724: '"@shared/schema"' has no exported member named 'InsertDatavaultRowNote'. Did you mean 'DatavaultRowNote'?
server/services/DatavaultRowsService.ts(1,29): error TS2724: '"@shared/schema"' has no exported member named 'InsertDatavaultRow'. Did you mean 'DatavaultRow'?
server/services/DatavaultTablePermissionsService.ts(3,3): error TS2724: '"@shared/schema"' has no exported member named 'InsertDatavaultTablePermission'. Did you mean 'DatavaultTablePermission'?
server/services/DatavaultTablePermissionsService.ts(4,3): error TS2724: '"@shared/schema"' has no exported member named 'DatavaultTableRole'. Did you mean 'datavaultTableRoleEnum'?
server/services/DatavaultTablePermissionsService.ts(85,60): error TS2366: Function lacks ending return statement and return type does not include 'undefined'.
server/services/DatavaultTablesService.ts(1,31): error TS2724: '"@shared/schema"' has no exported member named 'InsertDatavaultTable'. Did you mean 'DatavaultTable'?
server/services/DatavaultTablesService.ts(1,53): error TS2724: '"@shared/schema"' has no exported member named 'DatavaultTableRole'. Did you mean 'datavaultTableRoleEnum'?
server/services/DatavaultTablesService.ts(82,60): error TS2366: Function lacks ending return statement and return type does not include 'undefined'.
server/services/EmailQueueService.ts(5,10): error TS2305: Module '"@shared/schema"' has no exported member 'emailQueue'.
server/services/EmailQueueService.ts(82,41): error TS2339: Property 'emailQueue' does not exist on type '{ readonly users: RelationalQueryBuilder<ExtractTablesWithRelations<typeof import("C:/Users/scoot/poll/VaultLogic/shared/schema")>, { tsName: "users"; dbName: "users"; columns: { id: PgColumn<{ ...; }, {}, { ...; }>; ... 8 more ...; lastLoginAt: PgColumn<...>; }; relations: { ...; }; primaryKey: AnyColumn[]; }>; ......'.
server/services/EmailQueueService.ts(97,27): error TS7006: Parameter 'emailQueue' implicitly has an 'any' type.
server/services/EmailQueueService.ts(97,41): error TS7031: Binding element 'asc' implicitly has an 'any' type.
server/services/EmailTemplateMetadataService.ts(3,10): error TS2305: Module '"@shared/schema"' has no exported member 'emailTemplateMetadata'.
server/services/externalConnections.ts(112,27): error TS2339: Property 'baseUrl' does not exist on type '{ id: string; projectId: string; type: "mysql" | "postgres" | "google_sheets" | "salesforce" | "hubspot" | "slack" | "stripe"; name: string; config: unknown; secretId: string | null; createdAt: Date | null; updatedAt: Date | null; }'.
server/services/externalConnections.ts(113,28): error TS2339: Property 'authType' does not exist on type '{ id: string; projectId: string; type: "mysql" | "postgres" | "google_sheets" | "salesforce" | "hubspot" | "slack" | "stripe"; name: string; config: unknown; secretId: string | null; createdAt: Date | null; updatedAt: Date | null; }'.
server/services/externalConnections.ts(116,35): error TS2339: Property 'defaultHeaders' does not exist on type '{ id: string; projectId: string; type: "mysql" | "postgres" | "google_sheets" | "salesforce" | "hubspot" | "slack" | "stripe"; name: string; config: unknown; secretId: string | null; createdAt: Date | null; updatedAt: Date | null; }'.
server/services/externalConnections.ts(117,29): error TS2339: Property 'timeoutMs' does not exist on type '{ id: string; projectId: string; type: "mysql" | "postgres" | "google_sheets" | "salesforce" | "hubspot" | "slack" | "stripe"; name: string; config: unknown; secretId: string | null; createdAt: Date | null; updatedAt: Date | null; }'.
server/services/externalConnections.ts(118,27): error TS2339: Property 'retries' does not exist on type '{ id: string; projectId: string; type: "mysql" | "postgres" | "google_sheets" | "salesforce" | "hubspot" | "slack" | "stripe"; name: string; config: unknown; secretId: string | null; createdAt: Date | null; updatedAt: Date | null; }'.
server/services/externalConnections.ts(119,29): error TS2339: Property 'backoffMs' does not exist on type '{ id: string; projectId: string; type: "mysql" | "postgres" | "google_sheets" | "salesforce" | "hubspot" | "slack" | "stripe"; name: string; config: unknown; secretId: string | null; createdAt: Date | null; updatedAt: Date | null; }'.
server/services/externalConnections.ts(145,27): error TS2339: Property 'baseUrl' does not exist on type '{ id: string; projectId: string; type: "mysql" | "postgres" | "google_sheets" | "salesforce" | "hubspot" | "slack" | "stripe"; name: string; config: unknown; secretId: string | null; createdAt: Date | null; updatedAt: Date | null; }'.
server/services/externalConnections.ts(146,28): error TS2339: Property 'authType' does not exist on type '{ id: string; projectId: string; type: "mysql" | "postgres" | "google_sheets" | "salesforce" | "hubspot" | "slack" | "stripe"; name: string; config: unknown; secretId: string | null; createdAt: Date | null; updatedAt: Date | null; }'.
server/services/externalConnections.ts(149,35): error TS2339: Property 'defaultHeaders' does not exist on type '{ id: string; projectId: string; type: "mysql" | "postgres" | "google_sheets" | "salesforce" | "hubspot" | "slack" | "stripe"; name: string; config: unknown; secretId: string | null; createdAt: Date | null; updatedAt: Date | null; }'.
server/services/externalConnections.ts(150,29): error TS2339: Property 'timeoutMs' does not exist on type '{ id: string; projectId: string; type: "mysql" | "postgres" | "google_sheets" | "salesforce" | "hubspot" | "slack" | "stripe"; name: string; config: unknown; secretId: string | null; createdAt: Date | null; updatedAt: Date | null; }'.
server/services/externalConnections.ts(151,27): error TS2339: Property 'retries' does not exist on type '{ id: string; projectId: string; type: "mysql" | "postgres" | "google_sheets" | "salesforce" | "hubspot" | "slack" | "stripe"; name: string; config: unknown; secretId: string | null; createdAt: Date | null; updatedAt: Date | null; }'.
server/services/externalConnections.ts(152,29): error TS2339: Property 'backoffMs' does not exist on type '{ id: string; projectId: string; type: "mysql" | "postgres" | "google_sheets" | "salesforce" | "hubspot" | "slack" | "stripe"; name: string; config: unknown; secretId: string | null; createdAt: Date | null; updatedAt: Date | null; }'.
server/services/externalConnections.ts(199,6): error TS2769: No overload matches this call.
  Overload 1 of 2, '(value: { name: string | SQL<unknown> | Placeholder<string, any>; type: SQL<unknown> | "mysql" | "postgres" | "google_sheets" | "salesforce" | "hubspot" | "slack" | "stripe" | Placeholder<...>; ... 5 more ...; secretId?: string | ... 3 more ... | undefined; }): PgInsertBase<...>', gave the following error.
    Object literal may only specify known properties, and 'baseUrl' does not exist in type '{ name: string | SQL<unknown> | Placeholder<string, any>; type: SQL<unknown> | "mysql" | "postgres" | "google_sheets" | "salesforce" | "hubspot" | "slack" | "stripe" | Placeholder<...>; ... 5 more ...; secretId?: string | ... 3 more ... | undefined; }'.
  Overload 2 of 2, '(values: { name: string | SQL<unknown> | Placeholder<string, any>; type: SQL<unknown> | "mysql" | "postgres" | "google_sheets" | "salesforce" | "hubspot" | "slack" | "stripe" | Placeholder<...>; ... 5 more ...; secretId?: string | ... 3 more ... | undefined; }[]): PgInsertBase<...>', gave the following error.
    Object literal may only specify known properties, and 'projectId' does not exist in type '{ name: string | SQL<unknown> | Placeholder<string, any>; type: SQL<unknown> | "mysql" | "postgres" | "google_sheets" | "salesforce" | "hubspot" | "slack" | "stripe" | Placeholder<...>; ... 5 more ...; secretId?: string | ... 3 more ... | undefined; }[]'.
server/services/externalConnections.ts(259,45): error TS2339: Property 'baseUrl' does not exist on type 'Partial<{ name: string; type: "mysql" | "postgres" | "google_sheets" | "salesforce" | "hubspot" | "slack" | "stripe"; projectId: string; id?: string | undefined; createdAt?: Date | null | undefined; updatedAt?: Date | ... 1 more ... | undefined; config?: unknown; secretId?: string | ... 1 more ... | undefined; }>'.
server/services/externalConnections.ts(260,46): error TS2339: Property 'authType' does not exist on type 'Partial<{ name: string; type: "mysql" | "postgres" | "google_sheets" | "salesforce" | "hubspot" | "slack" | "stripe"; projectId: string; id?: string | undefined; createdAt?: Date | null | undefined; updatedAt?: Date | ... 1 more ... | undefined; config?: unknown; secretId?: string | ... 1 more ... | undefined; }>'.
server/services/externalConnections.ts(262,52): error TS2339: Property 'defaultHeaders' does not exist on type 'Partial<{ name: string; type: "mysql" | "postgres" | "google_sheets" | "salesforce" | "hubspot" | "slack" | "stripe"; projectId: string; id?: string | undefined; createdAt?: Date | null | undefined; updatedAt?: Date | ... 1 more ... | undefined; config?: unknown; secretId?: string | ... 1 more ... | undefined; }>'.
server/services/externalConnections.ts(263,47): error TS2339: Property 'timeoutMs' does not exist on type 'Partial<{ name: string; type: "mysql" | "postgres" | "google_sheets" | "salesforce" | "hubspot" | "slack" | "stripe"; projectId: string; id?: string | undefined; createdAt?: Date | null | undefined; updatedAt?: Date | ... 1 more ... | undefined; config?: unknown; secretId?: string | ... 1 more ... | undefined; }>'.
server/services/externalConnections.ts(264,45): error TS2339: Property 'retries' does not exist on type 'Partial<{ name: string; type: "mysql" | "postgres" | "google_sheets" | "salesforce" | "hubspot" | "slack" | "stripe"; projectId: string; id?: string | undefined; createdAt?: Date | null | undefined; updatedAt?: Date | ... 1 more ... | undefined; config?: unknown; secretId?: string | ... 1 more ... | undefined; }>'.
server/services/externalConnections.ts(265,47): error TS2339: Property 'backoffMs' does not exist on type 'Partial<{ name: string; type: "mysql" | "postgres" | "google_sheets" | "salesforce" | "hubspot" | "slack" | "stripe"; projectId: string; id?: string | undefined; createdAt?: Date | null | undefined; updatedAt?: Date | ... 1 more ... | undefined; config?: unknown; secretId?: string | ... 1 more ... | undefined; }>'.
server/services/MetricsService.ts(3,10): error TS2305: Module '"@shared/schema"' has no exported member 'refreshTokens'.
server/services/MetricsService.ts(64,47): error TS2339: Property 'refreshTokens' does not exist on type '{ readonly users: RelationalQueryBuilder<ExtractTablesWithRelations<typeof import("C:/Users/scoot/poll/VaultLogic/shared/schema")>, { tsName: "users"; dbName: "users"; columns: { id: PgColumn<{ ...; }, {}, { ...; }>; ... 8 more ...; lastLoginAt: PgColumn<...>; }; relations: { ...; }; primaryKey: AnyColumn[]; }>; ......'.
server/services/MfaService.ts(8,10): error TS2724: '"@shared/schema"' has no exported member named 'mfaSecrets'. Did you mean 'secrets'?
server/services/MfaService.ts(8,22): error TS2305: Module '"@shared/schema"' has no exported member 'mfaBackupCodes'.
server/services/MfaService.ts(86,42): error TS2551: Property 'mfaSecrets' does not exist on type '{ readonly users: RelationalQueryBuilder<ExtractTablesWithRelations<typeof import("C:/Users/scoot/poll/VaultLogic/shared/schema")>, { tsName: "users"; dbName: "users"; columns: { id: PgColumn<{ ...; }, {}, { ...; }>; ... 8 more ...; lastLoginAt: PgColumn<...>; }; relations: { ...; }; primaryKey: AnyColumn[]; }>; ......'. Did you mean 'secrets'?
server/services/MfaService.ts(118,20): error TS2353: Object literal may only specify known properties, and 'mfaEnabled' does not exist in type '{ email?: string | SQL<unknown> | PgColumn<ColumnBaseConfig<ColumnDataType, string>, {}, {}> | undefined; id?: string | SQL<unknown> | PgColumn<...> | undefined; ... 7 more ...; lastLoginAt?: SQL<...> | ... 3 more ... | undefined; }'.
server/services/MfaService.ts(135,42): error TS2551: Property 'mfaSecrets' does not exist on type '{ readonly users: RelationalQueryBuilder<ExtractTablesWithRelations<typeof import("C:/Users/scoot/poll/VaultLogic/shared/schema")>, { tsName: "users"; dbName: "users"; columns: { id: PgColumn<{ ...; }, {}, { ...; }>; ... 8 more ...; lastLoginAt: PgColumn<...>; }; relations: { ...; }; primaryKey: AnyColumn[]; }>; ......'. Did you mean 'secrets'?
server/services/MfaService.ts(172,22): error TS2339: Property 'mfaEnabled' does not exist on type '{ email: string; id: string; name: string | null; avatarUrl: string | null; role: "admin" | "user" | "guest"; provider: "google" | "github" | "email"; defaultTenantId: string | null; createdAt: Date | null; updatedAt: Date | null; lastLoginAt: Date | null; }'.
server/services/MfaService.ts(228,38): error TS2339: Property 'mfaBackupCodes' does not exist on type '{ readonly users: RelationalQueryBuilder<ExtractTablesWithRelations<typeof import("C:/Users/scoot/poll/VaultLogic/shared/schema")>, { tsName: "users"; dbName: "users"; columns: { id: PgColumn<{ ...; }, {}, { ...; }>; ... 8 more ...; lastLoginAt: PgColumn<...>; }; relations: { ...; }; primaryKey: AnyColumn[]; }>; ......'.
server/services/MfaService.ts(284,38): error TS2339: Property 'mfaBackupCodes' does not exist on type '{ readonly users: RelationalQueryBuilder<ExtractTablesWithRelations<typeof import("C:/Users/scoot/poll/VaultLogic/shared/schema")>, { tsName: "users"; dbName: "users"; columns: { id: PgColumn<{ ...; }, {}, { ...; }>; ... 8 more ...; lastLoginAt: PgColumn<...>; }; relations: { ...; }; primaryKey: AnyColumn[]; }>; ......'.
server/services/MfaService.ts(309,20): error TS2353: Object literal may only specify known properties, and 'mfaEnabled' does not exist in type '{ email?: string | SQL<unknown> | PgColumn<ColumnBaseConfig<ColumnDataType, string>, {}, {}> | undefined; id?: string | SQL<unknown> | PgColumn<...> | undefined; ... 7 more ...; lastLoginAt?: SQL<...> | ... 3 more ... | undefined; }'.
server/services/OrganizationService.ts(8,3): error TS2724: '"../../shared/schema"' has no exported member named 'organizationInvites'. Did you mean 'organizations'?
server/services/OrganizationService.ts(45,18): error TS2353: Object literal may only specify known properties, and 'tenantId' does not exist in type '{ id?: boolean | undefined; email?: boolean | undefined; name?: boolean | undefined; avatarUrl?: boolean | undefined; role?: boolean | undefined; provider?: boolean | undefined; defaultTenantId?: boolean | undefined; createdAt?: boolean | undefined; updatedAt?: boolean | undefined; lastLoginAt?: boolean | undefined; }'.
server/services/OrganizationService.ts(48,16): error TS2339: Property 'tenantId' does not exist on type '{ email: string; id: string; name: string | null; avatarUrl: string | null; role: "admin" | "user" | "guest"; provider: "google" | "github" | "email"; defaultTenantId: string | null; createdAt: Date | null; updatedAt: Date | null; lastLoginAt: Date | null; }'.
server/services/OrganizationService.ts(56,10): error TS2769: No overload matches this call.
  Overload 1 of 2, '(value: { name: string | SQL<unknown> | Placeholder<string, any>; slug: string | SQL<unknown> | Placeholder<string, any>; ownerId: string | SQL<unknown> | Placeholder<...>; ... 7 more ...; stripeCustomerId?: string | ... 3 more ... | undefined; }): PgInsertBase<...>', gave the following error.
    Type 'string | undefined' is not assignable to type 'string | SQL<unknown> | Placeholder<string, any>'.
      Type 'undefined' is not assignable to type 'string | SQL<unknown> | Placeholder<string, any>'.
  Overload 2 of 2, '(values: { name: string | SQL<unknown> | Placeholder<string, any>; slug: string | SQL<unknown> | Placeholder<string, any>; ownerId: string | SQL<unknown> | Placeholder<...>; ... 7 more ...; stripeCustomerId?: string | ... 3 more ... | undefined; }[]): PgInsertBase<...>', gave the following error.
    Object literal may only specify known properties, and 'name' does not exist in type '{ name: string | SQL<unknown> | Placeholder<string, any>; slug: string | SQL<unknown> | Placeholder<string, any>; ownerId: string | SQL<unknown> | Placeholder<string, any>; ... 7 more ...; stripeCustomerId?: string | ... 3 more ... | undefined; }[]'.
server/services/OrganizationService.ts(60,26): error TS2339: Property 'tenantId' does not exist on type '{ email: string; id: string; name: string | null; avatarUrl: string | null; role: "admin" | "user" | "guest"; provider: "google" | "github" | "email"; defaultTenantId: string | null; createdAt: Date | null; updatedAt: Date | null; lastLoginAt: Date | null; }'.
server/services/OrganizationService.ts(66,48): error TS2769: No overload matches this call.
  Overload 1 of 2, '(value: { tenantId: string | SQL<unknown> | Placeholder<string, any>; userId: string | SQL<unknown> | Placeholder<string, any>; id?: string | SQL<unknown> | Placeholder<...> | undefined; role?: "owner" | ... 5 more ... | undefined; joinedAt?: SQL<...> | ... 3 more ... | undefined; }): PgInsertBase<...>', gave the following error.
    Type '"admin"' is not assignable to type '"owner" | "builder" | "runner" | "viewer" | SQL<unknown> | Placeholder<string, any> | undefined'.
  Overload 2 of 2, '(values: { tenantId: string | SQL<unknown> | Placeholder<string, any>; userId: string | SQL<unknown> | Placeholder<string, any>; id?: string | SQL<unknown> | Placeholder<...> | undefined; role?: "owner" | ... 5 more ... | undefined; joinedAt?: SQL<...> | ... 3 more ... | undefined; }[]): PgInsertBase<...>', gave the following error.
    Object literal may only specify known properties, and 'orgId' does not exist in type '{ tenantId: string | SQL<unknown> | Placeholder<string, any>; userId: string | SQL<unknown> | Placeholder<string, any>; id?: string | SQL<unknown> | Placeholder<string, any> | undefined; role?: "owner" | ... 5 more ... | undefined; joinedAt?: SQL<...> | ... 3 more ... | undefined; }[]'.
server/services/OrganizationService.ts(96,18): error TS2353: Object literal may only specify known properties, and 'tenantId' does not exist in type '{ id?: boolean | undefined; email?: boolean | undefined; name?: boolean | undefined; avatarUrl?: boolean | undefined; role?: boolean | undefined; provider?: boolean | undefined; defaultTenantId?: boolean | undefined; createdAt?: boolean | undefined; updatedAt?: boolean | undefined; lastLoginAt?: boolean | undefined; }'.
server/services/OrganizationService.ts(99,16): error TS2339: Property 'tenantId' does not exist on type '{ email: string; id: string; name: string | null; avatarUrl: string | null; role: "admin" | "user" | "guest"; provider: "google" | "github" | "email"; defaultTenantId: string | null; createdAt: Date | null; updatedAt: Date | null; lastLoginAt: Date | null; }'.
server/services/OrganizationService.ts(107,36): error TS2339: Property 'description' does not exist on type 'PgTableWithColumns<{ name: "organizations"; schema: undefined; columns: { id: PgColumn<{ name: "id"; tableName: "organizations"; dataType: "string"; columnType: "PgUUID"; data: string; driverParam: string; notNull: true; ... 7 more ...; generated: undefined; }, {}, {}>; ... 9 more ...; updatedAt: PgColumn<...>; }; d...'.
server/services/OrganizationService.ts(109,31): error TS2339: Property 'domain' does not exist on type 'PgTableWithColumns<{ name: "organizations"; schema: undefined; columns: { id: PgColumn<{ name: "id"; tableName: "organizations"; dataType: "string"; columnType: "PgUUID"; data: string; driverParam: string; notNull: true; ... 7 more ...; generated: undefined; }, {}, {}>; ... 9 more ...; updatedAt: PgColumn<...>; }; d...'.
server/services/OrganizationService.ts(110,33): error TS2339: Property 'settings' does not exist on type 'PgTableWithColumns<{ name: "organizations"; schema: undefined; columns: { id: PgColumn<{ name: "id"; tableName: "organizations"; dataType: "string"; columnType: "PgUUID"; data: string; driverParam: string; notNull: true; ... 7 more ...; generated: undefined; }, {}, {}>; ... 9 more ...; updatedAt: PgColumn<...>; }; d...'.
server/services/OrganizationService.ts(111,40): error TS2339: Property 'createdByUserId' does not exist on type 'PgTableWithColumns<{ name: "organizations"; schema: undefined; columns: { id: PgColumn<{ name: "id"; tableName: "organizations"; dataType: "string"; columnType: "PgUUID"; data: string; driverParam: string; notNull: true; ... 7 more ...; generated: undefined; }, {}, {}>; ... 9 more ...; updatedAt: PgColumn<...>; }; d...'.
server/services/OrganizationService.ts(119,36): error TS2339: Property 'orgId' does not exist on type 'PgTableWithColumns<{ name: "organization_memberships"; schema: undefined; columns: { id: PgColumn<{ name: "id"; tableName: "organization_memberships"; dataType: "string"; columnType: "PgUUID"; data: string; driverParam: string; ... 8 more ...; generated: undefined; }, {}, {}>; userId: PgColumn<...>; tenantId: PgColu...'.
server/services/OrganizationService.ts(124,28): error TS2339: Property 'tenantId' does not exist on type 'PgTableWithColumns<{ name: "organizations"; schema: undefined; columns: { id: PgColumn<{ name: "id"; tableName: "organizations"; dataType: "string"; columnType: "PgUUID"; data: string; driverParam: string; notNull: true; ... 7 more ...; generated: undefined; }, {}, {}>; ... 9 more ...; updatedAt: PgColumn<...>; }; d...'.
server/services/OrganizationService.ts(124,43): error TS2339: Property 'tenantId' does not exist on type '{ email: string; id: string; name: string | null; avatarUrl: string | null; role: "admin" | "user" | "guest"; provider: "google" | "github" | "email"; defaultTenantId: string | null; createdAt: Date | null; updatedAt: Date | null; lastLoginAt: Date | null; }'.
server/services/OrganizationService.ts(129,12): error TS2352: Conversion of type '{ id: string; name: string; description: any; slug: string; domain: any; settings: any; createdByUserId: any; createdAt: Date | null; updatedAt: Date | null; role: "owner" | "builder" | "runner" | "viewer"; }[]' to type '({ id: string; name: string; createdAt: Date | null; updatedAt: Date | null; slug: string; plan: string; ownerId: string; domainVerificationToken: string | null; customDomain: string | null; mfaRequired: boolean | null; stripeCustomerId: string | null; } & { ...; })[]' may be a mistake because neither type sufficiently overlaps with the other. If this was intentional, convert the expression to 'unknown' first.
  Type '{ id: string; name: string; description: any; slug: string; domain: any; settings: any; createdByUserId: any; createdAt: Date | null; updatedAt: Date | null; role: "owner" | "builder" | "runner" | "viewer"; }' is not comparable to type '{ id: string; name: string; createdAt: Date | null; updatedAt: Date | null; slug: string; plan: string; ownerId: string; domainVerificationToken: string | null; customDomain: string | null; mfaRequired: boolean | null; stripeCustomerId: string | null; } & { ...; }'.
    Type '{ id: string; name: string; description: any; slug: string; domain: any; settings: any; createdByUserId: any; createdAt: Date | null; updatedAt: Date | null; role: "owner" | "builder" | "runner" | "viewer"; }' is missing the following properties from type '{ id: string; name: string; createdAt: Date | null; updatedAt: Date | null; slug: string; plan: string; ownerId: string; domainVerificationToken: string | null; customDomain: string | null; mfaRequired: boolean | null; stripeCustomerId: string | null; }': plan, ownerId, domainVerificationToken, customDomain, and 2 more.
server/services/OrganizationService.ts(202,5): error TS2322: Type '{ userId: string; email: string; fullName: any; role: "owner" | "builder" | "runner" | "viewer"; joinedAt: any; }[]' is not assignable to type '{ userId: string; email: string; fullName: string | null; role: "admin" | "member"; joinedAt: Date | null; }[]'.
  Type '{ userId: string; email: string; fullName: any; role: "owner" | "builder" | "runner" | "viewer"; joinedAt: any; }' is not assignable to type '{ userId: string; email: string; fullName: string | null; role: "admin" | "member"; joinedAt: Date | null; }'.
    Types of property 'role' are incompatible.
      Type '"owner" | "builder" | "runner" | "viewer"' is not assignable to type '"admin" | "member"'.
        Type '"owner"' is not assignable to type '"admin" | "member"'.
server/services/OrganizationService.ts(206,25): error TS2339: Property 'fullName' does not exist on type 'PgTableWithColumns<{ name: "users"; schema: undefined; columns: { id: PgColumn<{ name: "id"; tableName: "users"; dataType: "string"; columnType: "PgVarchar"; data: string; driverParam: string; notNull: true; hasDefault: false; ... 6 more ...; generated: undefined; }, {}, { ...; }>; ... 8 more ...; lastLoginAt: PgCol...'.
server/services/OrganizationService.ts(208,43): error TS2339: Property 'createdAt' does not exist on type 'PgTableWithColumns<{ name: "organization_memberships"; schema: undefined; columns: { id: PgColumn<{ name: "id"; tableName: "organization_memberships"; dataType: "string"; columnType: "PgUUID"; data: string; driverParam: string; ... 8 more ...; generated: undefined; }, {}, {}>; userId: PgColumn<...>; tenantId: PgColu...'.
server/services/OrganizationService.ts(212,41): error TS2339: Property 'orgId' does not exist on type 'PgTableWithColumns<{ name: "organization_memberships"; schema: undefined; columns: { id: PgColumn<{ name: "id"; tableName: "organization_memberships"; dataType: "string"; columnType: "PgUUID"; data: string; driverParam: string; ... 8 more ...; generated: undefined; }, {}, {}>; userId: PgColumn<...>; tenantId: PgColu...'.
server/services/OrganizationService.ts(213,40): error TS2339: Property 'createdAt' does not exist on type 'PgTableWithColumns<{ name: "organization_memberships"; schema: undefined; columns: { id: PgColumn<{ name: "id"; tableName: "organization_memberships"; dataType: "string"; columnType: "PgUUID"; data: string; driverParam: string; ... 8 more ...; generated: undefined; }, {}, {}>; userId: PgColumn<...>; tenantId: PgColu...'.
server/services/OrganizationService.ts(226,18): error TS2353: Object literal may only specify known properties, and 'tenantId' does not exist in type '{ id?: boolean | undefined; name?: boolean | undefined; slug?: boolean | undefined; plan?: boolean | undefined; stripeCustomerId?: boolean | undefined; ownerId?: boolean | undefined; ... 4 more ...; updatedAt?: boolean | undefined; }'.
server/services/OrganizationService.ts(238,14): error TS2322: Type '"admin"' is not assignable to type '"owner" | "builder" | "runner" | "viewer" | SQL<unknown> | PgColumn<ColumnBaseConfig<ColumnDataType, string>, {}, {}> | undefined'.
server/services/OrganizationService.ts(241,38): error TS2339: Property 'orgId' does not exist on type 'PgTableWithColumns<{ name: "organization_memberships"; schema: undefined; columns: { id: PgColumn<{ name: "id"; tableName: "organization_memberships"; dataType: "string"; columnType: "PgUUID"; data: string; driverParam: string; ... 8 more ...; generated: undefined; }, {}, {}>; userId: PgColumn<...>; tenantId: PgColu...'.
server/services/OrganizationService.ts(247,14): error TS2339: Property 'tenantId' does not exist on type '{ id: string; name: string; createdAt: Date | null; updatedAt: Date | null; slug: string; plan: string; ownerId: string; domainVerificationToken: string | null; customDomain: string | null; mfaRequired: boolean | null; stripeCustomerId: string | null; }'.
server/services/OrganizationService.ts(269,18): error TS2353: Object literal may only specify known properties, and 'tenantId' does not exist in type '{ id?: boolean | undefined; name?: boolean | undefined; slug?: boolean | undefined; plan?: boolean | undefined; stripeCustomerId?: boolean | undefined; ownerId?: boolean | undefined; ... 4 more ...; updatedAt?: boolean | undefined; }'.
server/services/OrganizationService.ts(286,14): error TS2322: Type '"member"' is not assignable to type '"owner" | "builder" | "runner" | "viewer" | SQL<unknown> | PgColumn<ColumnBaseConfig<ColumnDataType, string>, {}, {}> | undefined'.
server/services/OrganizationService.ts(289,38): error TS2339: Property 'orgId' does not exist on type 'PgTableWithColumns<{ name: "organization_memberships"; schema: undefined; columns: { id: PgColumn<{ name: "id"; tableName: "organization_memberships"; dataType: "string"; columnType: "PgUUID"; data: string; driverParam: string; ... 8 more ...; generated: undefined; }, {}, {}>; userId: PgColumn<...>; tenantId: PgColu...'.
server/services/OrganizationService.ts(295,14): error TS2339: Property 'tenantId' does not exist on type '{ id: string; name: string; createdAt: Date | null; updatedAt: Date | null; slug: string; plan: string; ownerId: string; domainVerificationToken: string | null; customDomain: string | null; mfaRequired: boolean | null; stripeCustomerId: string | null; }'.
server/services/OrganizationService.ts(317,18): error TS2353: Object literal may only specify known properties, and 'tenantId' does not exist in type '{ id?: boolean | undefined; name?: boolean | undefined; slug?: boolean | undefined; plan?: boolean | undefined; stripeCustomerId?: boolean | undefined; ownerId?: boolean | undefined; ... 4 more ...; updatedAt?: boolean | undefined; }'.
server/services/OrganizationService.ts(336,38): error TS2339: Property 'orgId' does not exist on type 'PgTableWithColumns<{ name: "organization_memberships"; schema: undefined; columns: { id: PgColumn<{ name: "id"; tableName: "organization_memberships"; dataType: "string"; columnType: "PgUUID"; data: string; driverParam: string; ... 8 more ...; generated: undefined; }, {}, {}>; userId: PgColumn<...>; tenantId: PgColu...'.
server/services/OrganizationService.ts(342,14): error TS2339: Property 'tenantId' does not exist on type '{ id: string; name: string; createdAt: Date | null; updatedAt: Date | null; slug: string; plan: string; ownerId: string; domainVerificationToken: string | null; customDomain: string | null; mfaRequired: boolean | null; stripeCustomerId: string | null; }'.
server/services/OrganizationService.ts(367,36): error TS2339: Property 'orgId' does not exist on type 'PgTableWithColumns<{ name: "organization_memberships"; schema: undefined; columns: { id: PgColumn<{ name: "id"; tableName: "organization_memberships"; dataType: "string"; columnType: "PgUUID"; data: string; driverParam: string; ... 8 more ...; generated: undefined; }, {}, {}>; userId: PgColumn<...>; tenantId: PgColu...'.
server/services/OrganizationService.ts(373,9): error TS2367: This comparison appears to be unintentional because the types '"owner" | "builder" | "runner" | "viewer" | undefined' and '"admin"' have no overlap.
server/services/OrganizationService.ts(379,40): error TS2339: Property 'orgId' does not exist on type 'PgTableWithColumns<{ name: "organization_memberships"; schema: undefined; columns: { id: PgColumn<{ name: "id"; tableName: "organization_memberships"; dataType: "string"; columnType: "PgUUID"; data: string; driverParam: string; ... 8 more ...; generated: undefined; }, {}, {}>; userId: PgColumn<...>; tenantId: PgColu...'.
server/services/OrganizationService.ts(380,13): error TS2769: No overload matches this call.
  Overload 1 of 3, '(left: PgColumn<{ name: "role"; tableName: "organization_memberships"; dataType: "string"; columnType: "PgEnumColumn"; data: "owner" | "builder" | "runner" | "viewer"; driverParam: string; notNull: true; ... 7 more ...; generated: undefined; }, {}, {}>, right: "owner" | ... 3 more ... | SQLWrapper): SQL<...>', gave the following error.
    Argument of type '"admin"' is not assignable to parameter of type '"owner" | "builder" | "runner" | "viewer" | SQLWrapper'.
  Overload 2 of 3, '(left: Aliased<string>, right: string | SQLWrapper): SQL<unknown>', gave the following error.
    Argument of type 'PgColumn<{ name: "role"; tableName: "organization_memberships"; dataType: "string"; columnType: "PgEnumColumn"; data: "owner" | "builder" | "runner" | "viewer"; driverParam: string; notNull: true; ... 7 more ...; generated: undefined; }, {}, {}>' is not assignable to parameter of type 'Aliased<string>'.
      Type 'PgColumn<{ name: "role"; tableName: "organization_memberships"; dataType: "string"; columnType: "PgEnumColumn"; data: "owner" | "builder" | "runner" | "viewer"; driverParam: string; notNull: true; ... 7 more ...; generated: undefined; }, {}, {}>' is missing the following properties from type 'Aliased<string>': sql, fieldAlias
  Overload 3 of 3, '(left: never, right: unknown): SQL<unknown>', gave the following error.
    Argument of type 'PgColumn<{ name: "role"; tableName: "organization_memberships"; dataType: "string"; columnType: "PgEnumColumn"; data: "owner" | "builder" | "runner" | "viewer"; driverParam: string; notNull: true; ... 7 more ...; generated: undefined; }, {}, {}>' is not assignable to parameter of type 'never'.
server/services/OrganizationService.ts(394,38): error TS2339: Property 'orgId' does not exist on type 'PgTableWithColumns<{ name: "organization_memberships"; schema: undefined; columns: { id: PgColumn<{ name: "id"; tableName: "organization_memberships"; dataType: "string"; columnType: "PgUUID"; data: string; driverParam: string; ... 8 more ...; generated: undefined; }, {}, {}>; userId: PgColumn<...>; tenantId: PgColu...'.
server/services/OrganizationService.ts(420,46): error TS2769: No overload matches this call.
  Overload 1 of 2, '(value: { tenantId: string | SQL<unknown> | Placeholder<string, any>; userId: string | SQL<unknown> | Placeholder<string, any>; id?: string | SQL<unknown> | Placeholder<...> | undefined; role?: "owner" | ... 5 more ... | undefined; joinedAt?: SQL<...> | ... 3 more ... | undefined; }): PgInsertBase<...>', gave the following error.
    Type '"admin" | "member"' is not assignable to type '"owner" | "builder" | "runner" | "viewer" | SQL<unknown> | Placeholder<string, any> | undefined'.
      Type '"admin"' is not assignable to type '"owner" | "builder" | "runner" | "viewer" | SQL<unknown> | Placeholder<string, any> | undefined'.
  Overload 2 of 2, '(values: { tenantId: string | SQL<unknown> | Placeholder<string, any>; userId: string | SQL<unknown> | Placeholder<string, any>; id?: string | SQL<unknown> | Placeholder<...> | undefined; role?: "owner" | ... 5 more ... | undefined; joinedAt?: SQL<...> | ... 3 more ... | undefined; }[]): PgInsertBase<...>', gave the following error.
    Object literal may only specify known properties, and 'orgId' does not exist in type '{ tenantId: string | SQL<unknown> | Placeholder<string, any>; userId: string | SQL<unknown> | Placeholder<string, any>; id?: string | SQL<unknown> | Placeholder<string, any> | undefined; role?: "owner" | ... 5 more ... | undefined; joinedAt?: SQL<...> | ... 3 more ... | undefined; }[]'.
server/services/OrganizationService.ts(459,56): error TS2769: No overload matches this call.
  Overload 1 of 2, '(value: { email: string | SQL<unknown> | Placeholder<string, any>; id: string | SQL<unknown> | Placeholder<string, any>; name?: string | SQL<unknown> | Placeholder<string, any> | null | undefined; ... 6 more ...; lastLoginAt?: SQL<...> | ... 3 more ... | undefined; }): PgInsertBase<...>', gave the following error.
    Object literal may only specify known properties, and 'fullName' does not exist in type '{ email: string | SQL<unknown> | Placeholder<string, any>; id: string | SQL<unknown> | Placeholder<string, any>; name?: string | SQL<unknown> | Placeholder<string, any> | null | undefined; ... 6 more ...; lastLoginAt?: SQL<...> | ... 3 more ... | undefined; }'.
  Overload 2 of 2, '(values: { email: string | SQL<unknown> | Placeholder<string, any>; id: string | SQL<unknown> | Placeholder<string, any>; name?: string | SQL<unknown> | Placeholder<string, any> | null | undefined; ... 6 more ...; lastLoginAt?: SQL<...> | ... 3 more ... | undefined; }[]): PgInsertBase<...>', gave the following error.
    Object literal may only specify known properties, and 'email' does not exist in type '{ email: string | SQL<unknown> | Placeholder<string, any>; id: string | SQL<unknown> | Placeholder<string, any>; name?: string | SQL<unknown> | Placeholder<string, any> | null | undefined; ... 6 more ...; lastLoginAt?: SQL<...> | ... 3 more ... | undefined; }[]'.
server/services/OrganizationService.ts(465,23): error TS2339: Property 'tenantId' does not exist on type '{ id: string; name: string; createdAt: Date | null; updatedAt: Date | null; slug: string; plan: string; ownerId: string; domainVerificationToken: string | null; customDomain: string | null; mfaRequired: boolean | null; stripeCustomerId: string | null; }'.
server/services/OrganizationService.ts(477,43): error TS2551: Property 'organizationInvites' does not exist on type '{ readonly users: RelationalQueryBuilder<ExtractTablesWithRelations<typeof import("C:/Users/scoot/poll/VaultLogic/shared/schema")>, { tsName: "users"; dbName: "users"; columns: { id: PgColumn<{ ...; }, {}, { ...; }>; ... 8 more ...; lastLoginAt: PgColumn<...>; }; relations: { ...; }; primaryKey: AnyColumn[]; }>; ......'. Did you mean 'organizations'?
server/services/OrganizationService.ts(518,83): error TS2339: Property 'tenantId' does not exist on type '{ id: string; name: string; createdAt: Date | null; updatedAt: Date | null; slug: string; plan: string; ownerId: string; domainVerificationToken: string | null; customDomain: string | null; mfaRequired: boolean | null; stripeCustomerId: string | null; }'.
server/services/OrganizationService.ts(536,15): error TS2339: Property 'tenantId' does not exist on type '{ id: string; name: string; createdAt: Date | null; updatedAt: Date | null; slug: string; plan: string; ownerId: string; domainVerificationToken: string | null; customDomain: string | null; mfaRequired: boolean | null; stripeCustomerId: string | null; }'.
server/services/OrganizationService.ts(549,13): error TS2339: Property 'tenantId' does not exist on type '{ id: string; name: string; createdAt: Date | null; updatedAt: Date | null; slug: string; plan: string; ownerId: string; domainVerificationToken: string | null; customDomain: string | null; mfaRequired: boolean | null; stripeCustomerId: string | null; }'.
server/services/OrganizationService.ts(581,18): error TS2353: Object literal may only specify known properties, and 'fullName' does not exist in type '{ id?: boolean | undefined; email?: boolean | undefined; name?: boolean | undefined; avatarUrl?: boolean | undefined; role?: boolean | undefined; provider?: boolean | undefined; defaultTenantId?: boolean | undefined; createdAt?: boolean | undefined; updatedAt?: boolean | undefined; lastLoginAt?: boolean | undefined; }'.
server/services/OrganizationService.ts(584,34): error TS2339: Property 'fullName' does not exist on type '{ email: string; id: string; name: string | null; avatarUrl: string | null; role: "admin" | "user" | "guest"; provider: "google" | "github" | "email"; defaultTenantId: string | null; createdAt: Date | null; updatedAt: Date | null; lastLoginAt: Date | null; }'.
server/services/OrganizationService.ts(672,30): error TS2339: Property 'fullName' does not exist on type 'PgTableWithColumns<{ name: "users"; schema: undefined; columns: { id: PgColumn<{ name: "id"; tableName: "users"; dataType: "string"; columnType: "PgVarchar"; data: string; driverParam: string; notNull: true; hasDefault: false; ... 6 more ...; generated: undefined; }, {}, { ...; }>; ... 8 more ...; lastLoginAt: PgCol...'.
server/services/OrganizationService.ts(697,35): error TS2551: Property 'organizationInvites' does not exist on type '{ readonly users: RelationalQueryBuilder<ExtractTablesWithRelations<typeof import("C:/Users/scoot/poll/VaultLogic/shared/schema")>, { tsName: "users"; dbName: "users"; columns: { id: PgColumn<{ ...; }, {}, { ...; }>; ... 8 more ...; lastLoginAt: PgColumn<...>; }; relations: { ...; }; primaryKey: AnyColumn[]; }>; ......'. Did you mean 'organizations'?
server/services/OrganizationService.ts(757,40): error TS2339: Property 'orgId' does not exist on type 'PgTableWithColumns<{ name: "organization_memberships"; schema: undefined; columns: { id: PgColumn<{ name: "id"; tableName: "organization_memberships"; dataType: "string"; columnType: "PgUUID"; data: string; driverParam: string; ... 8 more ...; generated: undefined; }, {}, {}>; userId: PgColumn<...>; tenantId: PgColu...'.
server/services/OrganizationService.ts(768,48): error TS2769: No overload matches this call.
  Overload 1 of 2, '(value: { tenantId: string | SQL<unknown> | Placeholder<string, any>; userId: string | SQL<unknown> | Placeholder<string, any>; id?: string | SQL<unknown> | Placeholder<...> | undefined; role?: "owner" | ... 5 more ... | undefined; joinedAt?: SQL<...> | ... 3 more ... | undefined; }): PgInsertBase<...>', gave the following error.
    Type '"member"' is not assignable to type '"owner" | "builder" | "runner" | "viewer" | SQL<unknown> | Placeholder<string, any> | undefined'.
  Overload 2 of 2, '(values: { tenantId: string | SQL<unknown> | Placeholder<string, any>; userId: string | SQL<unknown> | Placeholder<string, any>; id?: string | SQL<unknown> | Placeholder<...> | undefined; role?: "owner" | ... 5 more ... | undefined; joinedAt?: SQL<...> | ... 3 more ... | undefined; }[]): PgInsertBase<...>', gave the following error.
    Object literal may only specify known properties, and 'orgId' does not exist in type '{ tenantId: string | SQL<unknown> | Placeholder<string, any>; userId: string | SQL<unknown> | Placeholder<string, any>; id?: string | SQL<unknown> | Placeholder<string, any> | undefined; role?: "owner" | ... 5 more ... | undefined; joinedAt?: SQL<...> | ... 3 more ... | undefined; }[]'.
server/services/OrganizationService.ts(784,16): error TS2339: Property 'isPlaceholder' does not exist on type '{ email: string; id: string; name: string | null; avatarUrl: string | null; role: "admin" | "user" | "guest"; provider: "google" | "github" | "email"; defaultTenantId: string | null; createdAt: Date | null; updatedAt: Date | null; lastLoginAt: Date | null; }'.
server/services/OrganizationService.ts(788,13): error TS2353: Object literal may only specify known properties, and 'isPlaceholder' does not exist in type '{ email?: string | SQL<unknown> | PgColumn<ColumnBaseConfig<ColumnDataType, string>, {}, {}> | undefined; id?: string | SQL<unknown> | PgColumn<...> | undefined; ... 7 more ...; lastLoginAt?: SQL<...> | ... 3 more ... | undefined; }'.
server/services/OrganizationService.ts(796,13): error TS2339: Property 'tenantId' does not exist on type '{ id: string; name: string; createdAt: Date | null; updatedAt: Date | null; slug: string; plan: string; ownerId: string; domainVerificationToken: string | null; customDomain: string | null; mfaRequired: boolean | null; stripeCustomerId: string | null; }'.
server/services/OrganizationService.ts(815,35): error TS2551: Property 'organizationInvites' does not exist on type '{ readonly users: RelationalQueryBuilder<ExtractTablesWithRelations<typeof import("C:/Users/scoot/poll/VaultLogic/shared/schema")>, { tsName: "users"; dbName: "users"; columns: { id: PgColumn<{ ...; }, {}, { ...; }>; ... 8 more ...; lastLoginAt: PgColumn<...>; }; relations: { ...; }; primaryKey: AnyColumn[]; }>; ......'. Did you mean 'organizations'?
server/services/OrganizationService.ts(829,18): error TS2353: Object literal may only specify known properties, and 'tenantId' does not exist in type '{ id?: boolean | undefined; name?: boolean | undefined; slug?: boolean | undefined; plan?: boolean | undefined; stripeCustomerId?: boolean | undefined; ownerId?: boolean | undefined; ... 4 more ...; updatedAt?: boolean | undefined; }'.
server/services/OrganizationService.ts(839,14): error TS2339: Property 'tenantId' does not exist on type '{ id: string; name: string; createdAt: Date | null; updatedAt: Date | null; slug: string; plan: string; ownerId: string; domainVerificationToken: string | null; customDomain: string | null; mfaRequired: boolean | null; stripeCustomerId: string | null; }'.
server/services/OrganizationService.ts(841,26): error TS2339: Property 'tenantId' does not exist on type '{ id: string; name: string; createdAt: Date | null; updatedAt: Date | null; slug: string; plan: string; ownerId: string; domainVerificationToken: string | null; customDomain: string | null; mfaRequired: boolean | null; stripeCustomerId: string | null; }'.
server/services/OrganizationService.ts(884,30): error TS2339: Property 'fullName' does not exist on type 'PgTableWithColumns<{ name: "users"; schema: undefined; columns: { id: PgColumn<{ name: "id"; tableName: "users"; dataType: "string"; columnType: "PgVarchar"; data: string; driverParam: string; notNull: true; hasDefault: false; ... 6 more ...; generated: undefined; }, {}, { ...; }>; ... 8 more ...; lastLoginAt: PgCol...'.
server/services/OrganizationService.ts(961,20): error TS2339: Property 'isPlaceholder' does not exist on type '{ email: string; id: string; name: string | null; avatarUrl: string | null; role: "admin" | "user" | "guest"; provider: "google" | "github" | "email"; defaultTenantId: string | null; createdAt: Date | null; updatedAt: Date | null; lastLoginAt: Date | null; }'.
server/services/PlaceholderUserCleanupService.ts(3,17): error TS2724: '"../../shared/schema"' has no exported member named 'organizationInvites'. Did you mean 'organizations'?
server/services/PlaceholderUserCleanupService.ts(24,25): error TS2339: Property 'isPlaceholder' does not exist on type 'PgTableWithColumns<{ name: "users"; schema: undefined; columns: { id: PgColumn<{ name: "id"; tableName: "users"; dataType: "string"; columnType: "PgVarchar"; data: string; driverParam: string; notNull: true; hasDefault: false; ... 6 more ...; generated: undefined; }, {}, { ...; }>; ... 8 more ...; lastLoginAt: PgCol...'.
server/services/PlaceholderUserCleanupService.ts(63,22): error TS2339: Property 'isPlaceholder' does not exist on type 'PgTableWithColumns<{ name: "users"; schema: undefined; columns: { id: PgColumn<{ name: "id"; tableName: "users"; dataType: "string"; columnType: "PgVarchar"; data: string; driverParam: string; notNull: true; hasDefault: false; ... 6 more ...; generated: undefined; }, {}, { ...; }>; ... 8 more ...; lastLoginAt: PgCol...'.
server/services/PlaceholderUserCleanupService.ts(91,23): error TS2339: Property 'isPlaceholder' does not exist on type 'PgTableWithColumns<{ name: "users"; schema: undefined; columns: { id: PgColumn<{ name: "id"; tableName: "users"; dataType: "string"; columnType: "PgVarchar"; data: string; driverParam: string; notNull: true; hasDefault: false; ... 6 more ...; generated: undefined; }, {}, { ...; }>; ... 8 more ...; lastLoginAt: PgCol...'.
server/services/ProjectService.ts(1,64): error TS2305: Module '"@shared/schema"' has no exported member 'PrincipalType'.
server/services/RecordService.ts(77,17): error TS2551: Property 'isRequired' does not exist on type '{ id: string; name: string; createdAt: Date | null; updatedAt: Date | null; slug: string; options: unknown; type: string; order: number | null; required: boolean | null; collectionId: string; }'. Did you mean 'required'?
server/services/RecordService.ts(198,50): error TS2339: Property 'defaultValue' does not exist on type '{ id: string; name: string; createdAt: Date | null; updatedAt: Date | null; slug: string; options: unknown; type: string; order: number | null; required: boolean | null; collectionId: string; }'.
server/services/RecordService.ts(199,42): error TS2339: Property 'defaultValue' does not exist on type '{ id: string; name: string; createdAt: Date | null; updatedAt: Date | null; slug: string; options: unknown; type: string; order: number | null; required: boolean | null; collectionId: string; }'.
server/services/runs.ts(109,13): error TS2353: Object literal may only specify known properties, and 'fullName' does not exist in type '{ id?: boolean | undefined; email?: boolean | undefined; name?: boolean | undefined; avatarUrl?: boolean | undefined; role?: boolean | undefined; provider?: boolean | undefined; defaultTenantId?: boolean | undefined; createdAt?: boolean | undefined; updatedAt?: boolean | undefined; lastLoginAt?: boolean | undefined; }'.
server/services/runs.ts(181,27): error TS2551: Property 'workflowVersion' does not exist on type '{ id: string; createdAt: Date | null; updatedAt: Date | null; status: "pending" | "success" | "error" | "waiting_review" | "waiting_signature"; createdBy: string | null; ... 8 more ...; shareTokenExpiresAt: Date | null; }'. Did you mean 'workflowVersionId'?
server/services/secrets.ts(61,21): error TS2339: Property 'type' does not exist on type 'PgTableWithColumns<{ name: "secrets"; schema: undefined; columns: { id: PgColumn<{ name: "id"; tableName: "secrets"; dataType: "string"; columnType: "PgUUID"; data: string; driverParam: string; notNull: true; hasDefault: true; ... 6 more ...; generated: undefined; }, {}, {}>; ... 5 more ...; updatedAt: PgColumn<...>...'.
server/services/secrets.ts(62,25): error TS2339: Property 'metadata' does not exist on type 'PgTableWithColumns<{ name: "secrets"; schema: undefined; columns: { id: PgColumn<{ name: "id"; tableName: "secrets"; dataType: "string"; columnType: "PgUUID"; data: string; driverParam: string; notNull: true; hasDefault: true; ... 6 more ...; generated: undefined; }, {}, {}>; ... 5 more ...; updatedAt: PgColumn<...>...'.
server/services/secrets.ts(85,21): error TS2339: Property 'type' does not exist on type 'PgTableWithColumns<{ name: "secrets"; schema: undefined; columns: { id: PgColumn<{ name: "id"; tableName: "secrets"; dataType: "string"; columnType: "PgUUID"; data: string; driverParam: string; notNull: true; hasDefault: true; ... 6 more ...; generated: undefined; }, {}, {}>; ... 5 more ...; updatedAt: PgColumn<...>...'.
server/services/secrets.ts(86,25): error TS2339: Property 'metadata' does not exist on type 'PgTableWithColumns<{ name: "secrets"; schema: undefined; columns: { id: PgColumn<{ name: "id"; tableName: "secrets"; dataType: "string"; columnType: "PgUUID"; data: string; driverParam: string; notNull: true; hasDefault: true; ... 6 more ...; generated: undefined; }, {}, {}>; ... 5 more ...; updatedAt: PgColumn<...>...'.
server/services/secrets.ts(115,27): error TS2339: Property 'valueEnc' does not exist on type '{ id: string; projectId: string; key: string; value: string; environment: string | null; createdAt: Date | null; updatedAt: Date | null; }'.
server/services/secrets.ts(135,27): error TS2339: Property 'valueEnc' does not exist on type '{ id: string; projectId: string; key: string; value: string; environment: string | null; createdAt: Date | null; updatedAt: Date | null; }'.
server/services/secrets.ts(176,6): error TS2769: No overload matches this call.
  Overload 1 of 2, '(value: { value: string | SQL<unknown> | Placeholder<string, any>; projectId: string | SQL<unknown> | Placeholder<string, any>; key: string | SQL<unknown> | Placeholder<...>; id?: string | ... 2 more ... | undefined; createdAt?: SQL<...> | ... 3 more ... | undefined; updatedAt?: SQL<...> | ... 3 more ... | undefined; environment?: string | ... 3 more ... | undefined; }): PgInsertBase<...>', gave the following error.
    Object literal may only specify known properties, and 'valueEnc' does not exist in type '{ value: string | SQL<unknown> | Placeholder<string, any>; projectId: string | SQL<unknown> | Placeholder<string, any>; key: string | SQL<unknown> | Placeholder<string, any>; id?: string | ... 2 more ... | undefined; createdAt?: SQL<...> | ... 3 more ... | undefined; updatedAt?: SQL<...> | ... 3 more ... | undefined...'.
  Overload 2 of 2, '(values: { value: string | SQL<unknown> | Placeholder<string, any>; projectId: string | SQL<unknown> | Placeholder<string, any>; key: string | SQL<unknown> | Placeholder<...>; id?: string | ... 2 more ... | undefined; createdAt?: SQL<...> | ... 3 more ... | undefined; updatedAt?: SQL<...> | ... 3 more ... | undefined; environment?: string | ... 3 more ... | undefined; }[]): PgInsertBase<...>', gave the following error.
    Object literal may only specify known properties, and 'projectId' does not exist in type '{ value: string | SQL<unknown> | Placeholder<string, any>; projectId: string | SQL<unknown> | Placeholder<string, any>; key: string | SQL<unknown> | Placeholder<string, any>; id?: string | ... 2 more ... | undefined; createdAt?: SQL<...> | ... 3 more ... | undefined; updatedAt?: SQL<...> | ... 3 more ... | undefined...'.
server/services/secrets.ts(189,18): error TS2339: Property 'type' does not exist on type '{ id: string; createdAt: Date | null; updatedAt: Date | null; value: string; projectId: string; key: string; environment: string | null; }'.
server/services/secrets.ts(190,22): error TS2339: Property 'metadata' does not exist on type '{ id: string; createdAt: Date | null; updatedAt: Date | null; value: string; projectId: string; key: string; environment: string | null; }'.
server/services/secrets.ts(222,28): error TS2339: Property 'type' does not exist on type 'Partial<{ value: string; projectId: string; key: string; id?: string | undefined; createdAt?: Date | null | undefined; updatedAt?: Date | null | undefined; environment?: string | null | undefined; }>'.
server/services/secrets.ts(223,46): error TS2339: Property 'metadata' does not exist on type 'Partial<{ value: string; projectId: string; key: string; id?: string | undefined; createdAt?: Date | null | undefined; updatedAt?: Date | null | undefined; environment?: string | null | undefined; }>'.
server/services/secrets.ts(225,13): error TS2339: Property 'valueEnc' does not exist on type 'Partial<{ value: string; projectId: string; key: string; id?: string | undefined; createdAt?: Date | null | undefined; updatedAt?: Date | null | undefined; environment?: string | null | undefined; }>'.
server/services/secrets.ts(243,18): error TS2339: Property 'type' does not exist on type '{ id: string; projectId: string; key: string; value: string; environment: string | null; createdAt: Date | null; updatedAt: Date | null; }'.
server/services/secrets.ts(244,22): error TS2339: Property 'metadata' does not exist on type '{ id: string; projectId: string; key: string; value: string; environment: string | null; createdAt: Date | null; updatedAt: Date | null; }'.
server/services/TeamService.ts(1,63): error TS2305: Module '"@shared/schema"' has no exported member 'TeamRole'.
server/services/TeamService.ts(34,19): error TS2339: Property 'tenantId' does not exist on type '{ email: string; id: string; name: string | null; avatarUrl: string | null; role: "admin" | "user" | "guest"; provider: "google" | "github" | "email"; defaultTenantId: string | null; createdAt: Date | null; updatedAt: Date | null; lastLoginAt: Date | null; }'.
server/services/TeamService.ts(41,27): error TS2339: Property 'tenantId' does not exist on type '{ email: string; id: string; name: string | null; avatarUrl: string | null; role: "admin" | "user" | "guest"; provider: "google" | "github" | "email"; defaultTenantId: string | null; createdAt: Date | null; updatedAt: Date | null; lastLoginAt: Date | null; }'.
server/services/TeamService.ts(92,29): error TS2339: Property 'firstName' does not exist on type '{ email: string; id: string; name: string | null; avatarUrl: string | null; role: "admin" | "user" | "guest"; provider: "google" | "github" | "email"; defaultTenantId: string | null; createdAt: Date | null; updatedAt: Date | null; lastLoginAt: Date | null; }'.
server/services/TeamService.ts(93,28): error TS2339: Property 'lastName' does not exist on type '{ email: string; id: string; name: string | null; avatarUrl: string | null; role: "admin" | "user" | "guest"; provider: "google" | "github" | "email"; defaultTenantId: string | null; createdAt: Date | null; updatedAt: Date | null; lastLoginAt: Date | null; }'.
server/services/TemplateSharingService.ts(1,21): error TS2305: Module '"@shared/schema"' has no exported member 'SurveyTemplate'.
server/services/UserPreferencesService.ts(1,15): error TS2305: Module '"@shared/schema"' has no exported member 'UserPreferences'.
server/services/VariableService.ts(1,15): error TS2305: Module '"@shared/schema"' has no exported member 'WorkflowVariable'.
server/services/VersionService.ts(3,39): error TS2305: Module '"@shared/schema"' has no exported member 'auditEvents'.
server/services/WorkflowService.ts(3,83): error TS2305: Module '"@shared/schema"' has no exported member 'PrincipalType'.
server/services/WorkflowService.ts(3,98): error TS2305: Module '"@shared/schema"' has no exported member 'AccessRole'.
server/services/WorkflowService.ts(4,68): error TS2305: Module '"@shared/schema"' has no exported member 'auditEvents'.
server/services/WorkflowService.ts(397,19): error TS2339: Property 'defaultMode' does not exist on type '{ email: string; id: string; name: string | null; avatarUrl: string | null; role: "admin" | "user" | "guest"; provider: "google" | "github" | "email"; defaultTenantId: string | null; createdAt: Date | null; updatedAt: Date | null; lastLoginAt: Date | null; }'.
server/services/WorkflowTemplateService.ts(1,33): error TS2724: '"@shared/schema"' has no exported member named 'InsertWorkflowTemplate'. Did you mean 'WorkflowTemplate'?
server/storage.ts(20,8): error TS2724: '"@shared/schema"' has no exported member named 'UpsertUser'. Did you mean 'InsertUser'?
server/storage.ts(22,8): error TS2305: Module '"@shared/schema"' has no exported member 'InsertSurvey'.
server/storage.ts(23,8): error TS2724: '"@shared/schema"' has no exported member named 'SurveyPage'. Did you mean 'surveyPages'?
server/storage.ts(24,8): error TS2305: Module '"@shared/schema"' has no exported member 'InsertSurveyPage'.
server/storage.ts(26,8): error TS2724: '"@shared/schema"' has no exported member named 'InsertQuestion'. Did you mean 'InsertSection'?
server/storage.ts(27,8): error TS2724: '"@shared/schema"' has no exported member named 'LoopGroupSubquestion'. Did you mean 'loopGroupSubquestions'?
server/storage.ts(28,8): error TS2724: '"@shared/schema"' has no exported member named 'InsertLoopGroupSubquestion'. Did you mean 'loopGroupSubquestions'?
server/storage.ts(29,8): error TS2724: '"@shared/schema"' has no exported member named 'ConditionalRule'. Did you mean 'conditionalRules'?
server/storage.ts(30,8): error TS2724: '"@shared/schema"' has no exported member named 'InsertConditionalRule'. Did you mean 'conditionalRules'?
server/storage.ts(31,8): error TS2305: Module '"@shared/schema"' has no exported member 'QuestionWithSubquestions'.
server/storage.ts(33,8): error TS2305: Module '"@shared/schema"' has no exported member 'InsertResponse'.
server/storage.ts(35,8): error TS2724: '"@shared/schema"' has no exported member named 'InsertAnswer'. Did you mean 'InsertUser'?
server/storage.ts(36,8): error TS2724: '"@shared/schema"' has no exported member named 'AnalyticsEvent'. Did you mean 'analyticsEvents'?
server/storage.ts(37,8): error TS2305: Module '"@shared/schema"' has no exported member 'DashboardStats'.
server/storage.ts(38,8): error TS2305: Module '"@shared/schema"' has no exported member 'ActivityItem'.
server/storage.ts(39,8): error TS2305: Module '"@shared/schema"' has no exported member 'SurveyAnalytics'.
server/storage.ts(40,8): error TS2305: Module '"@shared/schema"' has no exported member 'ResponseTrend'.
server/storage.ts(41,8): error TS2305: Module '"@shared/schema"' has no exported member 'BulkOperationRequest'.
server/storage.ts(42,8): error TS2305: Module '"@shared/schema"' has no exported member 'BulkOperationResult'.
server/storage.ts(43,8): error TS2305: Module '"@shared/schema"' has no exported member 'SurveyDuplication'.
server/storage.ts(44,8): error TS2724: '"@shared/schema"' has no exported member named 'File'. Did you mean 'files'?
server/storage.ts(45,8): error TS2305: Module '"@shared/schema"' has no exported member 'QuestionAnalytics'.
server/storage.ts(46,8): error TS2305: Module '"@shared/schema"' has no exported member 'PageAnalytics'.
server/storage.ts(47,8): error TS2305: Module '"@shared/schema"' has no exported member 'CompletionFunnelData'.
server/storage.ts(48,8): error TS2305: Module '"@shared/schema"' has no exported member 'TimeSpentData'.
server/storage.ts(49,8): error TS2305: Module '"@shared/schema"' has no exported member 'EngagementMetrics'.
server/storage.ts(50,8): error TS2724: '"@shared/schema"' has no exported member named 'AnonymousResponseTracking'. Did you mean 'anonymousResponseTracking'?
server/storage.ts(51,8): error TS2724: '"@shared/schema"' has no exported member named 'InsertAnonymousResponseTracking'. Did you mean 'anonymousResponseTracking'?
server/storage.ts(52,8): error TS2305: Module '"@shared/schema"' has no exported member 'AnonymousSurveyConfig'.
server/utils/ownershipAccess.ts(68,36): error TS2339: Property 'orgId' does not exist on type 'PgTableWithColumns<{ name: "organization_memberships"; schema: undefined; columns: { id: PgColumn<{ name: "id"; tableName: "organization_memberships"; dataType: "string"; columnType: "PgUUID"; data: string; driverParam: string; ... 8 more ...; generated: undefined; }, {}, {}>; userId: PgColumn<...>; tenantId: PgColu...'.
server/utils/ownershipAccess.ts(89,36): error TS2339: Property 'orgId' does not exist on type 'PgTableWithColumns<{ name: "organization_memberships"; schema: undefined; columns: { id: PgColumn<{ name: "id"; tableName: "organization_memberships"; dataType: "string"; columnType: "PgUUID"; data: string; driverParam: string; ... 8 more ...; generated: undefined; }, {}, {}>; userId: PgColumn<...>; tenantId: PgColu...'.
server/utils/ownershipAccess.ts(91,9): error TS2769: No overload matches this call.
  Overload 1 of 3, '(left: PgColumn<{ name: "role"; tableName: "organization_memberships"; dataType: "string"; columnType: "PgEnumColumn"; data: "owner" | "builder" | "runner" | "viewer"; driverParam: string; notNull: true; ... 7 more ...; generated: undefined; }, {}, {}>, right: "owner" | ... 3 more ... | SQLWrapper): SQL<...>', gave the following error.
    Argument of type '"admin"' is not assignable to parameter of type '"owner" | "builder" | "runner" | "viewer" | SQLWrapper'.
  Overload 2 of 3, '(left: Aliased<string>, right: string | SQLWrapper): SQL<unknown>', gave the following error.
    Argument of type 'PgColumn<{ name: "role"; tableName: "organization_memberships"; dataType: "string"; columnType: "PgEnumColumn"; data: "owner" | "builder" | "runner" | "viewer"; driverParam: string; notNull: true; ... 7 more ...; generated: undefined; }, {}, {}>' is not assignable to parameter of type 'Aliased<string>'.
      Type 'PgColumn<{ name: "role"; tableName: "organization_memberships"; dataType: "string"; columnType: "PgEnumColumn"; data: "owner" | "builder" | "runner" | "viewer"; driverParam: string; notNull: true; ... 7 more ...; generated: undefined; }, {}, {}>' is missing the following properties from type 'Aliased<string>': sql, fieldAlias
  Overload 3 of 3, '(left: never, right: unknown): SQL<unknown>', gave the following error.
    Argument of type 'PgColumn<{ name: "role"; tableName: "organization_memberships"; dataType: "string"; columnType: "PgEnumColumn"; data: "owner" | "builder" | "runner" | "viewer"; driverParam: string; notNull: true; ... 7 more ...; generated: undefined; }, {}, {}>' is not assignable to parameter of type 'never'.
server/utils/ownershipAccess.ts(108,46): error TS2339: Property 'orgId' does not exist on type 'PgTableWithColumns<{ name: "organization_memberships"; schema: undefined; columns: { id: PgColumn<{ name: "id"; tableName: "organization_memberships"; dataType: "string"; columnType: "PgUUID"; data: string; driverParam: string; ... 8 more ...; generated: undefined; }, {}, {}>; userId: PgColumn<...>; tenantId: PgColu...'.
server/utils/variableResolver.ts(1,15): error TS2305: Module '"@shared/schema"' has no exported member 'WorkflowVariable'.
shared/conditionalLogic.ts(9,3): error TS2724: '"./schema"' has no exported member named 'ConditionalRule'. Did you mean 'conditionalRules'?
shared/conditionalLogic.ts(10,3): error TS2305: Module '"./schema"' has no exported member 'ConditionalEvaluationResult'.
shared/conditionalLogic.ts(11,3): error TS2305: Module '"./schema"' has no exported member 'ConditionalLogicConfig'.
shared/conditionalLogic.ts(12,3): error TS2305: Module '"./schema"' has no exported member 'ConditionalCondition'.
shared/conditionalLogic.ts(222,53): error TS2345: Argument of type 'unknown' is not assignable to parameter of type 'ConditionalRule[]'.
shared/conditionalLogic.ts(431,30): error TS7006: Parameter 'condition' implicitly has an 'any' type.
shared/conditionalLogic.ts(431,41): error TS7006: Parameter 'index' implicitly has an 'any' type.
shared/schema/auth.ts(51,14): error TS2451: Cannot redeclare block-scoped variable 'tenants'.
shared/schema/auth.ts(148,14): error TS2451: Cannot redeclare block-scoped variable 'tenants'.
shared/schema/billing.ts(18,32): error TS2305: Module '"./auth"' has no exported member 'workflows'.
shared/schema/index.ts(7,1): error TS2308: Module './workflow' has already exported a member named 'conditionOperatorEnum'. Consider explicitly re-exporting to resolve the ambiguity.
shared/schema/index.ts(7,1): error TS2308: Module './workflow' has already exported a member named 'conditionalActionEnum'. Consider explicitly re-exporting to resolve the ambiguity.
shared/schema/relations.ts(10,49): error TS2305: Module '"./workflow"' has no exported member 'templateGenerationMetrics'.
shared/schema/relations.ts(16,19): error TS2300: Duplicate identifier 'analyticsEvents'.
shared/schema/relations.ts(16,19): error TS2305: Module '"./run"' has no exported member 'analyticsEvents'.
shared/schema/relations.ts(22,5): error TS2300: Duplicate identifier 'analyticsEvents'.
tests/factories/builders.ts(484,59): error TS2769: No overload matches this call.
  Overload 1 of 2, '(value: { tenantId: string | SQL<unknown> | Placeholder<string, any>; userId: string | SQL<unknown> | Placeholder<string, any>; id?: string | SQL<unknown> | Placeholder<...> | undefined; role?: "owner" | ... 5 more ... | undefined; joinedAt?: SQL<...> | ... 3 more ... | undefined; }): PgInsertBase<...>', gave the following error.
    Type '"admin"' is not assignable to type '"owner" | "builder" | "runner" | "viewer" | SQL<unknown> | Placeholder<string, any> | undefined'.
  Overload 2 of 2, '(values: { tenantId: string | SQL<unknown> | Placeholder<string, any>; userId: string | SQL<unknown> | Placeholder<string, any>; id?: string | SQL<unknown> | Placeholder<...> | undefined; role?: "owner" | ... 5 more ... | undefined; joinedAt?: SQL<...> | ... 3 more ... | undefined; }[]): PgInsertBase<...>', gave the following error.
    Object literal may only specify known properties, and 'orgId' does not exist in type '{ tenantId: string | SQL<unknown> | Placeholder<string, any>; userId: string | SQL<unknown> | Placeholder<string, any>; id?: string | SQL<unknown> | Placeholder<string, any> | undefined; role?: "owner" | ... 5 more ... | undefined; joinedAt?: SQL<...> | ... 3 more ... | undefined; }[]'.
tests/factories/index.ts(60,32): error TS2339: Property 'firstName' does not exist on type 'DeepPartial<{ email: string; id: string; name: string | null; avatarUrl: string | null; role: "admin" | "user" | "guest"; provider: "google" | "github" | "email"; defaultTenantId: string | null; createdAt: Date | null; updatedAt: Date | null; lastLoginAt: Date | null; }>'.
tests/factories/index.ts(61,31): error TS2339: Property 'lastName' does not exist on type 'DeepPartial<{ email: string; id: string; name: string | null; avatarUrl: string | null; role: "admin" | "user" | "guest"; provider: "google" | "github" | "email"; defaultTenantId: string | null; createdAt: Date | null; updatedAt: Date | null; lastLoginAt: Date | null; }>'.
tests/factories/index.ts(65,26): error TS2339: Property 'fullName' does not exist on type 'DeepPartial<{ email: string; id: string; name: string | null; avatarUrl: string | null; role: "admin" | "user" | "guest"; provider: "google" | "github" | "email"; defaultTenantId: string | null; createdAt: Date | null; updatedAt: Date | null; lastLoginAt: Date | null; }>'.
tests/factories/index.ts(68,33): error TS2339: Property 'profileImageUrl' does not exist on type 'DeepPartial<{ email: string; id: string; name: string | null; avatarUrl: string | null; role: "admin" | "user" | "guest"; provider: "google" | "github" | "email"; defaultTenantId: string | null; createdAt: Date | null; updatedAt: Date | null; lastLoginAt: Date | null; }>'.
tests/factories/index.ts(69,26): error TS2339: Property 'tenantId' does not exist on type 'DeepPartial<{ email: string; id: string; name: string | null; avatarUrl: string | null; role: "admin" | "user" | "guest"; provider: "google" | "github" | "email"; defaultTenantId: string | null; createdAt: Date | null; updatedAt: Date | null; lastLoginAt: Date | null; }>'.
tests/factories/index.ts(70,5): error TS2322: Type '"admin" | "user" | "guest" | "creator"' is not assignable to type '"admin" | "user" | "guest"'.
  Type '"creator"' is not assignable to type '"admin" | "user" | "guest"'.
tests/factories/index.ts(71,28): error TS2339: Property 'tenantRole' does not exist on type 'DeepPartial<{ email: string; id: string; name: string | null; avatarUrl: string | null; role: "admin" | "user" | "guest"; provider: "google" | "github" | "email"; defaultTenantId: string | null; createdAt: Date | null; updatedAt: Date | null; lastLoginAt: Date | null; }>'.
tests/factories/index.ts(72,30): error TS2551: Property 'authProvider' does not exist on type 'DeepPartial<{ email: string; id: string; name: string | null; avatarUrl: string | null; role: "admin" | "user" | "guest"; provider: "google" | "github" | "email"; defaultTenantId: string | null; createdAt: Date | null; updatedAt: Date | null; lastLoginAt: Date | null; }>'. Did you mean 'provider'?
tests/factories/index.ts(73,29): error TS2339: Property 'defaultMode' does not exist on type 'DeepPartial<{ email: string; id: string; name: string | null; avatarUrl: string | null; role: "admin" | "user" | "guest"; provider: "google" | "github" | "email"; defaultTenantId: string | null; createdAt: Date | null; updatedAt: Date | null; lastLoginAt: Date | null; }>'.
tests/factories/index.ts(74,31): error TS2339: Property 'emailVerified' does not exist on type 'DeepPartial<{ email: string; id: string; name: string | null; avatarUrl: string | null; role: "admin" | "user" | "guest"; provider: "google" | "github" | "email"; defaultTenantId: string | null; createdAt: Date | null; updatedAt: Date | null; lastLoginAt: Date | null; }>'.
tests/factories/index.ts(75,28): error TS2339: Property 'mfaEnabled' does not exist on type 'DeepPartial<{ email: string; id: string; name: string | null; avatarUrl: string | null; role: "admin" | "user" | "guest"; provider: "google" | "github" | "email"; defaultTenantId: string | null; createdAt: Date | null; updatedAt: Date | null; lastLoginAt: Date | null; }>'.
tests/factories/index.ts(76,36): error TS2339: Property 'lastPasswordChange' does not exist on type 'DeepPartial<{ email: string; id: string; name: string | null; avatarUrl: string | null; role: "admin" | "user" | "guest"; provider: "google" | "github" | "email"; defaultTenantId: string | null; createdAt: Date | null; updatedAt: Date | null; lastLoginAt: Date | null; }>'.
tests/factories/index.ts(77,31): error TS2339: Property 'isPlaceholder' does not exist on type 'DeepPartial<{ email: string; id: string; name: string | null; avatarUrl: string | null; role: "admin" | "user" | "guest"; provider: "google" | "github" | "email"; defaultTenantId: string | null; createdAt: Date | null; updatedAt: Date | null; lastLoginAt: Date | null; }>'.
tests/factories/index.ts(78,34): error TS2339: Property 'placeholderEmail' does not exist on type 'DeepPartial<{ email: string; id: string; name: string | null; avatarUrl: string | null; role: "admin" | "user" | "guest"; provider: "google" | "github" | "email"; defaultTenantId: string | null; createdAt: Date | null; updatedAt: Date | null; lastLoginAt: Date | null; }>'.
tests/factories/index.ts(110,5): error TS2353: Object literal may only specify known properties, and 'billingEmail' does not exist in type 'Omit<{ id: string; name: string; createdAt: Date | null; updatedAt: Date | null; slug: string; plan: "free" | "pro" | "enterprise"; ownerId: string; settings: unknown; domainVerificationToken: string | null; customDomain: string | null; mfaRequired: boolean | null; }, "id" | ... 1 more ... | "updatedAt">'.
tests/factories/index.ts(110,30): error TS2339: Property 'billingEmail' does not exist on type 'DeepPartial<{ id: string; name: string; createdAt: Date | null; updatedAt: Date | null; slug: string; plan: "free" | "pro" | "enterprise"; ownerId: string; settings: unknown; domainVerificationToken: string | null; customDomain: string | null; mfaRequired: boolean | null; }>'.
tests/factories/index.ts(113,26): error TS2339: Property 'branding' does not exist on type 'DeepPartial<{ id: string; name: string; createdAt: Date | null; updatedAt: Date | null; slug: string; plan: "free" | "pro" | "enterprise"; ownerId: string; settings: unknown; domainVerificationToken: string | null; customDomain: string | null; mfaRequired: boolean | null; }>'.
tests/factories/index.ts(126,29): error TS2339: Property 'description' does not exist on type 'DeepPartial<{ id: string; name: string; createdAt: Date | null; updatedAt: Date | null; slug: string; plan: string; ownerId: string; domainVerificationToken: string | null; customDomain: string | null; mfaRequired: boolean | null; stripeCustomerId: string | null; }>'.
tests/factories/index.ts(127,5): error TS2322: Type 'string | null' is not assignable to type 'string'.
  Type 'null' is not assignable to type 'string'.
tests/factories/index.ts(128,24): error TS2339: Property 'domain' does not exist on type 'DeepPartial<{ id: string; name: string; createdAt: Date | null; updatedAt: Date | null; slug: string; plan: string; ownerId: string; domainVerificationToken: string | null; customDomain: string | null; mfaRequired: boolean | null; stripeCustomerId: string | null; }>'.
tests/factories/index.ts(129,26): error TS2339: Property 'settings' does not exist on type 'DeepPartial<{ id: string; name: string; createdAt: Date | null; updatedAt: Date | null; slug: string; plan: string; ownerId: string; domainVerificationToken: string | null; customDomain: string | null; mfaRequired: boolean | null; stripeCustomerId: string | null; }>'.
tests/factories/index.ts(130,33): error TS2339: Property 'createdByUserId' does not exist on type 'DeepPartial<{ id: string; name: string; createdAt: Date | null; updatedAt: Date | null; slug: string; plan: string; ownerId: string; domainVerificationToken: string | null; customDomain: string | null; mfaRequired: boolean | null; stripeCustomerId: string | null; }>'.
tests/factories/index.ts(131,26): error TS2339: Property 'tenantId' does not exist on type 'DeepPartial<{ id: string; name: string; createdAt: Date | null; updatedAt: Date | null; slug: string; plan: string; ownerId: string; domainVerificationToken: string | null; customDomain: string | null; mfaRequired: boolean | null; stripeCustomerId: string | null; }>'.
tests/factories/userFactory.ts(29,5): error TS2322: Type '"creator"' is not assignable to type '"admin" | "user" | "guest"'.
tests/helpers/authMocks.ts(78,5): error TS2353: Object literal may only specify known properties, and 'session' does not exist in type 'Partial<Request<ParamsDictionary, any, any, ParsedQs, Record<string, any>>>'.
tests/helpers/integrationTestHelper.ts(91,52): error TS2769: No overload matches this call.
  Overload 1 of 2, '(value: { name: string | SQL<unknown> | Placeholder<string, any>; slug: string | SQL<unknown> | Placeholder<string, any>; ownerId: string | SQL<unknown> | Placeholder<...>; ... 7 more ...; mfaRequired?: boolean | ... 3 more ... | undefined; }): PgInsertBase<...>', gave the following error.
    Argument of type '{ name: string; plan: "pro"; }' is not assignable to parameter of type '{ name: string | SQL<unknown> | Placeholder<string, any>; slug: string | SQL<unknown> | Placeholder<string, any>; ownerId: string | SQL<unknown> | Placeholder<string, any>; ... 7 more ...; mfaRequired?: boolean | ... 3 more ... | undefined; }'.
      Type '{ name: string; plan: "pro"; }' is missing the following properties from type '{ name: string | SQL<unknown> | Placeholder<string, any>; slug: string | SQL<unknown> | Placeholder<string, any>; ownerId: string | SQL<unknown> | Placeholder<string, any>; ... 7 more ...; mfaRequired?: boolean | ... 3 more ... | undefined; }': slug, ownerId
  Overload 2 of 2, '(values: { name: string | SQL<unknown> | Placeholder<string, any>; slug: string | SQL<unknown> | Placeholder<string, any>; ownerId: string | SQL<unknown> | Placeholder<...>; ... 7 more ...; mfaRequired?: boolean | ... 3 more ... | undefined; }[]): PgInsertBase<...>', gave the following error.
    Object literal may only specify known properties, and 'name' does not exist in type '{ name: string | SQL<unknown> | Placeholder<string, any>; slug: string | SQL<unknown> | Placeholder<string, any>; ownerId: string | SQL<unknown> | Placeholder<string, any>; ... 7 more ...; mfaRequired?: boolean | ... 3 more ... | undefined; }[]'.
tests/helpers/integrationTestHelper.ts(119,7): error TS2322: Type '"admin" | "creator"' is not assignable to type '"admin" | "user" | "guest" | SQL<unknown> | PgColumn<ColumnBaseConfig<ColumnDataType, string>, {}, {}> | undefined'.
  Type '"creator"' is not assignable to type '"admin" | "user" | "guest" | SQL<unknown> | PgColumn<ColumnBaseConfig<ColumnDataType, string>, {}, {}> | undefined'.
tests/helpers/integrationTestHelper.ts(125,55): error TS2769: No overload matches this call.
  Overload 1 of 2, '(value: { name: string | SQL<unknown> | Placeholder<string, any>; slug: string | SQL<unknown> | Placeholder<string, any>; ownerId: string | SQL<unknown> | Placeholder<...>; ... 7 more ...; stripeCustomerId?: string | ... 3 more ... | undefined; }): PgInsertBase<...>', gave the following error.
    Object literal may only specify known properties, and 'tenantId' does not exist in type '{ name: string | SQL<unknown> | Placeholder<string, any>; slug: string | SQL<unknown> | Placeholder<string, any>; ownerId: string | SQL<unknown> | Placeholder<string, any>; ... 7 more ...; stripeCustomerId?: string | ... 3 more ... | undefined; }'.
  Overload 2 of 2, '(values: { name: string | SQL<unknown> | Placeholder<string, any>; slug: string | SQL<unknown> | Placeholder<string, any>; ownerId: string | SQL<unknown> | Placeholder<...>; ... 7 more ...; stripeCustomerId?: string | ... 3 more ... | undefined; }[]): PgInsertBase<...>', gave the following error.
    Object literal may only specify known properties, and 'name' does not exist in type '{ name: string | SQL<unknown> | Placeholder<string, any>; slug: string | SQL<unknown> | Placeholder<string, any>; ownerId: string | SQL<unknown> | Placeholder<string, any>; ... 7 more ...; stripeCustomerId?: string | ... 3 more ... | undefined; }[]'.
tests/helpers/integrationTestHelper.ts(132,51): error TS2769: No overload matches this call.
  Overload 1 of 2, '(value: { tenantId: string | SQL<unknown> | Placeholder<string, any>; userId: string | SQL<unknown> | Placeholder<string, any>; id?: string | SQL<unknown> | Placeholder<...> | undefined; role?: "owner" | ... 5 more ... | undefined; joinedAt?: SQL<...> | ... 3 more ... | undefined; }): PgInsertBase<...>', gave the following error.
    Type '"admin"' is not assignable to type '"owner" | "builder" | "runner" | "viewer" | SQL<unknown> | Placeholder<string, any> | undefined'.
  Overload 2 of 2, '(values: { tenantId: string | SQL<unknown> | Placeholder<string, any>; userId: string | SQL<unknown> | Placeholder<string, any>; id?: string | SQL<unknown> | Placeholder<...> | undefined; role?: "owner" | ... 5 more ... | undefined; joinedAt?: SQL<...> | ... 3 more ... | undefined; }[]): PgInsertBase<...>', gave the following error.
    Object literal may only specify known properties, and 'orgId' does not exist in type '{ tenantId: string | SQL<unknown> | Placeholder<string, any>; userId: string | SQL<unknown> | Placeholder<string, any>; id?: string | SQL<unknown> | Placeholder<string, any> | undefined; role?: "owner" | ... 5 more ... | undefined; joinedAt?: SQL<...> | ... 3 more ... | undefined; }[]'.
tests/helpers/integrationTestHelper.ts(159,111): error TS2339: Property 'tenantId' does not exist on type 'PgTableWithColumns<{ name: "users"; schema: undefined; columns: { id: PgColumn<{ name: "id"; tableName: "users"; dataType: "string"; columnType: "PgVarchar"; data: string; driverParam: string; notNull: true; hasDefault: false; ... 6 more ...; generated: undefined; }, {}, { ...; }>; ... 8 more ...; lastLoginAt: PgCol...'.
tests/helpers/integrationTestHelper.ts(243,7): error TS2353: Object literal may only specify known properties, and 'tenantId' does not exist in type '{ email?: string | SQL<unknown> | PgColumn<ColumnBaseConfig<ColumnDataType, string>, {}, {}> | undefined; id?: string | SQL<unknown> | PgColumn<...> | undefined; ... 7 more ...; lastLoginAt?: SQL<...> | ... 3 more ... | undefined; }'.
tests/helpers/testUtils.ts(9,3): error TS2305: Module '"@shared/schema"' has no exported member 'userCredentials'.
tests/helpers/testUtils.ts(10,3): error TS2305: Module '"@shared/schema"' has no exported member 'refreshTokens'.
tests/helpers/testUtils.ts(11,3): error TS2305: Module '"@shared/schema"' has no exported member 'emailVerificationTokens'.
tests/helpers/testUtils.ts(12,3): error TS2724: '"@shared/schema"' has no exported member named 'mfaSecrets'. Did you mean 'secrets'?
tests/helpers/testUtils.ts(13,3): error TS2305: Module '"@shared/schema"' has no exported member 'mfaBackupCodes'.
tests/helpers/testUtils.ts(14,3): error TS2305: Module '"@shared/schema"' has no exported member 'trustedDevices'.
tests/helpers/testUtils.ts(15,3): error TS2305: Module '"@shared/schema"' has no exported member 'accountLocks'.
tests/helpers/testUtils.ts(16,3): error TS2305: Module '"@shared/schema"' has no exported member 'loginAttempts'.
tests/helpers/testUtils.ts(18,3): error TS2305: Module '"@shared/schema"' has no exported member 'workspaceInvitations'.
tests/helpers/testUtils.ts(151,26): error TS2769: No overload matches this call.
  Overload 1 of 2, '(value: { email: string | SQL<unknown> | Placeholder<string, any>; id: string | SQL<unknown> | Placeholder<string, any>; name?: string | SQL<unknown> | Placeholder<string, any> | null | undefined; ... 6 more ...; lastLoginAt?: SQL<...> | ... 3 more ... | undefined; }): PgInsertBase<...>', gave the following error.
    Type '"creator"' is not assignable to type '"admin" | "user" | "guest" | SQL<unknown> | Placeholder<string, any> | undefined'.
  Overload 2 of 2, '(values: { email: string | SQL<unknown> | Placeholder<string, any>; id: string | SQL<unknown> | Placeholder<string, any>; name?: string | SQL<unknown> | Placeholder<string, any> | null | undefined; ... 6 more ...; lastLoginAt?: SQL<...> | ... 3 more ... | undefined; }[]): PgInsertBase<...>', gave the following error.
    Object literal may only specify known properties, and 'id' does not exist in type '{ email: string | SQL<unknown> | Placeholder<string, any>; id: string | SQL<unknown> | Placeholder<string, any>; name?: string | SQL<unknown> | Placeholder<string, any> | null | undefined; ... 6 more ...; lastLoginAt?: SQL<...> | ... 3 more ... | undefined; }[]'.
tests/helpers/testUtils.ts(225,32): error TS2551: Property 'mfaSecrets' does not exist on type '{ readonly users: RelationalQueryBuilder<ExtractTablesWithRelations<typeof import("C:/Users/scoot/poll/VaultLogic/shared/schema")>, { tsName: "users"; dbName: "users"; columns: { id: PgColumn<{ ...; }, {}, { ...; }>; ... 8 more ...; lastLoginAt: PgColumn<...>; }; relations: { ...; }; primaryKey: AnyColumn[]; }>; ......'. Did you mean 'secrets'?
tests/helpers/testUtils.ts(234,12): error TS2353: Object literal may only specify known properties, and 'mfaEnabled' does not exist in type '{ email?: string | SQL<unknown> | PgColumn<ColumnBaseConfig<ColumnDataType, string>, {}, {}> | undefined; id?: string | SQL<unknown> | PgColumn<...> | undefined; ... 7 more ...; lastLoginAt?: SQL<...> | ... 3 more ... | undefined; }'.
tests/integration/ai/workflowEdit.test.ts(8,82): error TS2305: Module '"../../../shared/schema"' has no exported member 'auditEvents'.
tests/integration/ai/workflowEdit.test.ts(104,47): error TS2769: No overload matches this call.
  Overload 1 of 2, '(value: { name: string | SQL<unknown> | Placeholder<string, any>; slug: string | SQL<unknown> | Placeholder<string, any>; ownerId: string | SQL<unknown> | Placeholder<...>; ... 7 more ...; mfaRequired?: boolean | ... 3 more ... | undefined; }): PgInsertBase<...>', gave the following error.
    Argument of type '{ id: `${string}-${string}-${string}-${string}-${string}`; name: string; plan: "pro"; }' is not assignable to parameter of type '{ name: string | SQL<unknown> | Placeholder<string, any>; slug: string | SQL<unknown> | Placeholder<string, any>; ownerId: string | SQL<unknown> | Placeholder<string, any>; ... 7 more ...; mfaRequired?: boolean | ... 3 more ... | undefined; }'.
      Type '{ id: `${string}-${string}-${string}-${string}-${string}`; name: string; plan: "pro"; }' is missing the following properties from type '{ name: string | SQL<unknown> | Placeholder<string, any>; slug: string | SQL<unknown> | Placeholder<string, any>; ownerId: string | SQL<unknown> | Placeholder<string, any>; ... 7 more ...; mfaRequired?: boolean | ... 3 more ... | undefined; }': slug, ownerId
  Overload 2 of 2, '(values: { name: string | SQL<unknown> | Placeholder<string, any>; slug: string | SQL<unknown> | Placeholder<string, any>; ownerId: string | SQL<unknown> | Placeholder<...>; ... 7 more ...; mfaRequired?: boolean | ... 3 more ... | undefined; }[]): PgInsertBase<...>', gave the following error.
    Object literal may only specify known properties, and 'id' does not exist in type '{ name: string | SQL<unknown> | Placeholder<string, any>; slug: string | SQL<unknown> | Placeholder<string, any>; ownerId: string | SQL<unknown> | Placeholder<string, any>; ... 7 more ...; mfaRequired?: boolean | ... 3 more ... | undefined; }[]'.
tests/integration/ai/workflowEdit.test.ts(112,43): error TS2769: No overload matches this call.
  Overload 1 of 2, '(value: { email: string | SQL<unknown> | Placeholder<string, any>; id: string | SQL<unknown> | Placeholder<string, any>; name?: string | SQL<unknown> | Placeholder<string, any> | null | undefined; ... 6 more ...; lastLoginAt?: SQL<...> | ... 3 more ... | undefined; }): PgInsertBase<...>', gave the following error.
    Object literal may only specify known properties, and 'fullName' does not exist in type '{ email: string | SQL<unknown> | Placeholder<string, any>; id: string | SQL<unknown> | Placeholder<string, any>; name?: string | SQL<unknown> | Placeholder<string, any> | null | undefined; ... 6 more ...; lastLoginAt?: SQL<...> | ... 3 more ... | undefined; }'.
  Overload 2 of 2, '(values: { email: string | SQL<unknown> | Placeholder<string, any>; id: string | SQL<unknown> | Placeholder<string, any>; name?: string | SQL<unknown> | Placeholder<string, any> | null | undefined; ... 6 more ...; lastLoginAt?: SQL<...> | ... 3 more ... | undefined; }[]): PgInsertBase<...>', gave the following error.
    Object literal may only specify known properties, and 'id' does not exist in type '{ email: string | SQL<unknown> | Placeholder<string, any>; id: string | SQL<unknown> | Placeholder<string, any>; name?: string | SQL<unknown> | Placeholder<string, any> | null | undefined; ... 6 more ...; lastLoginAt?: SQL<...> | ... 3 more ... | undefined; }[]'.
tests/integration/analytics_preservation.test.ts(5,17): error TS2305: Module '"@shared/schema"' has no exported member 'systemStats'.
tests/integration/api.ai.personalization.test.ts(10,10): error TS2305: Module '"../../shared/schema"' has no exported member 'userPersonalizationSettings'.
tests/integration/api.ai.personalization.test.ts(67,32): error TS2769: No overload matches this call.
  Overload 1 of 2, '(value: { email: string | SQL<unknown> | Placeholder<string, any>; id: string | SQL<unknown> | Placeholder<string, any>; name?: string | SQL<unknown> | Placeholder<string, any> | null | undefined; ... 6 more ...; lastLoginAt?: SQL<...> | ... 3 more ... | undefined; }): PgInsertBase<...>', gave the following error.
    Object literal may only specify known properties, but 'authProvider' does not exist in type '{ email: string | SQL<unknown> | Placeholder<string, any>; id: string | SQL<unknown> | Placeholder<string, any>; name?: string | SQL<unknown> | Placeholder<string, any> | null | undefined; ... 6 more ...; lastLoginAt?: SQL<...> | ... 3 more ... | undefined; }'. Did you mean to write 'provider'?
  Overload 2 of 2, '(values: { email: string | SQL<unknown> | Placeholder<string, any>; id: string | SQL<unknown> | Placeholder<string, any>; name?: string | SQL<unknown> | Placeholder<string, any> | null | undefined; ... 6 more ...; lastLoginAt?: SQL<...> | ... 3 more ... | undefined; }[]): PgInsertBase<...>', gave the following error.
    Object literal may only specify known properties, and 'id' does not exist in type '{ email: string | SQL<unknown> | Placeholder<string, any>; id: string | SQL<unknown> | Placeholder<string, any>; name?: string | SQL<unknown> | Placeholder<string, any> | null | undefined; ... 6 more ...; lastLoginAt?: SQL<...> | ... 3 more ... | undefined; }[]'.
tests/integration/api.projects.test.ts(50,54): error TS2769: No overload matches this call.
  Overload 1 of 2, '(value: { name: string | SQL<unknown> | Placeholder<string, any>; slug: string | SQL<unknown> | Placeholder<string, any>; ownerId: string | SQL<unknown> | Placeholder<...>; ... 7 more ...; mfaRequired?: boolean | ... 3 more ... | undefined; }): PgInsertBase<...>', gave the following error.
    Argument of type '{ name: string; plan: "free"; }' is not assignable to parameter of type '{ name: string | SQL<unknown> | Placeholder<string, any>; slug: string | SQL<unknown> | Placeholder<string, any>; ownerId: string | SQL<unknown> | Placeholder<string, any>; ... 7 more ...; mfaRequired?: boolean | ... 3 more ... | undefined; }'.
      Type '{ name: string; plan: "free"; }' is missing the following properties from type '{ name: string | SQL<unknown> | Placeholder<string, any>; slug: string | SQL<unknown> | Placeholder<string, any>; ownerId: string | SQL<unknown> | Placeholder<string, any>; ... 7 more ...; mfaRequired?: boolean | ... 3 more ... | undefined; }': slug, ownerId
  Overload 2 of 2, '(values: { name: string | SQL<unknown> | Placeholder<string, any>; slug: string | SQL<unknown> | Placeholder<string, any>; ownerId: string | SQL<unknown> | Placeholder<...>; ... 7 more ...; mfaRequired?: boolean | ... 3 more ... | undefined; }[]): PgInsertBase<...>', gave the following error.
    Object literal may only specify known properties, and 'name' does not exist in type '{ name: string | SQL<unknown> | Placeholder<string, any>; slug: string | SQL<unknown> | Placeholder<string, any>; ownerId: string | SQL<unknown> | Placeholder<string, any>; ... 7 more ...; mfaRequired?: boolean | ... 3 more ... | undefined; }[]'.
tests/integration/api.projects.test.ts(73,14): error TS2353: Object literal may only specify known properties, and 'tenantId' does not exist in type '{ email?: string | SQL<unknown> | PgColumn<ColumnBaseConfig<ColumnDataType, string>, {}, {}> | undefined; id?: string | SQL<unknown> | PgColumn<...> | undefined; ... 7 more ...; lastLoginAt?: SQL<...> | ... 3 more ... | undefined; }'.
tests/integration/api.projects.test.ts(248,61): error TS2769: No overload matches this call.
  Overload 1 of 2, '(value: { name: string | SQL<unknown> | Placeholder<string, any>; slug: string | SQL<unknown> | Placeholder<string, any>; ownerId: string | SQL<unknown> | Placeholder<...>; ... 7 more ...; mfaRequired?: boolean | ... 3 more ... | undefined; }): PgInsertBase<...>', gave the following error.
    Argument of type '{ name: string; plan: "free"; }' is not assignable to parameter of type '{ name: string | SQL<unknown> | Placeholder<string, any>; slug: string | SQL<unknown> | Placeholder<string, any>; ownerId: string | SQL<unknown> | Placeholder<string, any>; ... 7 more ...; mfaRequired?: boolean | ... 3 more ... | undefined; }'.
      Type '{ name: string; plan: "free"; }' is missing the following properties from type '{ name: string | SQL<unknown> | Placeholder<string, any>; slug: string | SQL<unknown> | Placeholder<string, any>; ownerId: string | SQL<unknown> | Placeholder<string, any>; ... 7 more ...; mfaRequired?: boolean | ... 3 more ... | undefined; }': slug, ownerId
  Overload 2 of 2, '(values: { name: string | SQL<unknown> | Placeholder<string, any>; slug: string | SQL<unknown> | Placeholder<string, any>; ownerId: string | SQL<unknown> | Placeholder<...>; ... 7 more ...; mfaRequired?: boolean | ... 3 more ... | undefined; }[]): PgInsertBase<...>', gave the following error.
    Object literal may only specify known properties, and 'name' does not exist in type '{ name: string | SQL<unknown> | Placeholder<string, any>; slug: string | SQL<unknown> | Placeholder<string, any>; ownerId: string | SQL<unknown> | Placeholder<string, any>; ... 7 more ...; mfaRequired?: boolean | ... 3 more ... | undefined; }[]'.
tests/integration/api.projects.test.ts(267,16): error TS2353: Object literal may only specify known properties, and 'tenantId' does not exist in type '{ email?: string | SQL<unknown> | PgColumn<ColumnBaseConfig<ColumnDataType, string>, {}, {}> | undefined; id?: string | SQL<unknown> | PgColumn<...> | undefined; ... 7 more ...; lastLoginAt?: SQL<...> | ... 3 more ... | undefined; }'.
tests/integration/api.runs.docx.test.ts(102,8): error TS2769: No overload matches this call.
  Overload 1 of 2, '(value: { name: string | SQL<unknown> | Placeholder<string, any>; slug: string | SQL<unknown> | Placeholder<string, any>; ownerId: string | SQL<unknown> | Placeholder<...>; ... 7 more ...; mfaRequired?: boolean | ... 3 more ... | undefined; }): PgInsertBase<...>', gave the following error.
    Argument of type '{ name: string; plan: "free"; }' is not assignable to parameter of type '{ name: string | SQL<unknown> | Placeholder<string, any>; slug: string | SQL<unknown> | Placeholder<string, any>; ownerId: string | SQL<unknown> | Placeholder<string, any>; ... 7 more ...; mfaRequired?: boolean | ... 3 more ... | undefined; }'.
      Type '{ name: string; plan: "free"; }' is missing the following properties from type '{ name: string | SQL<unknown> | Placeholder<string, any>; slug: string | SQL<unknown> | Placeholder<string, any>; ownerId: string | SQL<unknown> | Placeholder<string, any>; ... 7 more ...; mfaRequired?: boolean | ... 3 more ... | undefined; }': slug, ownerId
  Overload 2 of 2, '(values: { name: string | SQL<unknown> | Placeholder<string, any>; slug: string | SQL<unknown> | Placeholder<string, any>; ownerId: string | SQL<unknown> | Placeholder<...>; ... 7 more ...; mfaRequired?: boolean | ... 3 more ... | undefined; }[]): PgInsertBase<...>', gave the following error.
    Object literal may only specify known properties, and 'name' does not exist in type '{ name: string | SQL<unknown> | Placeholder<string, any>; slug: string | SQL<unknown> | Placeholder<string, any>; ownerId: string | SQL<unknown> | Placeholder<string, any>; ... 7 more ...; mfaRequired?: boolean | ... 3 more ... | undefined; }[]'.
tests/integration/api.runs.docx.test.ts(120,14): error TS2353: Object literal may only specify known properties, and 'tenantId' does not exist in type '{ email?: string | SQL<unknown> | PgColumn<ColumnBaseConfig<ColumnDataType, string>, {}, {}> | undefined; id?: string | SQL<unknown> | PgColumn<...> | undefined; ... 7 more ...; lastLoginAt?: SQL<...> | ... 3 more ... | undefined; }'.
tests/integration/api.runs.graph.test.ts(112,54): error TS2769: No overload matches this call.
  Overload 1 of 2, '(value: { name: string | SQL<unknown> | Placeholder<string, any>; slug: string | SQL<unknown> | Placeholder<string, any>; ownerId: string | SQL<unknown> | Placeholder<...>; ... 7 more ...; mfaRequired?: boolean | ... 3 more ... | undefined; }): PgInsertBase<...>', gave the following error.
    Argument of type '{ name: string; plan: "pro"; }' is not assignable to parameter of type '{ name: string | SQL<unknown> | Placeholder<string, any>; slug: string | SQL<unknown> | Placeholder<string, any>; ownerId: string | SQL<unknown> | Placeholder<string, any>; ... 7 more ...; mfaRequired?: boolean | ... 3 more ... | undefined; }'.
      Type '{ name: string; plan: "pro"; }' is missing the following properties from type '{ name: string | SQL<unknown> | Placeholder<string, any>; slug: string | SQL<unknown> | Placeholder<string, any>; ownerId: string | SQL<unknown> | Placeholder<string, any>; ... 7 more ...; mfaRequired?: boolean | ... 3 more ... | undefined; }': slug, ownerId
  Overload 2 of 2, '(values: { name: string | SQL<unknown> | Placeholder<string, any>; slug: string | SQL<unknown> | Placeholder<string, any>; ownerId: string | SQL<unknown> | Placeholder<...>; ... 7 more ...; mfaRequired?: boolean | ... 3 more ... | undefined; }[]): PgInsertBase<...>', gave the following error.
    Object literal may only specify known properties, and 'name' does not exist in type '{ name: string | SQL<unknown> | Placeholder<string, any>; slug: string | SQL<unknown> | Placeholder<string, any>; ownerId: string | SQL<unknown> | Placeholder<string, any>; ... 7 more ...; mfaRequired?: boolean | ... 3 more ... | undefined; }[]'.
tests/integration/api.runs.graph.test.ts(133,9): error TS2353: Object literal may only specify known properties, and 'tenantId' does not exist in type 'PgUpdateSetSource<PgTableWithColumns<{ name: "users"; schema: undefined; columns: { id: PgColumn<{ name: "id"; tableName: "users"; dataType: "string"; columnType: "PgVarchar"; data: string; driverParam: string; notNull: true; hasDefault: false; ... 6 more ...; generated: undefined; }, {}, { ...; }>; ... 8 more ...; ...'.
tests/integration/api.snapshots.test.ts(100,58): error TS2769: No overload matches this call.
  Overload 1 of 2, '(value: { name: string | SQL<unknown> | Placeholder<string, any>; slug: string | SQL<unknown> | Placeholder<string, any>; ownerId: string | SQL<unknown> | Placeholder<...>; ... 7 more ...; mfaRequired?: boolean | ... 3 more ... | undefined; }): PgInsertBase<...>', gave the following error.
    Argument of type '{ name: string; plan: "pro"; }' is not assignable to parameter of type '{ name: string | SQL<unknown> | Placeholder<string, any>; slug: string | SQL<unknown> | Placeholder<string, any>; ownerId: string | SQL<unknown> | Placeholder<string, any>; ... 7 more ...; mfaRequired?: boolean | ... 3 more ... | undefined; }'.
      Type '{ name: string; plan: "pro"; }' is missing the following properties from type '{ name: string | SQL<unknown> | Placeholder<string, any>; slug: string | SQL<unknown> | Placeholder<string, any>; ownerId: string | SQL<unknown> | Placeholder<string, any>; ... 7 more ...; mfaRequired?: boolean | ... 3 more ... | undefined; }': slug, ownerId
  Overload 2 of 2, '(values: { name: string | SQL<unknown> | Placeholder<string, any>; slug: string | SQL<unknown> | Placeholder<string, any>; ownerId: string | SQL<unknown> | Placeholder<...>; ... 7 more ...; mfaRequired?: boolean | ... 3 more ... | undefined; }[]): PgInsertBase<...>', gave the following error.
    Object literal may only specify known properties, and 'name' does not exist in type '{ name: string | SQL<unknown> | Placeholder<string, any>; slug: string | SQL<unknown> | Placeholder<string, any>; ownerId: string | SQL<unknown> | Placeholder<string, any>; ... 7 more ...; mfaRequired?: boolean | ... 3 more ... | undefined; }[]'.
tests/integration/api.snapshots.test.ts(110,39): error TS2769: No overload matches this call.
  Overload 1 of 2, '(value: { email: string | SQL<unknown> | Placeholder<string, any>; id: string | SQL<unknown> | Placeholder<string, any>; name?: string | SQL<unknown> | Placeholder<string, any> | null | undefined; ... 6 more ...; lastLoginAt?: SQL<...> | ... 3 more ... | undefined; }): PgInsertBase<...>', gave the following error.
    Object literal may only specify known properties, and 'fullName' does not exist in type '{ email: string | SQL<unknown> | Placeholder<string, any>; id: string | SQL<unknown> | Placeholder<string, any>; name?: string | SQL<unknown> | Placeholder<string, any> | null | undefined; ... 6 more ...; lastLoginAt?: SQL<...> | ... 3 more ... | undefined; }'.
  Overload 2 of 2, '(values: { email: string | SQL<unknown> | Placeholder<string, any>; id: string | SQL<unknown> | Placeholder<string, any>; name?: string | SQL<unknown> | Placeholder<string, any> | null | undefined; ... 6 more ...; lastLoginAt?: SQL<...> | ... 3 more ... | undefined; }[]): PgInsertBase<...>', gave the following error.
    Object literal may only specify known properties, and 'id' does not exist in type '{ email: string | SQL<unknown> | Placeholder<string, any>; id: string | SQL<unknown> | Placeholder<string, any>; name?: string | SQL<unknown> | Placeholder<string, any> | null | undefined; ... 6 more ...; lastLoginAt?: SQL<...> | ... 3 more ... | undefined; }[]'.
tests/integration/api.snapshots.test.ts(121,17): error TS2353: Object literal may only specify known properties, and 'tenantId' does not exist in type 'PgUpdateSetSource<PgTableWithColumns<{ name: "users"; schema: undefined; columns: { id: PgColumn<{ name: "id"; tableName: "users"; dataType: "string"; columnType: "PgVarchar"; data: string; driverParam: string; notNull: true; hasDefault: false; ... 6 more ...; generated: undefined; }, {}, { ...; }>; ... 8 more ...; ...'.
tests/integration/api.templates-runs.test.ts(294,18): error TS2353: Object literal may only specify known properties, and 'tenantId' does not exist in type '{ email?: string | SQL<unknown> | PgColumn<ColumnBaseConfig<ColumnDataType, string>, {}, {}> | undefined; id?: string | SQL<unknown> | PgColumn<...> | undefined; ... 7 more ...; lastLoginAt?: SQL<...> | ... 3 more ... | undefined; }'.
tests/integration/api.workflows.test.ts(65,16): error TS2353: Object literal may only specify known properties, and 'tenantId' does not exist in type '{ email?: string | SQL<unknown> | PgColumn<ColumnBaseConfig<ColumnDataType, string>, {}, {}> | undefined; id?: string | SQL<unknown> | PgColumn<...> | undefined; ... 7 more ...; lastLoginAt?: SQL<...> | ... 3 more ... | undefined; }'.
tests/integration/api.workflows.test.ts(387,11): error TS2353: Object literal may only specify known properties, and 'tenantId' does not exist in type '{ email?: string | SQL<unknown> | PgColumn<ColumnBaseConfig<ColumnDataType, string>, {}, {}> | undefined; id?: string | SQL<unknown> | PgColumn<...> | undefined; ... 7 more ...; lastLoginAt?: SQL<...> | ... 3 more ... | undefined; }'.
tests/integration/auth.flows.real.test.ts(5,10): error TS2305: Module '"@shared/schema"' has no exported member 'loginAttempts'.
tests/integration/auth.flows.real.test.ts(5,25): error TS2305: Module '"@shared/schema"' has no exported member 'accountLocks'.
tests/integration/auth.flows.real.test.ts(48,3): error TS2304: Cannot find name 'afterEach'.
tests/integration/auth.flows.real.test.ts(89,16): error TS2353: Object literal may only specify known properties, and 'emailVerified' does not exist in type '{ email?: string | SQL<unknown> | PgColumn<ColumnBaseConfig<ColumnDataType, string>, {}, {}> | undefined; id?: string | SQL<unknown> | PgColumn<...> | undefined; ... 7 more ...; lastLoginAt?: SQL<...> | ... 3 more ... | undefined; }'.
tests/integration/auth.flows.real.test.ts(152,36): error TS2339: Property 'accountLocks' does not exist on type '{ readonly users: RelationalQueryBuilder<ExtractTablesWithRelations<typeof import("C:/Users/scoot/poll/VaultLogic/shared/schema")>, { tsName: "users"; dbName: "users"; columns: { id: PgColumn<{ ...; }, {}, { ...; }>; ... 8 more ...; lastLoginAt: PgColumn<...>; }; relations: { ...; }; primaryKey: AnyColumn[]; }>; ......'.
tests/integration/auth.flows.real.test.ts(170,39): error TS2339: Property 'loginAttempts' does not exist on type '{ readonly users: RelationalQueryBuilder<ExtractTablesWithRelations<typeof import("C:/Users/scoot/poll/VaultLogic/shared/schema")>, { tsName: "users"; dbName: "users"; columns: { id: PgColumn<{ ...; }, {}, { ...; }>; ... 8 more ...; lastLoginAt: PgColumn<...>; }; relations: { ...; }; primaryKey: AnyColumn[]; }>; ......'.
tests/integration/auth.flows.real.test.ts(175,30): error TS7006: Parameter 'a' implicitly has an 'any' type.
tests/integration/auth.flows.real.test.ts(176,30): error TS7006: Parameter 'a' implicitly has an 'any' type.
tests/integration/auth.flows.real.test.ts(203,22): error TS2339: Property 'mfaSecrets' does not exist on type 'typeof import("C:/Users/scoot/poll/VaultLogic/shared/schema")'.
tests/integration/auth.flows.real.test.ts(208,40): error TS2551: Property 'mfaSecrets' does not exist on type '{ readonly users: RelationalQueryBuilder<ExtractTablesWithRelations<typeof import("C:/Users/scoot/poll/VaultLogic/shared/schema")>, { tsName: "users"; dbName: "users"; columns: { id: PgColumn<{ ...; }, {}, { ...; }>; ... 8 more ...; lastLoginAt: PgColumn<...>; }; relations: { ...; }; primaryKey: AnyColumn[]; }>; ......'. Did you mean 'secrets'?
tests/integration/auth.flows.real.test.ts(270,22): error TS2339: Property 'mfaSecrets' does not exist on type 'typeof import("C:/Users/scoot/poll/VaultLogic/shared/schema")'.
tests/integration/auth.flows.real.test.ts(275,40): error TS2551: Property 'mfaSecrets' does not exist on type '{ readonly users: RelationalQueryBuilder<ExtractTablesWithRelations<typeof import("C:/Users/scoot/poll/VaultLogic/shared/schema")>, { tsName: "users"; dbName: "users"; columns: { id: PgColumn<{ ...; }, {}, { ...; }>; ... 8 more ...; lastLoginAt: PgColumn<...>; }; relations: { ...; }; primaryKey: AnyColumn[]; }>; ......'. Did you mean 'secrets'?
tests/integration/auth.flows.real.test.ts(335,15): error TS2339: Property 'passwordResetTokens' does not exist on type 'typeof import("C:/Users/scoot/poll/VaultLogic/shared/schema")'.
tests/integration/auth.flows.real.test.ts(341,47): error TS2339: Property 'passwordResetTokens' does not exist on type '{ readonly users: RelationalQueryBuilder<ExtractTablesWithRelations<typeof import("C:/Users/scoot/poll/VaultLogic/shared/schema")>, { tsName: "users"; dbName: "users"; columns: { id: PgColumn<{ ...; }, {}, { ...; }>; ... 8 more ...; lastLoginAt: PgColumn<...>; }; relations: { ...; }; primaryKey: AnyColumn[]; }>; ......'.
tests/integration/auth.flows.real.test.ts(418,15): error TS2339: Property 'refreshTokens' does not exist on type 'typeof import("C:/Users/scoot/poll/VaultLogic/shared/schema")'.
tests/integration/auth.flows.real.test.ts(419,49): error TS2339: Property 'refreshTokens' does not exist on type '{ readonly users: RelationalQueryBuilder<ExtractTablesWithRelations<typeof import("C:/Users/scoot/poll/VaultLogic/shared/schema")>, { tsName: "users"; dbName: "users"; columns: { id: PgColumn<{ ...; }, {}, { ...; }>; ... 8 more ...; lastLoginAt: PgColumn<...>; }; relations: { ...; }; primaryKey: AnyColumn[]; }>; ......'.
tests/integration/auth.flows.real.test.ts(424,39): error TS7006: Parameter 't' implicitly has an 'any' type.
tests/integration/auth.flows.real.test.ts(495,15): error TS2339: Property 'refreshTokens' does not exist on type 'typeof import("C:/Users/scoot/poll/VaultLogic/shared/schema")'.
tests/integration/auth.flows.real.test.ts(496,40): error TS2339: Property 'refreshTokens' does not exist on type '{ readonly users: RelationalQueryBuilder<ExtractTablesWithRelations<typeof import("C:/Users/scoot/poll/VaultLogic/shared/schema")>, { tsName: "users"; dbName: "users"; columns: { id: PgColumn<{ ...; }, {}, { ...; }>; ... 8 more ...; lastLoginAt: PgColumn<...>; }; relations: { ...; }; primaryKey: AnyColumn[]; }>; ......'.
tests/integration/auth.flows.real.test.ts(501,30): error TS7006: Parameter 't' implicitly has an 'any' type.
tests/integration/auth.routes.real.test.ts(5,17): error TS2305: Module '"@shared/schema"' has no exported member 'loginAttempts'.
tests/integration/auth.routes.real.test.ts(242,39): error TS2339: Property 'loginAttempts' does not exist on type '{ readonly users: RelationalQueryBuilder<ExtractTablesWithRelations<typeof import("C:/Users/scoot/poll/VaultLogic/shared/schema")>, { tsName: "users"; dbName: "users"; columns: { id: PgColumn<{ ...; }, {}, { ...; }>; ... 8 more ...; lastLoginAt: PgColumn<...>; }; relations: { ...; }; primaryKey: AnyColumn[]; }>; ......'.
tests/integration/auth.routes.real.test.ts(247,43): error TS7006: Parameter 'a' implicitly has an 'any' type.
tests/integration/auth/auth.middleware.integration.test.ts(16,17): error TS2305: Module '"@shared/schema"' has no exported member 'userCredentials'.
tests/integration/auth/auth.middleware.integration.test.ts(65,20): error TS2353: Object literal may only specify known properties, and 'emailVerified' does not exist in type '{ email?: string | SQL<unknown> | PgColumn<ColumnBaseConfig<ColumnDataType, string>, {}, {}> | undefined; id?: string | SQL<unknown> | PgColumn<...> | undefined; ... 7 more ...; lastLoginAt?: SQL<...> | ... 3 more ... | undefined; }'.
tests/integration/auth/auth.middleware.integration.test.ts(81,46): error TS2339: Property 'userCredentials' does not exist on type '{ readonly users: RelationalQueryBuilder<ExtractTablesWithRelations<typeof import("C:/Users/scoot/poll/VaultLogic/shared/schema")>, { tsName: "users"; dbName: "users"; columns: { id: PgColumn<{ ...; }, {}, { ...; }>; ... 8 more ...; lastLoginAt: PgColumn<...>; }; relations: { ...; }; primaryKey: AnyColumn[]; }>; ......'.
tests/integration/auth/auth.middleware.integration.test.ts(216,24): error TS2353: Object literal may only specify known properties, and 'emailVerified' does not exist in type '{ email?: string | SQL<unknown> | PgColumn<ColumnBaseConfig<ColumnDataType, string>, {}, {}> | undefined; id?: string | SQL<unknown> | PgColumn<...> | undefined; ... 7 more ...; lastLoginAt?: SQL<...> | ... 3 more ... | undefined; }'.
tests/integration/auth/auth.middleware.integration.test.ts(396,24): error TS2353: Object literal may only specify known properties, and 'emailVerified' does not exist in type '{ email?: string | SQL<unknown> | PgColumn<ColumnBaseConfig<ColumnDataType, string>, {}, {}> | undefined; id?: string | SQL<unknown> | PgColumn<...> | undefined; ... 7 more ...; lastLoginAt?: SQL<...> | ... 3 more ... | undefined; }'.
tests/integration/auth/jwt.authentication.test.ts(14,10): error TS2305: Module '"@shared/schema"' has no exported member 'refreshTokens'.
tests/integration/auth/jwt.authentication.test.ts(14,25): error TS2305: Module '"@shared/schema"' has no exported member 'emailVerificationTokens'.
tests/integration/auth/jwt.authentication.test.ts(61,55): error TS2339: Property 'emailVerificationTokens' does not exist on type '{ readonly users: RelationalQueryBuilder<ExtractTablesWithRelations<typeof import("C:/Users/scoot/poll/VaultLogic/shared/schema")>, { tsName: "users"; dbName: "users"; columns: { id: PgColumn<{ ...; }, {}, { ...; }>; ... 8 more ...; lastLoginAt: PgColumn<...>; }; relations: { ...; }; primaryKey: AnyColumn[]; }>; ......'.
tests/integration/auth/jwt.authentication.test.ts(68,24): error TS2353: Object literal may only specify known properties, and 'emailVerified' does not exist in type '{ email?: string | SQL<unknown> | PgColumn<ColumnBaseConfig<ColumnDataType, string>, {}, {}> | undefined; id?: string | SQL<unknown> | PgColumn<...> | undefined; ... 7 more ...; lastLoginAt?: SQL<...> | ... 3 more ... | undefined; }'.
tests/integration/auth/jwt.authentication.test.ts(97,24): error TS2353: Object literal may only specify known properties, and 'emailVerified' does not exist in type '{ email?: string | SQL<unknown> | PgColumn<ColumnBaseConfig<ColumnDataType, string>, {}, {}> | undefined; id?: string | SQL<unknown> | PgColumn<...> | undefined; ... 7 more ...; lastLoginAt?: SQL<...> | ... 3 more ... | undefined; }'.
tests/integration/auth/jwt.authentication.test.ts(129,24): error TS2353: Object literal may only specify known properties, and 'emailVerified' does not exist in type '{ email?: string | SQL<unknown> | PgColumn<ColumnBaseConfig<ColumnDataType, string>, {}, {}> | undefined; id?: string | SQL<unknown> | PgColumn<...> | undefined; ... 7 more ...; lastLoginAt?: SQL<...> | ... 3 more ... | undefined; }'.
tests/integration/auth/jwt.authentication.test.ts(157,24): error TS2353: Object literal may only specify known properties, and 'emailVerified' does not exist in type '{ email?: string | SQL<unknown> | PgColumn<ColumnBaseConfig<ColumnDataType, string>, {}, {}> | undefined; id?: string | SQL<unknown> | PgColumn<...> | undefined; ... 7 more ...; lastLoginAt?: SQL<...> | ... 3 more ... | undefined; }'.
tests/integration/auth/jwt.authentication.test.ts(196,24): error TS2353: Object literal may only specify known properties, and 'emailVerified' does not exist in type '{ email?: string | SQL<unknown> | PgColumn<ColumnBaseConfig<ColumnDataType, string>, {}, {}> | undefined; id?: string | SQL<unknown> | PgColumn<...> | undefined; ... 7 more ...; lastLoginAt?: SQL<...> | ... 3 more ... | undefined; }'.
tests/integration/auth/jwt.authentication.test.ts(403,24): error TS2353: Object literal may only specify known properties, and 'emailVerified' does not exist in type '{ email?: string | SQL<unknown> | PgColumn<ColumnBaseConfig<ColumnDataType, string>, {}, {}> | undefined; id?: string | SQL<unknown> | PgColumn<...> | undefined; ... 7 more ...; lastLoginAt?: SQL<...> | ... 3 more ... | undefined; }'.
tests/integration/auth/jwt.authentication.test.ts(516,24): error TS2353: Object literal may only specify known properties, and 'emailVerified' does not exist in type '{ email?: string | SQL<unknown> | PgColumn<ColumnBaseConfig<ColumnDataType, string>, {}, {}> | undefined; id?: string | SQL<unknown> | PgColumn<...> | undefined; ... 7 more ...; lastLoginAt?: SQL<...> | ... 3 more ... | undefined; }'.
tests/integration/auth/jwt.authentication.test.ts(553,24): error TS2353: Object literal may only specify known properties, and 'emailVerified' does not exist in type '{ email?: string | SQL<unknown> | PgColumn<ColumnBaseConfig<ColumnDataType, string>, {}, {}> | undefined; id?: string | SQL<unknown> | PgColumn<...> | undefined; ... 7 more ...; lastLoginAt?: SQL<...> | ... 3 more ... | undefined; }'.
tests/integration/auth/jwt.authentication.test.ts(594,24): error TS2353: Object literal may only specify known properties, and 'emailVerified' does not exist in type '{ email?: string | SQL<unknown> | PgColumn<ColumnBaseConfig<ColumnDataType, string>, {}, {}> | undefined; id?: string | SQL<unknown> | PgColumn<...> | undefined; ... 7 more ...; lastLoginAt?: SQL<...> | ... 3 more ... | undefined; }'.
tests/integration/auth/jwt.authentication.test.ts(645,24): error TS2353: Object literal may only specify known properties, and 'emailVerified' does not exist in type '{ email?: string | SQL<unknown> | PgColumn<ColumnBaseConfig<ColumnDataType, string>, {}, {}> | undefined; id?: string | SQL<unknown> | PgColumn<...> | undefined; ... 7 more ...; lastLoginAt?: SQL<...> | ... 3 more ... | undefined; }'.
tests/integration/auth/jwt.authentication.test.ts(678,24): error TS2353: Object literal may only specify known properties, and 'emailVerified' does not exist in type '{ email?: string | SQL<unknown> | PgColumn<ColumnBaseConfig<ColumnDataType, string>, {}, {}> | undefined; id?: string | SQL<unknown> | PgColumn<...> | undefined; ... 7 more ...; lastLoginAt?: SQL<...> | ... 3 more ... | undefined; }'.
tests/integration/auth/oauth2.callback.test.ts(16,36): error TS2724: '"@shared/schema"' has no exported member named 'connections'. Did you mean 'collections'?
tests/integration/auth/oauth2.callback.test.ts(56,47): error TS2769: No overload matches this call.
  Overload 1 of 2, '(value: { name: string | SQL<unknown> | Placeholder<string, any>; slug: string | SQL<unknown> | Placeholder<string, any>; ownerId: string | SQL<unknown> | Placeholder<...>; ... 7 more ...; mfaRequired?: boolean | ... 3 more ... | undefined; }): PgInsertBase<...>', gave the following error.
    Argument of type '{ name: string; plan: "pro"; }' is not assignable to parameter of type '{ name: string | SQL<unknown> | Placeholder<string, any>; slug: string | SQL<unknown> | Placeholder<string, any>; ownerId: string | SQL<unknown> | Placeholder<string, any>; ... 7 more ...; mfaRequired?: boolean | ... 3 more ... | undefined; }'.
      Type '{ name: string; plan: "pro"; }' is missing the following properties from type '{ name: string | SQL<unknown> | Placeholder<string, any>; slug: string | SQL<unknown> | Placeholder<string, any>; ownerId: string | SQL<unknown> | Placeholder<string, any>; ... 7 more ...; mfaRequired?: boolean | ... 3 more ... | undefined; }': slug, ownerId
  Overload 2 of 2, '(values: { name: string | SQL<unknown> | Placeholder<string, any>; slug: string | SQL<unknown> | Placeholder<string, any>; ownerId: string | SQL<unknown> | Placeholder<...>; ... 7 more ...; mfaRequired?: boolean | ... 3 more ... | undefined; }[]): PgInsertBase<...>', gave the following error.
    Object literal may only specify known properties, and 'name' does not exist in type '{ name: string | SQL<unknown> | Placeholder<string, any>; slug: string | SQL<unknown> | Placeholder<string, any>; ownerId: string | SQL<unknown> | Placeholder<string, any>; ... 7 more ...; mfaRequired?: boolean | ... 3 more ... | undefined; }[]'.
tests/integration/auth/oauth2.callback.test.ts(62,43): error TS2769: No overload matches this call.
  Overload 1 of 2, '(value: { email: string | SQL<unknown> | Placeholder<string, any>; id: string | SQL<unknown> | Placeholder<string, any>; name?: string | SQL<unknown> | Placeholder<string, any> | null | undefined; ... 6 more ...; lastLoginAt?: SQL<...> | ... 3 more ... | undefined; }): PgInsertBase<...>', gave the following error.
    Type '"creator"' is not assignable to type '"admin" | "user" | "guest" | SQL<unknown> | Placeholder<string, any> | undefined'.
  Overload 2 of 2, '(values: { email: string | SQL<unknown> | Placeholder<string, any>; id: string | SQL<unknown> | Placeholder<string, any>; name?: string | SQL<unknown> | Placeholder<string, any> | null | undefined; ... 6 more ...; lastLoginAt?: SQL<...> | ... 3 more ... | undefined; }[]): PgInsertBase<...>', gave the following error.
    Object literal may only specify known properties, and 'id' does not exist in type '{ email: string | SQL<unknown> | Placeholder<string, any>; id: string | SQL<unknown> | Placeholder<string, any>; name?: string | SQL<unknown> | Placeholder<string, any> | null | undefined; ... 6 more ...; lastLoginAt?: SQL<...> | ... 3 more ... | undefined; }[]'.
tests/integration/auth/oauth2.callback.test.ts(312,41): error TS2551: Property 'connections' does not exist on type '{ readonly users: RelationalQueryBuilder<ExtractTablesWithRelations<typeof import("C:/Users/scoot/poll/VaultLogic/shared/schema")>, { tsName: "users"; dbName: "users"; columns: { id: PgColumn<{ ...; }, {}, { ...; }>; ... 8 more ...; lastLoginAt: PgColumn<...>; }; relations: { ...; }; primaryKey: AnyColumn[]; }>; ......'. Did you mean 'collections'?
tests/integration/auth/oauth2.google.test.ts(13,26): error TS2305: Module '"@shared/schema"' has no exported member 'refreshTokens'.
tests/integration/auth/oauth2.google.test.ts(36,47): error TS2769: No overload matches this call.
  Overload 1 of 2, '(value: { name: string | SQL<unknown> | Placeholder<string, any>; slug: string | SQL<unknown> | Placeholder<string, any>; ownerId: string | SQL<unknown> | Placeholder<...>; ... 7 more ...; mfaRequired?: boolean | ... 3 more ... | undefined; }): PgInsertBase<...>', gave the following error.
    Argument of type '{ name: string; plan: "pro"; }' is not assignable to parameter of type '{ name: string | SQL<unknown> | Placeholder<string, any>; slug: string | SQL<unknown> | Placeholder<string, any>; ownerId: string | SQL<unknown> | Placeholder<string, any>; ... 7 more ...; mfaRequired?: boolean | ... 3 more ... | undefined; }'.
      Type '{ name: string; plan: "pro"; }' is missing the following properties from type '{ name: string | SQL<unknown> | Placeholder<string, any>; slug: string | SQL<unknown> | Placeholder<string, any>; ownerId: string | SQL<unknown> | Placeholder<string, any>; ... 7 more ...; mfaRequired?: boolean | ... 3 more ... | undefined; }': slug, ownerId
  Overload 2 of 2, '(values: { name: string | SQL<unknown> | Placeholder<string, any>; slug: string | SQL<unknown> | Placeholder<string, any>; ownerId: string | SQL<unknown> | Placeholder<...>; ... 7 more ...; mfaRequired?: boolean | ... 3 more ... | undefined; }[]): PgInsertBase<...>', gave the following error.
    Object literal may only specify known properties, and 'name' does not exist in type '{ name: string | SQL<unknown> | Placeholder<string, any>; slug: string | SQL<unknown> | Placeholder<string, any>; ownerId: string | SQL<unknown> | Placeholder<string, any>; ... 7 more ...; mfaRequired?: boolean | ... 3 more ... | undefined; }[]'.
tests/integration/auth/oauth2.google.test.ts(120,22): error TS2339: Property 'emailVerified' does not exist on type '{ email: string; id: string; name: string | null; avatarUrl: string | null; role: "admin" | "user" | "guest"; provider: "google" | "github" | "email"; defaultTenantId: string | null; createdAt: Date | null; updatedAt: Date | null; lastLoginAt: Date | null; }'.
tests/integration/auth/oauth2.google.test.ts(121,22): error TS2551: Property 'authProvider' does not exist on type '{ email: string; id: string; name: string | null; avatarUrl: string | null; role: "admin" | "user" | "guest"; provider: "google" | "github" | "email"; defaultTenantId: string | null; createdAt: Date | null; updatedAt: Date | null; lastLoginAt: Date | null; }'. Did you mean 'provider'?
tests/integration/auth/oauth2.google.test.ts(215,30): error TS2769: No overload matches this call.
  Overload 1 of 2, '(value: { email: string | SQL<unknown> | Placeholder<string, any>; id: string | SQL<unknown> | Placeholder<string, any>; name?: string | SQL<unknown> | Placeholder<string, any> | null | undefined; ... 6 more ...; lastLoginAt?: SQL<...> | ... 3 more ... | undefined; }): PgInsertBase<...>', gave the following error.
    Type '"creator"' is not assignable to type '"admin" | "user" | "guest" | SQL<unknown> | Placeholder<string, any> | undefined'.
  Overload 2 of 2, '(values: { email: string | SQL<unknown> | Placeholder<string, any>; id: string | SQL<unknown> | Placeholder<string, any>; name?: string | SQL<unknown> | Placeholder<string, any> | null | undefined; ... 6 more ...; lastLoginAt?: SQL<...> | ... 3 more ... | undefined; }[]): PgInsertBase<...>', gave the following error.
    Object literal may only specify known properties, and 'id' does not exist in type '{ email: string | SQL<unknown> | Placeholder<string, any>; id: string | SQL<unknown> | Placeholder<string, any>; name?: string | SQL<unknown> | Placeholder<string, any> | null | undefined; ... 6 more ...; lastLoginAt?: SQL<...> | ... 3 more ... | undefined; }[]'.
tests/integration/auth/oauth2.google.test.ts(265,27): error TS2339: Property 'firstName' does not exist on type '{ email: string; id: string; name: string | null; avatarUrl: string | null; role: "admin" | "user" | "guest"; provider: "google" | "github" | "email"; defaultTenantId: string | null; createdAt: Date | null; updatedAt: Date | null; lastLoginAt: Date | null; }'.
tests/integration/auth/oauth2.google.test.ts(266,27): error TS2339: Property 'lastName' does not exist on type '{ email: string; id: string; name: string | null; avatarUrl: string | null; role: "admin" | "user" | "guest"; provider: "google" | "github" | "email"; defaultTenantId: string | null; createdAt: Date | null; updatedAt: Date | null; lastLoginAt: Date | null; }'.
tests/integration/auth/oauth2.google.test.ts(297,36): error TS2339: Property 'refreshTokens' does not exist on type '{ readonly users: RelationalQueryBuilder<ExtractTablesWithRelations<typeof import("C:/Users/scoot/poll/VaultLogic/shared/schema")>, { tsName: "users"; dbName: "users"; columns: { id: PgColumn<{ ...; }, {}, { ...; }>; ... 8 more ...; lastLoginAt: PgColumn<...>; }; relations: { ...; }; primaryKey: AnyColumn[]; }>; ......'.
tests/integration/auth/oauth2.sessions.test.ts(13,26): error TS2305: Module '"@shared/schema"' has no exported member 'refreshTokens'.
tests/integration/auth/oauth2.sessions.test.ts(13,41): error TS2305: Module '"@shared/schema"' has no exported member 'trustedDevices'.
tests/integration/auth/oauth2.sessions.test.ts(42,47): error TS2769: No overload matches this call.
  Overload 1 of 2, '(value: { name: string | SQL<unknown> | Placeholder<string, any>; slug: string | SQL<unknown> | Placeholder<string, any>; ownerId: string | SQL<unknown> | Placeholder<...>; ... 7 more ...; mfaRequired?: boolean | ... 3 more ... | undefined; }): PgInsertBase<...>', gave the following error.
    Argument of type '{ name: string; plan: "pro"; }' is not assignable to parameter of type '{ name: string | SQL<unknown> | Placeholder<string, any>; slug: string | SQL<unknown> | Placeholder<string, any>; ownerId: string | SQL<unknown> | Placeholder<string, any>; ... 7 more ...; mfaRequired?: boolean | ... 3 more ... | undefined; }'.
      Type '{ name: string; plan: "pro"; }' is missing the following properties from type '{ name: string | SQL<unknown> | Placeholder<string, any>; slug: string | SQL<unknown> | Placeholder<string, any>; ownerId: string | SQL<unknown> | Placeholder<string, any>; ... 7 more ...; mfaRequired?: boolean | ... 3 more ... | undefined; }': slug, ownerId
  Overload 2 of 2, '(values: { name: string | SQL<unknown> | Placeholder<string, any>; slug: string | SQL<unknown> | Placeholder<string, any>; ownerId: string | SQL<unknown> | Placeholder<...>; ... 7 more ...; mfaRequired?: boolean | ... 3 more ... | undefined; }[]): PgInsertBase<...>', gave the following error.
    Object literal may only specify known properties, and 'name' does not exist in type '{ name: string | SQL<unknown> | Placeholder<string, any>; slug: string | SQL<unknown> | Placeholder<string, any>; ownerId: string | SQL<unknown> | Placeholder<string, any>; ... 7 more ...; mfaRequired?: boolean | ... 3 more ... | undefined; }[]'.
tests/integration/auth/oauth2.sessions.test.ts(53,43): error TS2769: No overload matches this call.
  Overload 1 of 2, '(value: { email: string | SQL<unknown> | Placeholder<string, any>; id: string | SQL<unknown> | Placeholder<string, any>; name?: string | SQL<unknown> | Placeholder<string, any> | null | undefined; ... 6 more ...; lastLoginAt?: SQL<...> | ... 3 more ... | undefined; }): PgInsertBase<...>', gave the following error.
    Type '"creator"' is not assignable to type '"admin" | "user" | "guest" | SQL<unknown> | Placeholder<string, any> | undefined'.
  Overload 2 of 2, '(values: { email: string | SQL<unknown> | Placeholder<string, any>; id: string | SQL<unknown> | Placeholder<string, any>; name?: string | SQL<unknown> | Placeholder<string, any> | null | undefined; ... 6 more ...; lastLoginAt?: SQL<...> | ... 3 more ... | undefined; }[]): PgInsertBase<...>', gave the following error.
    Object literal may only specify known properties, and 'id' does not exist in type '{ email: string | SQL<unknown> | Placeholder<string, any>; id: string | SQL<unknown> | Placeholder<string, any>; name?: string | SQL<unknown> | Placeholder<string, any> | null | undefined; ... 6 more ...; lastLoginAt?: SQL<...> | ... 3 more ... | undefined; }[]'.
tests/integration/auth/oauth2.sessions.test.ts(81,76): error TS2339: Property 'tenantId' does not exist on type 'PgTableWithColumns<{ name: "users"; schema: undefined; columns: { id: PgColumn<{ name: "id"; tableName: "users"; dataType: "string"; columnType: "PgVarchar"; data: string; driverParam: string; notNull: true; hasDefault: false; ... 6 more ...; generated: undefined; }, {}, { ...; }>; ... 8 more ...; lastLoginAt: PgCol...'.
tests/integration/auth/oauth2.sessions.test.ts(89,49): error TS2339: Property 'tenantId' does not exist on type 'PgTableWithColumns<{ name: "users"; schema: undefined; columns: { id: PgColumn<{ name: "id"; tableName: "users"; dataType: "string"; columnType: "PgVarchar"; data: string; driverParam: string; notNull: true; hasDefault: false; ... 6 more ...; generated: undefined; }, {}, { ...; }>; ... 8 more ...; lastLoginAt: PgCol...'.
tests/integration/auth/oauth2.sessions.test.ts(223,44): error TS2339: Property 'refreshTokens' does not exist on type '{ readonly users: RelationalQueryBuilder<ExtractTablesWithRelations<typeof import("C:/Users/scoot/poll/VaultLogic/shared/schema")>, { tsName: "users"; dbName: "users"; columns: { id: PgColumn<{ ...; }, {}, { ...; }>; ... 8 more ...; lastLoginAt: PgColumn<...>; }; relations: { ...; }; primaryKey: AnyColumn[]; }>; ......'.
tests/integration/auth/oauth2.sessions.test.ts(240,45): error TS2339: Property 'refreshTokens' does not exist on type '{ readonly users: RelationalQueryBuilder<ExtractTablesWithRelations<typeof import("C:/Users/scoot/poll/VaultLogic/shared/schema")>, { tsName: "users"; dbName: "users"; columns: { id: PgColumn<{ ...; }, {}, { ...; }>; ... 8 more ...; lastLoginAt: PgColumn<...>; }; relations: { ...; }; primaryKey: AnyColumn[]; }>; ......'.
tests/integration/auth/oauth2.sessions.test.ts(258,44): error TS2339: Property 'refreshTokens' does not exist on type '{ readonly users: RelationalQueryBuilder<ExtractTablesWithRelations<typeof import("C:/Users/scoot/poll/VaultLogic/shared/schema")>, { tsName: "users"; dbName: "users"; columns: { id: PgColumn<{ ...; }, {}, { ...; }>; ... 8 more ...; lastLoginAt: PgColumn<...>; }; relations: { ...; }; primaryKey: AnyColumn[]; }>; ......'.
tests/integration/auth/oauth2.sessions.test.ts(273,50): error TS2769: No overload matches this call.
  Overload 1 of 2, '(value: { email: string | SQL<unknown> | Placeholder<string, any>; id: string | SQL<unknown> | Placeholder<string, any>; name?: string | SQL<unknown> | Placeholder<string, any> | null | undefined; ... 6 more ...; lastLoginAt?: SQL<...> | ... 3 more ... | undefined; }): PgInsertBase<...>', gave the following error.
    Type '"creator"' is not assignable to type '"admin" | "user" | "guest" | SQL<unknown> | Placeholder<string, any> | undefined'.
  Overload 2 of 2, '(values: { email: string | SQL<unknown> | Placeholder<string, any>; id: string | SQL<unknown> | Placeholder<string, any>; name?: string | SQL<unknown> | Placeholder<string, any> | null | undefined; ... 6 more ...; lastLoginAt?: SQL<...> | ... 3 more ... | undefined; }[]): PgInsertBase<...>', gave the following error.
    Object literal may only specify known properties, and 'id' does not exist in type '{ email: string | SQL<unknown> | Placeholder<string, any>; id: string | SQL<unknown> | Placeholder<string, any>; name?: string | SQL<unknown> | Placeholder<string, any> | null | undefined; ... 6 more ...; lastLoginAt?: SQL<...> | ... 3 more ... | undefined; }[]'.
tests/integration/auth/oauth2.sessions.test.ts(289,43): error TS2339: Property 'refreshTokens' does not exist on type '{ readonly users: RelationalQueryBuilder<ExtractTablesWithRelations<typeof import("C:/Users/scoot/poll/VaultLogic/shared/schema")>, { tsName: "users"; dbName: "users"; columns: { id: PgColumn<{ ...; }, {}, { ...; }>; ... 8 more ...; lastLoginAt: PgColumn<...>; }; relations: { ...; }; primaryKey: AnyColumn[]; }>; ......'.
tests/integration/auth/oauth2.sessions.test.ts(425,46): error TS2339: Property 'trustedDevices' does not exist on type '{ readonly users: RelationalQueryBuilder<ExtractTablesWithRelations<typeof import("C:/Users/scoot/poll/VaultLogic/shared/schema")>, { tsName: "users"; dbName: "users"; columns: { id: PgColumn<{ ...; }, {}, { ...; }>; ... 8 more ...; lastLoginAt: PgColumn<...>; }; relations: { ...; }; primaryKey: AnyColumn[]; }>; ......'.
tests/integration/auth/oauth2.sessions.test.ts(529,46): error TS2339: Property 'trustedDevices' does not exist on type '{ readonly users: RelationalQueryBuilder<ExtractTablesWithRelations<typeof import("C:/Users/scoot/poll/VaultLogic/shared/schema")>, { tsName: "users"; dbName: "users"; columns: { id: PgColumn<{ ...; }, {}, { ...; }>; ... 8 more ...; lastLoginAt: PgColumn<...>; }; relations: { ...; }; primaryKey: AnyColumn[]; }>; ......'.
tests/integration/auth/oauth2.sessions.test.ts(551,38): error TS2339: Property 'refreshTokens' does not exist on type '{ readonly users: RelationalQueryBuilder<ExtractTablesWithRelations<typeof import("C:/Users/scoot/poll/VaultLogic/shared/schema")>, { tsName: "users"; dbName: "users"; columns: { id: PgColumn<{ ...; }, {}, { ...; }>; ... 8 more ...; lastLoginAt: PgColumn<...>; }; relations: { ...; }; primaryKey: AnyColumn[]; }>; ......'.
tests/integration/auth/oauth2.sessions.test.ts(564,38): error TS2339: Property 'refreshTokens' does not exist on type '{ readonly users: RelationalQueryBuilder<ExtractTablesWithRelations<typeof import("C:/Users/scoot/poll/VaultLogic/shared/schema")>, { tsName: "users"; dbName: "users"; columns: { id: PgColumn<{ ...; }, {}, { ...; }>; ... 8 more ...; lastLoginAt: PgColumn<...>; }; relations: { ...; }; primaryKey: AnyColumn[]; }>; ......'.
tests/integration/auth/oauth2.sessions.test.ts(575,45): error TS2339: Property 'refreshTokens' does not exist on type '{ readonly users: RelationalQueryBuilder<ExtractTablesWithRelations<typeof import("C:/Users/scoot/poll/VaultLogic/shared/schema")>, { tsName: "users"; dbName: "users"; columns: { id: PgColumn<{ ...; }, {}, { ...; }>; ... 8 more ...; lastLoginAt: PgColumn<...>; }; relations: { ...; }; primaryKey: AnyColumn[]; }>; ......'.
tests/integration/auth/oauth2.token-refresh.test.ts(16,26): error TS2305: Module '"@shared/schema"' has no exported member 'refreshTokens'.
tests/integration/auth/oauth2.token-refresh.test.ts(16,41): error TS2305: Module '"@shared/schema"' has no exported member 'userCredentials'.
tests/integration/auth/oauth2.token-refresh.test.ts(44,47): error TS2769: No overload matches this call.
  Overload 1 of 2, '(value: { name: string | SQL<unknown> | Placeholder<string, any>; slug: string | SQL<unknown> | Placeholder<string, any>; ownerId: string | SQL<unknown> | Placeholder<...>; ... 7 more ...; mfaRequired?: boolean | ... 3 more ... | undefined; }): PgInsertBase<...>', gave the following error.
    Argument of type '{ name: string; plan: "pro"; }' is not assignable to parameter of type '{ name: string | SQL<unknown> | Placeholder<string, any>; slug: string | SQL<unknown> | Placeholder<string, any>; ownerId: string | SQL<unknown> | Placeholder<string, any>; ... 7 more ...; mfaRequired?: boolean | ... 3 more ... | undefined; }'.
      Type '{ name: string; plan: "pro"; }' is missing the following properties from type '{ name: string | SQL<unknown> | Placeholder<string, any>; slug: string | SQL<unknown> | Placeholder<string, any>; ownerId: string | SQL<unknown> | Placeholder<string, any>; ... 7 more ...; mfaRequired?: boolean | ... 3 more ... | undefined; }': slug, ownerId
  Overload 2 of 2, '(values: { name: string | SQL<unknown> | Placeholder<string, any>; slug: string | SQL<unknown> | Placeholder<string, any>; ownerId: string | SQL<unknown> | Placeholder<...>; ... 7 more ...; mfaRequired?: boolean | ... 3 more ... | undefined; }[]): PgInsertBase<...>', gave the following error.
    Object literal may only specify known properties, and 'name' does not exist in type '{ name: string | SQL<unknown> | Placeholder<string, any>; slug: string | SQL<unknown> | Placeholder<string, any>; ownerId: string | SQL<unknown> | Placeholder<string, any>; ... 7 more ...; mfaRequired?: boolean | ... 3 more ... | undefined; }[]'.
tests/integration/auth/oauth2.token-refresh.test.ts(55,43): error TS2769: No overload matches this call.
  Overload 1 of 2, '(value: { email: string | SQL<unknown> | Placeholder<string, any>; id: string | SQL<unknown> | Placeholder<string, any>; name?: string | SQL<unknown> | Placeholder<string, any> | null | undefined; ... 6 more ...; lastLoginAt?: SQL<...> | ... 3 more ... | undefined; }): PgInsertBase<...>', gave the following error.
    Type '"creator"' is not assignable to type '"admin" | "user" | "guest" | SQL<unknown> | Placeholder<string, any> | undefined'.
  Overload 2 of 2, '(values: { email: string | SQL<unknown> | Placeholder<string, any>; id: string | SQL<unknown> | Placeholder<string, any>; name?: string | SQL<unknown> | Placeholder<string, any> | null | undefined; ... 6 more ...; lastLoginAt?: SQL<...> | ... 3 more ... | undefined; }[]): PgInsertBase<...>', gave the following error.
    Object literal may only specify known properties, and 'id' does not exist in type '{ email: string | SQL<unknown> | Placeholder<string, any>; id: string | SQL<unknown> | Placeholder<string, any>; name?: string | SQL<unknown> | Placeholder<string, any> | null | undefined; ... 6 more ...; lastLoginAt?: SQL<...> | ... 3 more ... | undefined; }[]'.
tests/integration/auth/oauth2.token-refresh.test.ts(85,88): error TS2339: Property 'tenantId' does not exist on type 'PgTableWithColumns<{ name: "users"; schema: undefined; columns: { id: PgColumn<{ name: "id"; tableName: "users"; dataType: "string"; columnType: "PgVarchar"; data: string; driverParam: string; notNull: true; hasDefault: false; ... 6 more ...; generated: undefined; }, {}, { ...; }>; ... 8 more ...; lastLoginAt: PgCol...'.
tests/integration/auth/oauth2.token-refresh.test.ts(137,39): error TS2339: Property 'refreshTokens' does not exist on type '{ readonly users: RelationalQueryBuilder<ExtractTablesWithRelations<typeof import("C:/Users/scoot/poll/VaultLogic/shared/schema")>, { tsName: "users"; dbName: "users"; columns: { id: PgColumn<{ ...; }, {}, { ...; }>; ... 8 more ...; lastLoginAt: PgColumn<...>; }; relations: { ...; }; primaryKey: AnyColumn[]; }>; ......'.
tests/integration/auth/oauth2.token-refresh.test.ts(143,39): error TS2339: Property 'refreshTokens' does not exist on type '{ readonly users: RelationalQueryBuilder<ExtractTablesWithRelations<typeof import("C:/Users/scoot/poll/VaultLogic/shared/schema")>, { tsName: "users"; dbName: "users"; columns: { id: PgColumn<{ ...; }, {}, { ...; }>; ... 8 more ...; lastLoginAt: PgColumn<...>; }; relations: { ...; }; primaryKey: AnyColumn[]; }>; ......'.
tests/integration/auth/oauth2.token-refresh.test.ts(234,39): error TS2339: Property 'refreshTokens' does not exist on type '{ readonly users: RelationalQueryBuilder<ExtractTablesWithRelations<typeof import("C:/Users/scoot/poll/VaultLogic/shared/schema")>, { tsName: "users"; dbName: "users"; columns: { id: PgColumn<{ ...; }, {}, { ...; }>; ... 8 more ...; lastLoginAt: PgColumn<...>; }; relations: { ...; }; primaryKey: AnyColumn[]; }>; ......'.
tests/integration/auth/oauth2.token-refresh.test.ts(346,36): error TS2339: Property 'refreshTokens' does not exist on type '{ readonly users: RelationalQueryBuilder<ExtractTablesWithRelations<typeof import("C:/Users/scoot/poll/VaultLogic/shared/schema")>, { tsName: "users"; dbName: "users"; columns: { id: PgColumn<{ ...; }, {}, { ...; }>; ... 8 more ...; lastLoginAt: PgColumn<...>; }; relations: { ...; }; primaryKey: AnyColumn[]; }>; ......'.
tests/integration/auth/oauth2.token-refresh.test.ts(461,50): error TS2769: No overload matches this call.
  Overload 1 of 2, '(value: { email: string | SQL<unknown> | Placeholder<string, any>; id: string | SQL<unknown> | Placeholder<string, any>; name?: string | SQL<unknown> | Placeholder<string, any> | null | undefined; ... 6 more ...; lastLoginAt?: SQL<...> | ... 3 more ... | undefined; }): PgInsertBase<...>', gave the following error.
    Type '"creator"' is not assignable to type '"admin" | "user" | "guest" | SQL<unknown> | Placeholder<string, any> | undefined'.
  Overload 2 of 2, '(values: { email: string | SQL<unknown> | Placeholder<string, any>; id: string | SQL<unknown> | Placeholder<string, any>; name?: string | SQL<unknown> | Placeholder<string, any> | null | undefined; ... 6 more ...; lastLoginAt?: SQL<...> | ... 3 more ... | undefined; }[]): PgInsertBase<...>', gave the following error.
    Object literal may only specify known properties, and 'id' does not exist in type '{ email: string | SQL<unknown> | Placeholder<string, any>; id: string | SQL<unknown> | Placeholder<string, any>; name?: string | SQL<unknown> | Placeholder<string, any> | null | undefined; ... 6 more ...; lastLoginAt?: SQL<...> | ... 3 more ... | undefined; }[]'.
tests/integration/auth/oauth2.token-refresh.test.ts(477,36): error TS2339: Property 'refreshTokens' does not exist on type '{ readonly users: RelationalQueryBuilder<ExtractTablesWithRelations<typeof import("C:/Users/scoot/poll/VaultLogic/shared/schema")>, { tsName: "users"; dbName: "users"; columns: { id: PgColumn<{ ...; }, {}, { ...; }>; ... 8 more ...; lastLoginAt: PgColumn<...>; }; relations: { ...; }; primaryKey: AnyColumn[]; }>; ......'.
tests/integration/auth/protected.routes.test.ts(62,17): error TS2353: Object literal may only specify known properties, and 'emailVerified' does not exist in type '{ email?: string | SQL<unknown> | PgColumn<ColumnBaseConfig<ColumnDataType, string>, {}, {}> | undefined; id?: string | SQL<unknown> | PgColumn<...> | undefined; ... 7 more ...; lastLoginAt?: SQL<...> | ... 3 more ... | undefined; }'.
tests/integration/auth/protected.routes.test.ts(71,54): error TS2769: No overload matches this call.
  Overload 1 of 2, '(value: { tenantId: string | SQL<unknown> | Placeholder<string, any>; userId: string | SQL<unknown> | Placeholder<string, any>; id?: string | SQL<unknown> | Placeholder<...> | undefined; role?: "owner" | ... 5 more ... | undefined; joinedAt?: SQL<...> | ... 3 more ... | undefined; }): PgInsertBase<...>', gave the following error.
    Type '"admin"' is not assignable to type '"owner" | "builder" | "runner" | "viewer" | SQL<unknown> | Placeholder<string, any> | undefined'.
  Overload 2 of 2, '(values: { tenantId: string | SQL<unknown> | Placeholder<string, any>; userId: string | SQL<unknown> | Placeholder<string, any>; id?: string | SQL<unknown> | Placeholder<...> | undefined; role?: "owner" | ... 5 more ... | undefined; joinedAt?: SQL<...> | ... 3 more ... | undefined; }[]): PgInsertBase<...>', gave the following error.
    Object literal may only specify known properties, and 'orgId' does not exist in type '{ tenantId: string | SQL<unknown> | Placeholder<string, any>; userId: string | SQL<unknown> | Placeholder<string, any>; id?: string | SQL<unknown> | Placeholder<string, any> | undefined; role?: "owner" | ... 5 more ... | undefined; joinedAt?: SQL<...> | ... 3 more ... | undefined; }[]'.
tests/integration/auth/protected.routes.test.ts(333,21): error TS2353: Object literal may only specify known properties, and 'emailVerified' does not exist in type '{ email?: string | SQL<unknown> | PgColumn<ColumnBaseConfig<ColumnDataType, string>, {}, {}> | undefined; id?: string | SQL<unknown> | PgColumn<...> | undefined; ... 7 more ...; lastLoginAt?: SQL<...> | ... 3 more ... | undefined; }'.
tests/integration/auth/protected.routes.test.ts(463,24): error TS2353: Object literal may only specify known properties, and 'emailVerified' does not exist in type '{ email?: string | SQL<unknown> | PgColumn<ColumnBaseConfig<ColumnDataType, string>, {}, {}> | undefined; id?: string | SQL<unknown> | PgColumn<...> | undefined; ... 7 more ...; lastLoginAt?: SQL<...> | ... 3 more ... | undefined; }'.
tests/integration/auth/protected.routes.test.ts(521,20): error TS18048: 'run' is possibly 'undefined'.
tests/integration/auth/protected.routes.test.ts(564,20): error TS18048: 'run' is possibly 'undefined'.
tests/integration/auth/session.management.integration.test.ts(13,10): error TS2305: Module '"@shared/schema"' has no exported member 'refreshTokens'.
tests/integration/auth/session.management.integration.test.ts(13,25): error TS2305: Module '"@shared/schema"' has no exported member 'trustedDevices'.
tests/integration/auth/session.management.integration.test.ts(13,41): error TS2305: Module '"@shared/schema"' has no exported member 'emailVerificationTokens'.
tests/integration/auth/session.management.integration.test.ts(61,20): error TS2353: Object literal may only specify known properties, and 'emailVerified' does not exist in type '{ email?: string | SQL<unknown> | PgColumn<ColumnBaseConfig<ColumnDataType, string>, {}, {}> | undefined; id?: string | SQL<unknown> | PgColumn<...> | undefined; ... 7 more ...; lastLoginAt?: SQL<...> | ... 3 more ... | undefined; }'.
tests/integration/auth/session.management.integration.test.ts(83,43): error TS2339: Property 'refreshTokens' does not exist on type '{ readonly users: RelationalQueryBuilder<ExtractTablesWithRelations<typeof import("C:/Users/scoot/poll/VaultLogic/shared/schema")>, { tsName: "users"; dbName: "users"; columns: { id: PgColumn<{ ...; }, {}, { ...; }>; ... 8 more ...; lastLoginAt: PgColumn<...>; }; relations: { ...; }; primaryKey: AnyColumn[]; }>; ......'.
tests/integration/auth/session.management.integration.test.ts(106,43): error TS2339: Property 'refreshTokens' does not exist on type '{ readonly users: RelationalQueryBuilder<ExtractTablesWithRelations<typeof import("C:/Users/scoot/poll/VaultLogic/shared/schema")>, { tsName: "users"; dbName: "users"; columns: { id: PgColumn<{ ...; }, {}, { ...; }>; ... 8 more ...; lastLoginAt: PgColumn<...>; }; relations: { ...; }; primaryKey: AnyColumn[]; }>; ......'.
tests/integration/auth/session.management.integration.test.ts(146,43): error TS2339: Property 'refreshTokens' does not exist on type '{ readonly users: RelationalQueryBuilder<ExtractTablesWithRelations<typeof import("C:/Users/scoot/poll/VaultLogic/shared/schema")>, { tsName: "users"; dbName: "users"; columns: { id: PgColumn<{ ...; }, {}, { ...; }>; ... 8 more ...; lastLoginAt: PgColumn<...>; }; relations: { ...; }; primaryKey: AnyColumn[]; }>; ......'.
tests/integration/auth/session.management.integration.test.ts(412,24): error TS2353: Object literal may only specify known properties, and 'emailVerified' does not exist in type '{ email?: string | SQL<unknown> | PgColumn<ColumnBaseConfig<ColumnDataType, string>, {}, {}> | undefined; id?: string | SQL<unknown> | PgColumn<...> | undefined; ... 7 more ...; lastLoginAt?: SQL<...> | ... 3 more ... | undefined; }'.
tests/integration/auth/session.management.integration.test.ts(571,43): error TS2339: Property 'refreshTokens' does not exist on type '{ readonly users: RelationalQueryBuilder<ExtractTablesWithRelations<typeof import("C:/Users/scoot/poll/VaultLogic/shared/schema")>, { tsName: "users"; dbName: "users"; columns: { id: PgColumn<{ ...; }, {}, { ...; }>; ... 8 more ...; lastLoginAt: PgColumn<...>; }; relations: { ...; }; primaryKey: AnyColumn[]; }>; ......'.
tests/integration/auth/session.management.integration.test.ts(618,43): error TS2339: Property 'refreshTokens' does not exist on type '{ readonly users: RelationalQueryBuilder<ExtractTablesWithRelations<typeof import("C:/Users/scoot/poll/VaultLogic/shared/schema")>, { tsName: "users"; dbName: "users"; columns: { id: PgColumn<{ ...; }, {}, { ...; }>; ... 8 more ...; lastLoginAt: PgColumn<...>; }; relations: { ...; }; primaryKey: AnyColumn[]; }>; ......'.
tests/integration/collections.e2e.test.ts(28,47): error TS2769: No overload matches this call.
  Overload 1 of 2, '(value: { name: string | SQL<unknown> | Placeholder<string, any>; slug: string | SQL<unknown> | Placeholder<string, any>; ownerId: string | SQL<unknown> | Placeholder<...>; ... 7 more ...; mfaRequired?: boolean | ... 3 more ... | undefined; }): PgInsertBase<...>', gave the following error.
    Argument of type '{ name: string; }' is not assignable to parameter of type '{ name: string | SQL<unknown> | Placeholder<string, any>; slug: string | SQL<unknown> | Placeholder<string, any>; ownerId: string | SQL<unknown> | Placeholder<string, any>; ... 7 more ...; mfaRequired?: boolean | ... 3 more ... | undefined; }'.
      Type '{ name: string; }' is missing the following properties from type '{ name: string | SQL<unknown> | Placeholder<string, any>; slug: string | SQL<unknown> | Placeholder<string, any>; ownerId: string | SQL<unknown> | Placeholder<string, any>; ... 7 more ...; mfaRequired?: boolean | ... 3 more ... | undefined; }': slug, ownerId
  Overload 2 of 2, '(values: { name: string | SQL<unknown> | Placeholder<string, any>; slug: string | SQL<unknown> | Placeholder<string, any>; ownerId: string | SQL<unknown> | Placeholder<...>; ... 7 more ...; mfaRequired?: boolean | ... 3 more ... | undefined; }[]): PgInsertBase<...>', gave the following error.
    Object literal may only specify known properties, and 'name' does not exist in type '{ name: string | SQL<unknown> | Placeholder<string, any>; slug: string | SQL<unknown> | Placeholder<string, any>; ownerId: string | SQL<unknown> | Placeholder<string, any>; ... 7 more ...; mfaRequired?: boolean | ... 3 more ... | undefined; }[]'.
tests/integration/collections.e2e.test.ts(34,43): error TS2769: No overload matches this call.
  Overload 1 of 2, '(value: { email: string | SQL<unknown> | Placeholder<string, any>; id: string | SQL<unknown> | Placeholder<string, any>; name?: string | SQL<unknown> | Placeholder<string, any> | null | undefined; ... 6 more ...; lastLoginAt?: SQL<...> | ... 3 more ... | undefined; }): PgInsertBase<...>', gave the following error.
    Object literal may only specify known properties, and 'fullName' does not exist in type '{ email: string | SQL<unknown> | Placeholder<string, any>; id: string | SQL<unknown> | Placeholder<string, any>; name?: string | SQL<unknown> | Placeholder<string, any> | null | undefined; ... 6 more ...; lastLoginAt?: SQL<...> | ... 3 more ... | undefined; }'.
  Overload 2 of 2, '(values: { email: string | SQL<unknown> | Placeholder<string, any>; id: string | SQL<unknown> | Placeholder<string, any>; name?: string | SQL<unknown> | Placeholder<string, any> | null | undefined; ... 6 more ...; lastLoginAt?: SQL<...> | ... 3 more ... | undefined; }[]): PgInsertBase<...>', gave the following error.
    Object literal may only specify known properties, and 'id' does not exist in type '{ email: string | SQL<unknown> | Placeholder<string, any>; id: string | SQL<unknown> | Placeholder<string, any>; name?: string | SQL<unknown> | Placeholder<string, any> | null | undefined; ... 6 more ...; lastLoginAt?: SQL<...> | ... 3 more ... | undefined; }[]'.
tests/integration/collections.e2e.test.ts(126,20): error TS2551: Property 'isRequired' does not exist on type '{ id: string; name: string; createdAt: Date | null; updatedAt: Date | null; slug: string; options: unknown; type: string; order: number | null; required: boolean | null; collectionId: string; }'. Did you mean 'required'?
tests/integration/collections.e2e.test.ts(155,20): error TS2339: Property 'defaultValue' does not exist on type '{ id: string; name: string; createdAt: Date | null; updatedAt: Date | null; slug: string; options: unknown; type: string; order: number | null; required: boolean | null; collectionId: string; }'.
tests/integration/collections.e2e.test.ts(172,20): error TS2339: Property 'defaultValue' does not exist on type '{ id: string; name: string; createdAt: Date | null; updatedAt: Date | null; slug: string; options: unknown; type: string; order: number | null; required: boolean | null; collectionId: string; }'.
tests/integration/collections.e2e.test.ts(187,20): error TS2339: Property 'defaultValue' does not exist on type '{ id: string; name: string; createdAt: Date | null; updatedAt: Date | null; slug: string; options: unknown; type: string; order: number | null; required: boolean | null; collectionId: string; }'.
tests/integration/datavault-v4-regression.test.ts(100,9): error TS2353: Object literal may only specify known properties, and 'tenantId' does not exist in type 'PgUpdateSetSource<PgTableWithColumns<{ name: "users"; schema: undefined; columns: { id: PgColumn<{ name: "id"; tableName: "users"; dataType: "string"; columnType: "PgVarchar"; data: string; driverParam: string; notNull: true; hasDefault: false; ... 6 more ...; generated: undefined; }, {}, { ...; }>; ... 8 more ...; ...'.
tests/integration/datavault-v4-regression.test.ts(120,9): error TS2353: Object literal may only specify known properties, and 'tenantId' does not exist in type 'PgUpdateSetSource<PgTableWithColumns<{ name: "users"; schema: undefined; columns: { id: PgColumn<{ name: "id"; tableName: "users"; dataType: "string"; columnType: "PgVarchar"; data: string; driverParam: string; notNull: true; hasDefault: false; ... 6 more ...; generated: undefined; }, {}, { ...; }>; ... 8 more ...; ...'.
tests/integration/datavault-v4-regression.test.ts(173,9): error TS2353: Object literal may only specify known properties, and 'tenantId' does not exist in type 'PgUpdateSetSource<PgTableWithColumns<{ name: "users"; schema: undefined; columns: { id: PgColumn<{ name: "id"; tableName: "users"; dataType: "string"; columnType: "PgVarchar"; data: string; driverParam: string; notNull: true; hasDefault: false; ... 6 more ...; generated: undefined; }, {}, { ...; }>; ... 8 more ...; ...'.
tests/integration/externalSends.test.ts(9,10): error TS2724: '"@shared/schema"' has no exported member named 'InsertTenant'. Did you mean 'InsertTeam'?
tests/integration/mfa.flow.real.test.ts(5,10): error TS2724: '"@shared/schema"' has no exported member named 'mfaSecrets'. Did you mean 'secrets'?
tests/integration/mfa.flow.real.test.ts(5,22): error TS2305: Module '"@shared/schema"' has no exported member 'mfaBackupCodes'.
tests/integration/mfa.flow.real.test.ts(91,40): error TS2551: Property 'mfaSecrets' does not exist on type '{ readonly users: RelationalQueryBuilder<ExtractTablesWithRelations<typeof import("C:/Users/scoot/poll/VaultLogic/shared/schema")>, { tsName: "users"; dbName: "users"; columns: { id: PgColumn<{ ...; }, {}, { ...; }>; ... 8 more ...; lastLoginAt: PgColumn<...>; }; relations: { ...; }; primaryKey: AnyColumn[]; }>; ......'. Did you mean 'secrets'?
tests/integration/mfa.flow.real.test.ts(110,44): error TS2551: Property 'mfaSecrets' does not exist on type '{ readonly users: RelationalQueryBuilder<ExtractTablesWithRelations<typeof import("C:/Users/scoot/poll/VaultLogic/shared/schema")>, { tsName: "users"; dbName: "users"; columns: { id: PgColumn<{ ...; }, {}, { ...; }>; ... 8 more ...; lastLoginAt: PgColumn<...>; }; relations: { ...; }; primaryKey: AnyColumn[]; }>; ......'. Did you mean 'secrets'?
tests/integration/mfa.flow.real.test.ts(121,27): error TS2339: Property 'mfaEnabled' does not exist on type '{ email: string; id: string; name: string | null; avatarUrl: string | null; role: "admin" | "user" | "guest"; provider: "google" | "github" | "email"; defaultTenantId: string | null; createdAt: Date | null; updatedAt: Date | null; lastLoginAt: Date | null; }'.
tests/integration/mfa.flow.real.test.ts(153,20): error TS2339: Property 'mfaEnabled' does not exist on type '{ email: string; id: string; name: string | null; avatarUrl: string | null; role: "admin" | "user" | "guest"; provider: "google" | "github" | "email"; defaultTenantId: string | null; createdAt: Date | null; updatedAt: Date | null; lastLoginAt: Date | null; }'.
tests/integration/mfa.flow.real.test.ts(204,42): error TS2339: Property 'mfaBackupCodes' does not exist on type '{ readonly users: RelationalQueryBuilder<ExtractTablesWithRelations<typeof import("C:/Users/scoot/poll/VaultLogic/shared/schema")>, { tsName: "users"; dbName: "users"; columns: { id: PgColumn<{ ...; }, {}, { ...; }>; ... 8 more ...; lastLoginAt: PgColumn<...>; }; relations: { ...; }; primaryKey: AnyColumn[]; }>; ......'.
tests/integration/mfa.flow.real.test.ts(211,28): error TS7006: Parameter 'stored' implicitly has an 'any' type.
tests/integration/mfa.flow.real.test.ts(337,40): error TS2551: Property 'mfaSecrets' does not exist on type '{ readonly users: RelationalQueryBuilder<ExtractTablesWithRelations<typeof import("C:/Users/scoot/poll/VaultLogic/shared/schema")>, { tsName: "users"; dbName: "users"; columns: { id: PgColumn<{ ...; }, {}, { ...; }>; ... 8 more ...; lastLoginAt: PgColumn<...>; }; relations: { ...; }; primaryKey: AnyColumn[]; }>; ......'. Did you mean 'secrets'?
tests/integration/mfa.flow.real.test.ts(374,42): error TS2339: Property 'mfaBackupCodes' does not exist on type '{ readonly users: RelationalQueryBuilder<ExtractTablesWithRelations<typeof import("C:/Users/scoot/poll/VaultLogic/shared/schema")>, { tsName: "users"; dbName: "users"; columns: { id: PgColumn<{ ...; }, {}, { ...; }>; ... 8 more ...; lastLoginAt: PgColumn<...>; }; relations: { ...; }; primaryKey: AnyColumn[]; }>; ......'.
tests/integration/mfa.flow.real.test.ts(409,40): error TS2551: Property 'mfaSecrets' does not exist on type '{ readonly users: RelationalQueryBuilder<ExtractTablesWithRelations<typeof import("C:/Users/scoot/poll/VaultLogic/shared/schema")>, { tsName: "users"; dbName: "users"; columns: { id: PgColumn<{ ...; }, {}, { ...; }>; ... 8 more ...; lastLoginAt: PgColumn<...>; }; relations: { ...; }; primaryKey: AnyColumn[]; }>; ......'. Did you mean 'secrets'?
tests/integration/mfa.flow.real.test.ts(501,40): error TS2551: Property 'mfaSecrets' does not exist on type '{ readonly users: RelationalQueryBuilder<ExtractTablesWithRelations<typeof import("C:/Users/scoot/poll/VaultLogic/shared/schema")>, { tsName: "users"; dbName: "users"; columns: { id: PgColumn<{ ...; }, {}, { ...; }>; ... 8 more ...; lastLoginAt: PgColumn<...>; }; relations: { ...; }; primaryKey: AnyColumn[]; }>; ......'. Did you mean 'secrets'?
tests/integration/mfa.flow.real.test.ts(559,20): error TS2339: Property 'mfaEnabled' does not exist on type '{ email: string; id: string; name: string | null; avatarUrl: string | null; role: "admin" | "user" | "guest"; provider: "google" | "github" | "email"; defaultTenantId: string | null; createdAt: Date | null; updatedAt: Date | null; lastLoginAt: Date | null; }'.
tests/integration/mfa.flow.real.test.ts(562,47): error TS2339: Property 'mfaBackupCodes' does not exist on type '{ readonly users: RelationalQueryBuilder<ExtractTablesWithRelations<typeof import("C:/Users/scoot/poll/VaultLogic/shared/schema")>, { tsName: "users"; dbName: "users"; columns: { id: PgColumn<{ ...; }, {}, { ...; }>; ... 8 more ...; lastLoginAt: PgColumn<...>; }; relations: { ...; }; primaryKey: AnyColumn[]; }>; ......'.
tests/integration/mfa.flow.real.test.ts(607,20): error TS2339: Property 'mfaEnabled' does not exist on type '{ email: string; id: string; name: string | null; avatarUrl: string | null; role: "admin" | "user" | "guest"; provider: "google" | "github" | "email"; defaultTenantId: string | null; createdAt: Date | null; updatedAt: Date | null; lastLoginAt: Date | null; }'.
tests/integration/mfa.flow.real.test.ts(636,39): error TS2339: Property 'mfaBackupCodes' does not exist on type '{ readonly users: RelationalQueryBuilder<ExtractTablesWithRelations<typeof import("C:/Users/scoot/poll/VaultLogic/shared/schema")>, { tsName: "users"; dbName: "users"; columns: { id: PgColumn<{ ...; }, {}, { ...; }>; ... 8 more ...; lastLoginAt: PgColumn<...>; }; relations: { ...; }; primaryKey: AnyColumn[]; }>; ......'.
tests/integration/mfa.flow.real.test.ts(642,30): error TS7006: Parameter 'c' implicitly has an 'any' type.
tests/integration/mfa.flow.real.test.ts(665,32): error TS2769: No overload matches this call.
  Overload 1 of 2, '(value: { name: string | SQL<unknown> | Placeholder<string, any>; slug: string | SQL<unknown> | Placeholder<string, any>; ownerId: string | SQL<unknown> | Placeholder<...>; ... 7 more ...; mfaRequired?: boolean | ... 3 more ... | undefined; }): PgInsertBase<...>', gave the following error.
    Argument of type '{ id: `${string}-${string}-${string}-${string}-${string}`; name: string; mfaRequired: true; }' is not assignable to parameter of type '{ name: string | SQL<unknown> | Placeholder<string, any>; slug: string | SQL<unknown> | Placeholder<string, any>; ownerId: string | SQL<unknown> | Placeholder<string, any>; ... 7 more ...; mfaRequired?: boolean | ... 3 more ... | undefined; }'.
      Type '{ id: `${string}-${string}-${string}-${string}-${string}`; name: string; mfaRequired: true; }' is missing the following properties from type '{ name: string | SQL<unknown> | Placeholder<string, any>; slug: string | SQL<unknown> | Placeholder<string, any>; ownerId: string | SQL<unknown> | Placeholder<string, any>; ... 7 more ...; mfaRequired?: boolean | ... 3 more ... | undefined; }': slug, ownerId
  Overload 2 of 2, '(values: { name: string | SQL<unknown> | Placeholder<string, any>; slug: string | SQL<unknown> | Placeholder<string, any>; ownerId: string | SQL<unknown> | Placeholder<...>; ... 7 more ...; mfaRequired?: boolean | ... 3 more ... | undefined; }[]): PgInsertBase<...>', gave the following error.
    Object literal may only specify known properties, and 'id' does not exist in type '{ name: string | SQL<unknown> | Placeholder<string, any>; slug: string | SQL<unknown> | Placeholder<string, any>; ownerId: string | SQL<unknown> | Placeholder<string, any>; ... 7 more ...; mfaRequired?: boolean | ... 3 more ... | undefined; }[]'.
tests/integration/mfa.flow.real.test.ts(676,16): error TS2353: Object literal may only specify known properties, and 'tenantId' does not exist in type '{ email?: string | SQL<unknown> | PgColumn<ColumnBaseConfig<ColumnDataType, string>, {}, {}> | undefined; id?: string | SQL<unknown> | PgColumn<...> | undefined; ... 7 more ...; lastLoginAt?: SQL<...> | ... 3 more ... | undefined; }'.
tests/integration/organizationInvites.test.ts(6,50): error TS2724: '"../../shared/schema"' has no exported member named 'organizationInvites'. Did you mean 'organizations'?
tests/integration/organizationInvites.test.ts(31,34): error TS2769: No overload matches this call.
  Overload 1 of 2, '(value: { name: string | SQL<unknown> | Placeholder<string, any>; slug: string | SQL<unknown> | Placeholder<string, any>; ownerId: string | SQL<unknown> | Placeholder<...>; ... 7 more ...; mfaRequired?: boolean | ... 3 more ... | undefined; }): PgInsertBase<...>', gave the following error.
    Argument of type '{ id: string; name: string; }' is not assignable to parameter of type '{ name: string | SQL<unknown> | Placeholder<string, any>; slug: string | SQL<unknown> | Placeholder<string, any>; ownerId: string | SQL<unknown> | Placeholder<string, any>; ... 7 more ...; mfaRequired?: boolean | ... 3 more ... | undefined; }'.
      Type '{ id: string; name: string; }' is missing the following properties from type '{ name: string | SQL<unknown> | Placeholder<string, any>; slug: string | SQL<unknown> | Placeholder<string, any>; ownerId: string | SQL<unknown> | Placeholder<string, any>; ... 7 more ...; mfaRequired?: boolean | ... 3 more ... | undefined; }': slug, ownerId
  Overload 2 of 2, '(values: { name: string | SQL<unknown> | Placeholder<string, any>; slug: string | SQL<unknown> | Placeholder<string, any>; ownerId: string | SQL<unknown> | Placeholder<...>; ... 7 more ...; mfaRequired?: boolean | ... 3 more ... | undefined; }[]): PgInsertBase<...>', gave the following error.
    Object literal may only specify known properties, and 'id' does not exist in type '{ name: string | SQL<unknown> | Placeholder<string, any>; slug: string | SQL<unknown> | Placeholder<string, any>; ownerId: string | SQL<unknown> | Placeholder<string, any>; ... 7 more ...; mfaRequired?: boolean | ... 3 more ... | undefined; }[]'.
tests/integration/organizationInvites.test.ts(46,39): error TS2769: No overload matches this call.
  Overload 1 of 2, '(value: { email: string | SQL<unknown> | Placeholder<string, any>; id: string | SQL<unknown> | Placeholder<string, any>; name?: string | SQL<unknown> | Placeholder<string, any> | null | undefined; ... 6 more ...; lastLoginAt?: SQL<...> | ... 3 more ... | undefined; }): PgInsertBase<...>', gave the following error.
    Argument of type '{ id: string; email: string; fullName: string; tenantId: string; }[]' is not assignable to parameter of type '{ email: string | SQL<unknown> | Placeholder<string, any>; id: string | SQL<unknown> | Placeholder<string, any>; name?: string | SQL<unknown> | Placeholder<string, any> | null | undefined; ... 6 more ...; lastLoginAt?: SQL<...> | ... 3 more ... | undefined; }'.
      Type '{ id: string; email: string; fullName: string; tenantId: string; }[]' is missing the following properties from type '{ email: string | SQL<unknown> | Placeholder<string, any>; id: string | SQL<unknown> | Placeholder<string, any>; name?: string | SQL<unknown> | Placeholder<string, any> | null | undefined; ... 6 more ...; lastLoginAt?: SQL<...> | ... 3 more ... | undefined; }': email, id
tests/integration/organizationInvites.test.ts(67,91): error TS2339: Property 'orgId' does not exist on type 'PgTableWithColumns<{ name: "organization_memberships"; schema: undefined; columns: { id: PgColumn<{ name: "id"; tableName: "organization_memberships"; dataType: "string"; columnType: "PgUUID"; data: string; driverParam: string; ... 8 more ...; generated: undefined; }, {}, {}>; userId: PgColumn<...>; tenantId: PgColu...'.
tests/integration/organizationInvites.test.ts(92,37): error TS2339: Property 'isPlaceholder' does not exist on type '{ email: string; id: string; name: string | null; avatarUrl: string | null; role: "admin" | "user" | "guest"; provider: "google" | "github" | "email"; defaultTenantId: string | null; createdAt: Date | null; updatedAt: Date | null; lastLoginAt: Date | null; }'.
tests/integration/organizationInvites.test.ts(93,37): error TS2339: Property 'placeholderEmail' does not exist on type '{ email: string; id: string; name: string | null; avatarUrl: string | null; role: "admin" | "user" | "guest"; provider: "google" | "github" | "email"; defaultTenantId: string | null; createdAt: Date | null; updatedAt: Date | null; lastLoginAt: Date | null; }'.
tests/integration/organizationInvites.test.ts(94,37): error TS2339: Property 'fullName' does not exist on type '{ email: string; id: string; name: string | null; avatarUrl: string | null; role: "admin" | "user" | "guest"; provider: "google" | "github" | "email"; defaultTenantId: string | null; createdAt: Date | null; updatedAt: Date | null; lastLoginAt: Date | null; }'.
tests/integration/organizationInvites.test.ts(113,26): error TS2339: Property 'isPlaceholder' does not exist on type '{ email: string; id: string; name: string | null; avatarUrl: string | null; role: "admin" | "user" | "guest"; provider: "google" | "github" | "email"; defaultTenantId: string | null; createdAt: Date | null; updatedAt: Date | null; lastLoginAt: Date | null; }'.
tests/integration/organizationInvites.test.ts(145,43): error TS2551: Property 'organizationInvites' does not exist on type '{ readonly users: RelationalQueryBuilder<ExtractTablesWithRelations<typeof import("C:/Users/scoot/poll/VaultLogic/shared/schema")>, { tsName: "users"; dbName: "users"; columns: { id: PgColumn<{ ...; }, {}, { ...; }>; ... 8 more ...; lastLoginAt: PgColumn<...>; }; relations: { ...; }; primaryKey: AnyColumn[]; }>; ......'. Did you mean 'organizations'?
tests/integration/organizationInvites.test.ts(184,43): error TS2551: Property 'organizationInvites' does not exist on type '{ readonly users: RelationalQueryBuilder<ExtractTablesWithRelations<typeof import("C:/Users/scoot/poll/VaultLogic/shared/schema")>, { tsName: "users"; dbName: "users"; columns: { id: PgColumn<{ ...; }, {}, { ...; }>; ... 8 more ...; lastLoginAt: PgColumn<...>; }; relations: { ...; }; primaryKey: AnyColumn[]; }>; ......'. Did you mean 'organizations'?
tests/integration/organizationInvites.test.ts(201,37): error TS2339: Property 'isPlaceholder' does not exist on type '{ email: string; id: string; name: string | null; avatarUrl: string | null; role: "admin" | "user" | "guest"; provider: "google" | "github" | "email"; defaultTenantId: string | null; createdAt: Date | null; updatedAt: Date | null; lastLoginAt: Date | null; }'.
tests/integration/organizationInvites.test.ts(211,33): error TS2339: Property 'isPlaceholder' does not exist on type '{ email: string; id: string; name: string | null; avatarUrl: string | null; role: "admin" | "user" | "guest"; provider: "google" | "github" | "email"; defaultTenantId: string | null; createdAt: Date | null; updatedAt: Date | null; lastLoginAt: Date | null; }'.
tests/integration/organizationInvites.test.ts(212,33): error TS2339: Property 'placeholderEmail' does not exist on type '{ email: string; id: string; name: string | null; avatarUrl: string | null; role: "admin" | "user" | "guest"; provider: "google" | "github" | "email"; defaultTenantId: string | null; createdAt: Date | null; updatedAt: Date | null; lastLoginAt: Date | null; }'.
tests/integration/organizationInvites.test.ts(233,43): error TS2551: Property 'organizationInvites' does not exist on type '{ readonly users: RelationalQueryBuilder<ExtractTablesWithRelations<typeof import("C:/Users/scoot/poll/VaultLogic/shared/schema")>, { tsName: "users"; dbName: "users"; columns: { id: PgColumn<{ ...; }, {}, { ...; }>; ... 8 more ...; lastLoginAt: PgColumn<...>; }; relations: { ...; }; primaryKey: AnyColumn[]; }>; ......'. Did you mean 'organizations'?
tests/integration/organizationInvites.test.ts(336,43): error TS2551: Property 'organizationInvites' does not exist on type '{ readonly users: RelationalQueryBuilder<ExtractTablesWithRelations<typeof import("C:/Users/scoot/poll/VaultLogic/shared/schema")>, { tsName: "users"; dbName: "users"; columns: { id: PgColumn<{ ...; }, {}, { ...; }>; ... 8 more ...; lastLoginAt: PgColumn<...>; }; relations: { ...; }; primaryKey: AnyColumn[]; }>; ......'. Did you mean 'organizations'?
tests/integration/organizations-audit-fixes.test.ts(19,3): error TS2724: '"../../shared/schema"' has no exported member named 'organizationInvites'. Did you mean 'organizations'?
tests/integration/organizations-audit-fixes.test.ts(36,30): error TS2769: No overload matches this call.
  Overload 1 of 2, '(value: { name: string | SQL<unknown> | Placeholder<string, any>; slug: string | SQL<unknown> | Placeholder<string, any>; ownerId: string | SQL<unknown> | Placeholder<...>; ... 7 more ...; mfaRequired?: boolean | ... 3 more ... | undefined; }): PgInsertBase<...>', gave the following error.
    Argument of type '{ id: string; name: string; }' is not assignable to parameter of type '{ name: string | SQL<unknown> | Placeholder<string, any>; slug: string | SQL<unknown> | Placeholder<string, any>; ownerId: string | SQL<unknown> | Placeholder<string, any>; ... 7 more ...; mfaRequired?: boolean | ... 3 more ... | undefined; }'.
      Type '{ id: string; name: string; }' is missing the following properties from type '{ name: string | SQL<unknown> | Placeholder<string, any>; slug: string | SQL<unknown> | Placeholder<string, any>; ownerId: string | SQL<unknown> | Placeholder<string, any>; ... 7 more ...; mfaRequired?: boolean | ... 3 more ... | undefined; }': slug, ownerId
  Overload 2 of 2, '(values: { name: string | SQL<unknown> | Placeholder<string, any>; slug: string | SQL<unknown> | Placeholder<string, any>; ownerId: string | SQL<unknown> | Placeholder<...>; ... 7 more ...; mfaRequired?: boolean | ... 3 more ... | undefined; }[]): PgInsertBase<...>', gave the following error.
    Object literal may only specify known properties, and 'id' does not exist in type '{ name: string | SQL<unknown> | Placeholder<string, any>; slug: string | SQL<unknown> | Placeholder<string, any>; ownerId: string | SQL<unknown> | Placeholder<string, any>; ... 7 more ...; mfaRequired?: boolean | ... 3 more ... | undefined; }[]'.
tests/integration/organizations-audit-fixes.test.ts(42,35): error TS2769: No overload matches this call.
  Overload 1 of 2, '(value: { email: string | SQL<unknown> | Placeholder<string, any>; id: string | SQL<unknown> | Placeholder<string, any>; name?: string | SQL<unknown> | Placeholder<string, any> | null | undefined; ... 6 more ...; lastLoginAt?: SQL<...> | ... 3 more ... | undefined; }): PgInsertBase<...>', gave the following error.
    Argument of type '{ id: string; email: string; fullName: string; tenantId: string; }[]' is not assignable to parameter of type '{ email: string | SQL<unknown> | Placeholder<string, any>; id: string | SQL<unknown> | Placeholder<string, any>; name?: string | SQL<unknown> | Placeholder<string, any> | null | undefined; ... 6 more ...; lastLoginAt?: SQL<...> | ... 3 more ... | undefined; }'.
      Type '{ id: string; email: string; fullName: string; tenantId: string; }[]' is missing the following properties from type '{ email: string | SQL<unknown> | Placeholder<string, any>; id: string | SQL<unknown> | Placeholder<string, any>; name?: string | SQL<unknown> | Placeholder<string, any> | null | undefined; ... 6 more ...; lastLoginAt?: SQL<...> | ... 3 more ... | undefined; }': email, id
tests/integration/organizations-audit-fixes.test.ts(80,83): error TS2339: Property 'orgId' does not exist on type 'PgTableWithColumns<{ name: "organization_memberships"; schema: undefined; columns: { id: PgColumn<{ name: "id"; tableName: "organization_memberships"; dataType: "string"; columnType: "PgUUID"; data: string; driverParam: string; ... 8 more ...; generated: undefined; }, {}, {}>; userId: PgColumn<...>; tenantId: PgColu...'.
tests/integration/organizations-audit-fixes.test.ts(103,45): error TS2339: Property 'tenantId' does not exist on type 'PgTableWithColumns<{ name: "users"; schema: undefined; columns: { id: PgColumn<{ name: "id"; tableName: "users"; dataType: "string"; columnType: "PgVarchar"; data: string; driverParam: string; notNull: true; hasDefault: false; ... 6 more ...; generated: undefined; }, {}, { ...; }>; ... 8 more ...; lastLoginAt: PgCol...'.
tests/integration/organizations-audit-fixes.test.ts(181,38): error TS2339: Property 'orgId' does not exist on type 'PgTableWithColumns<{ name: "organization_memberships"; schema: undefined; columns: { id: PgColumn<{ name: "id"; tableName: "organization_memberships"; dataType: "string"; columnType: "PgUUID"; data: string; driverParam: string; ... 8 more ...; generated: undefined; }, {}, {}>; userId: PgColumn<...>; tenantId: PgColu...'.
tests/integration/organizations-audit-fixes.test.ts(198,39): error TS2551: Property 'organizationInvites' does not exist on type '{ readonly users: RelationalQueryBuilder<ExtractTablesWithRelations<typeof import("C:/Users/scoot/poll/VaultLogic/shared/schema")>, { tsName: "users"; dbName: "users"; columns: { id: PgColumn<{ ...; }, {}, { ...; }>; ... 8 more ...; lastLoginAt: PgColumn<...>; }; relations: { ...; }; primaryKey: AnyColumn[]; }>; ......'. Did you mean 'organizations'?
tests/integration/organizations-audit-fixes.test.ts(230,44): error TS2551: Property 'organizationInvites' does not exist on type '{ readonly users: RelationalQueryBuilder<ExtractTablesWithRelations<typeof import("C:/Users/scoot/poll/VaultLogic/shared/schema")>, { tsName: "users"; dbName: "users"; columns: { id: PgColumn<{ ...; }, {}, { ...; }>; ... 8 more ...; lastLoginAt: PgColumn<...>; }; relations: { ...; }; primaryKey: AnyColumn[]; }>; ......'. Did you mean 'organizations'?
tests/integration/organizations-audit-fixes.test.ts(285,81): error TS2339: Property 'orgId' does not exist on type 'PgTableWithColumns<{ name: "organization_memberships"; schema: undefined; columns: { id: PgColumn<{ name: "id"; tableName: "organization_memberships"; dataType: "string"; columnType: "PgUUID"; data: string; driverParam: string; ... 8 more ...; generated: undefined; }, {}, {}>; userId: PgColumn<...>; tenantId: PgColu...'.
tests/integration/organizations-audit-fixes.test.ts(302,31): error TS2339: Property 'isPlaceholder' does not exist on type '{ email: string; id: string; name: string | null; avatarUrl: string | null; role: "admin" | "user" | "guest"; provider: "google" | "github" | "email"; defaultTenantId: string | null; createdAt: Date | null; updatedAt: Date | null; lastLoginAt: Date | null; }'.
tests/integration/organizations-workflow.test.ts(24,3): error TS2724: '"../../shared/schema"' has no exported member named 'organizationInvites'. Did you mean 'organizations'?
tests/integration/organizations-workflow.test.ts(44,30): error TS2769: No overload matches this call.
  Overload 1 of 2, '(value: { name: string | SQL<unknown> | Placeholder<string, any>; slug: string | SQL<unknown> | Placeholder<string, any>; ownerId: string | SQL<unknown> | Placeholder<...>; ... 7 more ...; mfaRequired?: boolean | ... 3 more ... | undefined; }): PgInsertBase<...>', gave the following error.
    Argument of type '{ id: string; name: string; }' is not assignable to parameter of type '{ name: string | SQL<unknown> | Placeholder<string, any>; slug: string | SQL<unknown> | Placeholder<string, any>; ownerId: string | SQL<unknown> | Placeholder<string, any>; ... 7 more ...; mfaRequired?: boolean | ... 3 more ... | undefined; }'.
      Type '{ id: string; name: string; }' is missing the following properties from type '{ name: string | SQL<unknown> | Placeholder<string, any>; slug: string | SQL<unknown> | Placeholder<string, any>; ownerId: string | SQL<unknown> | Placeholder<string, any>; ... 7 more ...; mfaRequired?: boolean | ... 3 more ... | undefined; }': slug, ownerId
  Overload 2 of 2, '(values: { name: string | SQL<unknown> | Placeholder<string, any>; slug: string | SQL<unknown> | Placeholder<string, any>; ownerId: string | SQL<unknown> | Placeholder<...>; ... 7 more ...; mfaRequired?: boolean | ... 3 more ... | undefined; }[]): PgInsertBase<...>', gave the following error.
    Object literal may only specify known properties, and 'id' does not exist in type '{ name: string | SQL<unknown> | Placeholder<string, any>; slug: string | SQL<unknown> | Placeholder<string, any>; ownerId: string | SQL<unknown> | Placeholder<string, any>; ... 7 more ...; mfaRequired?: boolean | ... 3 more ... | undefined; }[]'.
tests/integration/organizations-workflow.test.ts(50,35): error TS2769: No overload matches this call.
  Overload 1 of 2, '(value: { email: string | SQL<unknown> | Placeholder<string, any>; id: string | SQL<unknown> | Placeholder<string, any>; name?: string | SQL<unknown> | Placeholder<string, any> | null | undefined; ... 6 more ...; lastLoginAt?: SQL<...> | ... 3 more ... | undefined; }): PgInsertBase<...>', gave the following error.
    Argument of type '{ id: string; email: string; fullName: string; tenantId: string; }[]' is not assignable to parameter of type '{ email: string | SQL<unknown> | Placeholder<string, any>; id: string | SQL<unknown> | Placeholder<string, any>; name?: string | SQL<unknown> | Placeholder<string, any> | null | undefined; ... 6 more ...; lastLoginAt?: SQL<...> | ... 3 more ... | undefined; }'.
      Type '{ id: string; email: string; fullName: string; tenantId: string; }[]' is missing the following properties from type '{ email: string | SQL<unknown> | Placeholder<string, any>; id: string | SQL<unknown> | Placeholder<string, any>; name?: string | SQL<unknown> | Placeholder<string, any> | null | undefined; ... 6 more ...; lastLoginAt?: SQL<...> | ... 3 more ... | undefined; }': email, id
tests/integration/organizations-workflow.test.ts(80,83): error TS2339: Property 'orgId' does not exist on type 'PgTableWithColumns<{ name: "organization_memberships"; schema: undefined; columns: { id: PgColumn<{ name: "id"; tableName: "organization_memberships"; dataType: "string"; columnType: "PgUUID"; data: string; driverParam: string; ... 8 more ...; generated: undefined; }, {}, {}>; userId: PgColumn<...>; tenantId: PgColu...'.
tests/integration/organizations-workflow.test.ts(83,45): error TS2339: Property 'tenantId' does not exist on type 'PgTableWithColumns<{ name: "users"; schema: undefined; columns: { id: PgColumn<{ name: "id"; tableName: "users"; dataType: "string"; columnType: "PgVarchar"; data: string; driverParam: string; notNull: true; hasDefault: false; ... 6 more ...; generated: undefined; }, {}, { ...; }>; ... 8 more ...; lastLoginAt: PgCol...'.
tests/integration/organizations-workflow.test.ts(108,43): error TS2339: Property 'orgId' does not exist on type 'PgTableWithColumns<{ name: "organization_memberships"; schema: undefined; columns: { id: PgColumn<{ name: "id"; tableName: "organization_memberships"; dataType: "string"; columnType: "PgUUID"; data: string; driverParam: string; ... 8 more ...; generated: undefined; }, {}, {}>; userId: PgColumn<...>; tenantId: PgColu...'.
tests/integration/organizations-workflow.test.ts(130,39): error TS2551: Property 'organizationInvites' does not exist on type '{ readonly users: RelationalQueryBuilder<ExtractTablesWithRelations<typeof import("C:/Users/scoot/poll/VaultLogic/shared/schema")>, { tsName: "users"; dbName: "users"; columns: { id: PgColumn<{ ...; }, {}, { ...; }>; ... 8 more ...; lastLoginAt: PgColumn<...>; }; relations: { ...; }; primaryKey: AnyColumn[]; }>; ......'. Did you mean 'organizations'?
tests/integration/organizations-workflow.test.ts(149,38): error TS2339: Property 'orgId' does not exist on type 'PgTableWithColumns<{ name: "organization_memberships"; schema: undefined; columns: { id: PgColumn<{ name: "id"; tableName: "organization_memberships"; dataType: "string"; columnType: "PgUUID"; data: string; driverParam: string; ... 8 more ...; generated: undefined; }, {}, {}>; userId: PgColumn<...>; tenantId: PgColu...'.
tests/integration/organizations-workflow.test.ts(158,37): error TS2551: Property 'organizationInvites' does not exist on type '{ readonly users: RelationalQueryBuilder<ExtractTablesWithRelations<typeof import("C:/Users/scoot/poll/VaultLogic/shared/schema")>, { tsName: "users"; dbName: "users"; columns: { id: PgColumn<{ ...; }, {}, { ...; }>; ... 8 more ...; lastLoginAt: PgColumn<...>; }; relations: { ...; }; primaryKey: AnyColumn[]; }>; ......'. Did you mean 'organizations'?
tests/integration/organizations-workflow.test.ts(290,38): error TS2339: Property 'orgId' does not exist on type 'PgTableWithColumns<{ name: "organization_memberships"; schema: undefined; columns: { id: PgColumn<{ name: "id"; tableName: "organization_memberships"; dataType: "string"; columnType: "PgUUID"; data: string; driverParam: string; ... 8 more ...; generated: undefined; }, {}, {}>; userId: PgColumn<...>; tenantId: PgColu...'.
tests/integration/organizations-workflow.test.ts(393,43): error TS2339: Property 'orgId' does not exist on type 'PgTableWithColumns<{ name: "organization_memberships"; schema: undefined; columns: { id: PgColumn<{ name: "id"; tableName: "organization_memberships"; dataType: "string"; columnType: "PgUUID"; data: string; driverParam: string; ... 8 more ...; generated: undefined; }, {}, {}>; userId: PgColumn<...>; tenantId: PgColu...'.
tests/integration/organizationService.test.ts(27,51): error TS2769: No overload matches this call.
  Overload 1 of 2, '(value: { name: string | SQL<unknown> | Placeholder<string, any>; slug: string | SQL<unknown> | Placeholder<string, any>; ownerId: string | SQL<unknown> | Placeholder<...>; ... 7 more ...; mfaRequired?: boolean | ... 3 more ... | undefined; }): PgInsertBase<...>', gave the following error.
    Argument of type '{ name: string; plan: "pro"; }' is not assignable to parameter of type '{ name: string | SQL<unknown> | Placeholder<string, any>; slug: string | SQL<unknown> | Placeholder<string, any>; ownerId: string | SQL<unknown> | Placeholder<string, any>; ... 7 more ...; mfaRequired?: boolean | ... 3 more ... | undefined; }'.
      Type '{ name: string; plan: "pro"; }' is missing the following properties from type '{ name: string | SQL<unknown> | Placeholder<string, any>; slug: string | SQL<unknown> | Placeholder<string, any>; ownerId: string | SQL<unknown> | Placeholder<string, any>; ... 7 more ...; mfaRequired?: boolean | ... 3 more ... | undefined; }': slug, ownerId
  Overload 2 of 2, '(values: { name: string | SQL<unknown> | Placeholder<string, any>; slug: string | SQL<unknown> | Placeholder<string, any>; ownerId: string | SQL<unknown> | Placeholder<...>; ... 7 more ...; mfaRequired?: boolean | ... 3 more ... | undefined; }[]): PgInsertBase<...>', gave the following error.
    Object literal may only specify known properties, and 'name' does not exist in type '{ name: string | SQL<unknown> | Placeholder<string, any>; slug: string | SQL<unknown> | Placeholder<string, any>; ownerId: string | SQL<unknown> | Placeholder<string, any>; ... 7 more ...; mfaRequired?: boolean | ... 3 more ... | undefined; }[]'.
tests/integration/organizationService.test.ts(33,39): error TS2769: No overload matches this call.
  Overload 1 of 2, '(value: { email: string | SQL<unknown> | Placeholder<string, any>; id: string | SQL<unknown> | Placeholder<string, any>; name?: string | SQL<unknown> | Placeholder<string, any> | null | undefined; ... 6 more ...; lastLoginAt?: SQL<...> | ... 3 more ... | undefined; }): PgInsertBase<...>', gave the following error.
    Argument of type '{ id: string; email: string; fullName: string; tenantId: string; }[]' is not assignable to parameter of type '{ email: string | SQL<unknown> | Placeholder<string, any>; id: string | SQL<unknown> | Placeholder<string, any>; name?: string | SQL<unknown> | Placeholder<string, any> | null | undefined; ... 6 more ...; lastLoginAt?: SQL<...> | ... 3 more ... | undefined; }'.
      Type '{ id: string; email: string; fullName: string; tenantId: string; }[]' is missing the following properties from type '{ email: string | SQL<unknown> | Placeholder<string, any>; id: string | SQL<unknown> | Placeholder<string, any>; name?: string | SQL<unknown> | Placeholder<string, any> | null | undefined; ... 6 more ...; lastLoginAt?: SQL<...> | ... 3 more ... | undefined; }': email, id
tests/integration/organizationService.test.ts(38,20): error TS2353: Object literal may only specify known properties, and 'tenantId' does not exist in type 'PgUpdateSetSource<PgTableWithColumns<{ name: "users"; schema: undefined; columns: { id: PgColumn<{ name: "id"; tableName: "users"; dataType: "string"; columnType: "PgVarchar"; data: string; driverParam: string; notNull: true; hasDefault: false; ... 6 more ...; generated: undefined; }, {}, { ...; }>; ... 8 more ...; ...'.
tests/integration/organizationService.test.ts(50,34): error TS2353: Object literal may only specify known properties, and 'tenantId' does not exist in type '{ id?: boolean | undefined; email?: boolean | undefined; name?: boolean | undefined; avatarUrl?: boolean | undefined; role?: boolean | undefined; provider?: boolean | undefined; defaultTenantId?: boolean | undefined; createdAt?: boolean | undefined; updatedAt?: boolean | undefined; lastLoginAt?: boolean | undefined; }'.
tests/integration/organizationService.test.ts(52,25): error TS2339: Property 'tenantId' does not exist on type '{ email: string; id: string; name: string | null; avatarUrl: string | null; role: "admin" | "user" | "guest"; provider: "google" | "github" | "email"; defaultTenantId: string | null; createdAt: Date | null; updatedAt: Date | null; lastLoginAt: Date | null; }'.
tests/integration/organizationService.test.ts(63,91): error TS2339: Property 'orgId' does not exist on type 'PgTableWithColumns<{ name: "organization_memberships"; schema: undefined; columns: { id: PgColumn<{ name: "id"; tableName: "organization_memberships"; dataType: "string"; columnType: "PgUUID"; data: string; driverParam: string; ... 8 more ...; generated: undefined; }, {}, {}>; userId: PgColumn<...>; tenantId: PgColu...'.
tests/integration/organizationService.test.ts(81,24): error TS2339: Property 'description' does not exist on type '{ id: string; name: string; createdAt: Date | null; updatedAt: Date | null; slug: string; plan: string; ownerId: string; domainVerificationToken: string | null; customDomain: string | null; mfaRequired: boolean | null; stripeCustomerId: string | null; }'.
tests/integration/organizationService.test.ts(82,24): error TS2339: Property 'createdByUserId' does not exist on type '{ id: string; name: string; createdAt: Date | null; updatedAt: Date | null; slug: string; plan: string; ownerId: string; domainVerificationToken: string | null; customDomain: string | null; mfaRequired: boolean | null; stripeCustomerId: string | null; }'.
tests/integration/organizationService.test.ts(90,51): error TS2339: Property 'orgId' does not exist on type 'PgTableWithColumns<{ name: "organization_memberships"; schema: undefined; columns: { id: PgColumn<{ name: "id"; tableName: "organization_memberships"; dataType: "string"; columnType: "PgUUID"; data: string; driverParam: string; ... 8 more ...; generated: undefined; }, {}, {}>; userId: PgColumn<...>; tenantId: PgColu...'.
tests/integration/organizationService.test.ts(135,28): error TS2339: Property 'description' does not exist on type '{ id: string; name: string; createdAt: Date | null; updatedAt: Date | null; slug: string; plan: string; ownerId: string; domainVerificationToken: string | null; customDomain: string | null; mfaRequired: boolean | null; stripeCustomerId: string | null; }'.
tests/integration/organizationService.test.ts(146,54): error TS2769: No overload matches this call.
  Overload 1 of 2, '(value: { tenantId: string | SQL<unknown> | Placeholder<string, any>; userId: string | SQL<unknown> | Placeholder<string, any>; id?: string | SQL<unknown> | Placeholder<...> | undefined; role?: "owner" | ... 5 more ... | undefined; joinedAt?: SQL<...> | ... 3 more ... | undefined; }): PgInsertBase<...>', gave the following error.
    Type '"member"' is not assignable to type '"owner" | "builder" | "runner" | "viewer" | SQL<unknown> | Placeholder<string, any> | undefined'.
  Overload 2 of 2, '(values: { tenantId: string | SQL<unknown> | Placeholder<string, any>; userId: string | SQL<unknown> | Placeholder<string, any>; id?: string | SQL<unknown> | Placeholder<...> | undefined; role?: "owner" | ... 5 more ... | undefined; joinedAt?: SQL<...> | ... 3 more ... | undefined; }[]): PgInsertBase<...>', gave the following error.
    Object literal may only specify known properties, and 'orgId' does not exist in type '{ tenantId: string | SQL<unknown> | Placeholder<string, any>; userId: string | SQL<unknown> | Placeholder<string, any>; id?: string | SQL<unknown> | Placeholder<string, any> | undefined; role?: "owner" | ... 5 more ... | undefined; joinedAt?: SQL<...> | ... 3 more ... | undefined; }[]'.
tests/integration/ownershipAccess.test.ts(28,45): error TS2769: No overload matches this call.
  Overload 1 of 2, '(value: { name: string | SQL<unknown> | Placeholder<string, any>; slug: string | SQL<unknown> | Placeholder<string, any>; ownerId: string | SQL<unknown> | Placeholder<...>; ... 7 more ...; stripeCustomerId?: string | ... 3 more ... | undefined; }): PgInsertBase<...>', gave the following error.
    Argument of type '{ id: string; name: string; }[]' is not assignable to parameter of type '{ name: string | SQL<unknown> | Placeholder<string, any>; slug: string | SQL<unknown> | Placeholder<string, any>; ownerId: string | SQL<unknown> | Placeholder<string, any>; ... 7 more ...; stripeCustomerId?: string | ... 3 more ... | undefined; }'.
      Type '{ id: string; name: string; }[]' is missing the following properties from type '{ name: string | SQL<unknown> | Placeholder<string, any>; slug: string | SQL<unknown> | Placeholder<string, any>; ownerId: string | SQL<unknown> | Placeholder<string, any>; ... 7 more ...; stripeCustomerId?: string | ... 3 more ... | undefined; }': name, slug, ownerId
tests/integration/ownershipAccess.test.ts(34,37): error TS2769: No overload matches this call.
  Overload 1 of 2, '(value: { email: string | SQL<unknown> | Placeholder<string, any>; id: string | SQL<unknown> | Placeholder<string, any>; name?: string | SQL<unknown> | Placeholder<string, any> | null | undefined; ... 6 more ...; lastLoginAt?: SQL<...> | ... 3 more ... | undefined; }): PgInsertBase<...>', gave the following error.
    Argument of type '{ id: string; email: string; fullName: string; }[]' is not assignable to parameter of type '{ email: string | SQL<unknown> | Placeholder<string, any>; id: string | SQL<unknown> | Placeholder<string, any>; name?: string | SQL<unknown> | Placeholder<string, any> | null | undefined; ... 6 more ...; lastLoginAt?: SQL<...> | ... 3 more ... | undefined; }'.
      Type '{ id: string; email: string; fullName: string; }[]' is missing the following properties from type '{ email: string | SQL<unknown> | Placeholder<string, any>; id: string | SQL<unknown> | Placeholder<string, any>; name?: string | SQL<unknown> | Placeholder<string, any> | null | undefined; ... 6 more ...; lastLoginAt?: SQL<...> | ... 3 more ... | undefined; }': email, id
tests/integration/ownershipAccess.test.ts(50,40): error TS2339: Property 'orgId' does not exist on type 'PgTableWithColumns<{ name: "organization_memberships"; schema: undefined; columns: { id: PgColumn<{ name: "id"; tableName: "organization_memberships"; dataType: "string"; columnType: "PgUUID"; data: string; driverParam: string; ... 8 more ...; generated: undefined; }, {}, {}>; userId: PgColumn<...>; tenantId: PgColu...'.
tests/integration/ownershipAccess.test.ts(51,40): error TS2339: Property 'orgId' does not exist on type 'PgTableWithColumns<{ name: "organization_memberships"; schema: undefined; columns: { id: PgColumn<{ name: "id"; tableName: "organization_memberships"; dataType: "string"; columnType: "PgUUID"; data: string; driverParam: string; ... 8 more ...; generated: undefined; }, {}, {}>; userId: PgColumn<...>; tenantId: PgColu...'.
tests/integration/ownershipAccess.test.ts(72,48): error TS2769: No overload matches this call.
  Overload 1 of 2, '(value: { tenantId: string | SQL<unknown> | Placeholder<string, any>; userId: string | SQL<unknown> | Placeholder<string, any>; id?: string | SQL<unknown> | Placeholder<...> | undefined; role?: "owner" | ... 5 more ... | undefined; joinedAt?: SQL<...> | ... 3 more ... | undefined; }): PgInsertBase<...>', gave the following error.
    Type '"member"' is not assignable to type '"owner" | "builder" | "runner" | "viewer" | SQL<unknown> | Placeholder<string, any> | undefined'.
  Overload 2 of 2, '(values: { tenantId: string | SQL<unknown> | Placeholder<string, any>; userId: string | SQL<unknown> | Placeholder<string, any>; id?: string | SQL<unknown> | Placeholder<...> | undefined; role?: "owner" | ... 5 more ... | undefined; joinedAt?: SQL<...> | ... 3 more ... | undefined; }[]): PgInsertBase<...>', gave the following error.
    Object literal may only specify known properties, and 'orgId' does not exist in type '{ tenantId: string | SQL<unknown> | Placeholder<string, any>; userId: string | SQL<unknown> | Placeholder<string, any>; id?: string | SQL<unknown> | Placeholder<string, any> | undefined; role?: "owner" | ... 5 more ... | undefined; joinedAt?: SQL<...> | ... 3 more ... | undefined; }[]'.
tests/integration/ownershipAccess.test.ts(95,48): error TS2769: No overload matches this call.
  Overload 1 of 2, '(value: { tenantId: string | SQL<unknown> | Placeholder<string, any>; userId: string | SQL<unknown> | Placeholder<string, any>; id?: string | SQL<unknown> | Placeholder<...> | undefined; role?: "owner" | ... 5 more ... | undefined; joinedAt?: SQL<...> | ... 3 more ... | undefined; }): PgInsertBase<...>', gave the following error.
    Type '"member"' is not assignable to type '"owner" | "builder" | "runner" | "viewer" | SQL<unknown> | Placeholder<string, any> | undefined'.
  Overload 2 of 2, '(values: { tenantId: string | SQL<unknown> | Placeholder<string, any>; userId: string | SQL<unknown> | Placeholder<string, any>; id?: string | SQL<unknown> | Placeholder<...> | undefined; role?: "owner" | ... 5 more ... | undefined; joinedAt?: SQL<...> | ... 3 more ... | undefined; }[]): PgInsertBase<...>', gave the following error.
    Object literal may only specify known properties, and 'orgId' does not exist in type '{ tenantId: string | SQL<unknown> | Placeholder<string, any>; userId: string | SQL<unknown> | Placeholder<string, any>; id?: string | SQL<unknown> | Placeholder<string, any> | undefined; role?: "owner" | ... 5 more ... | undefined; joinedAt?: SQL<...> | ... 3 more ... | undefined; }[]'.
tests/integration/ownershipAccess.test.ts(111,48): error TS2769: No overload matches this call.
  Overload 1 of 2, '(value: { tenantId: string | SQL<unknown> | Placeholder<string, any>; userId: string | SQL<unknown> | Placeholder<string, any>; id?: string | SQL<unknown> | Placeholder<...> | undefined; role?: "owner" | ... 5 more ... | undefined; joinedAt?: SQL<...> | ... 3 more ... | undefined; }): PgInsertBase<...>', gave the following error.
    Type '"admin"' is not assignable to type '"owner" | "builder" | "runner" | "viewer" | SQL<unknown> | Placeholder<string, any> | undefined'.
  Overload 2 of 2, '(values: { tenantId: string | SQL<unknown> | Placeholder<string, any>; userId: string | SQL<unknown> | Placeholder<string, any>; id?: string | SQL<unknown> | Placeholder<...> | undefined; role?: "owner" | ... 5 more ... | undefined; joinedAt?: SQL<...> | ... 3 more ... | undefined; }[]): PgInsertBase<...>', gave the following error.
    Object literal may only specify known properties, and 'orgId' does not exist in type '{ tenantId: string | SQL<unknown> | Placeholder<string, any>; userId: string | SQL<unknown> | Placeholder<string, any>; id?: string | SQL<unknown> | Placeholder<string, any> | undefined; role?: "owner" | ... 5 more ... | undefined; joinedAt?: SQL<...> | ... 3 more ... | undefined; }[]'.
tests/integration/ownershipAccess.test.ts(124,48): error TS2769: No overload matches this call.
  Overload 1 of 2, '(value: { tenantId: string | SQL<unknown> | Placeholder<string, any>; userId: string | SQL<unknown> | Placeholder<string, any>; id?: string | SQL<unknown> | Placeholder<...> | undefined; role?: "owner" | ... 5 more ... | undefined; joinedAt?: SQL<...> | ... 3 more ... | undefined; }): PgInsertBase<...>', gave the following error.
    Type '"admin"' is not assignable to type '"owner" | "builder" | "runner" | "viewer" | SQL<unknown> | Placeholder<string, any> | undefined'.
  Overload 2 of 2, '(values: { tenantId: string | SQL<unknown> | Placeholder<string, any>; userId: string | SQL<unknown> | Placeholder<string, any>; id?: string | SQL<unknown> | Placeholder<...> | undefined; role?: "owner" | ... 5 more ... | undefined; joinedAt?: SQL<...> | ... 3 more ... | undefined; }[]): PgInsertBase<...>', gave the following error.
    Object literal may only specify known properties, and 'orgId' does not exist in type '{ tenantId: string | SQL<unknown> | Placeholder<string, any>; userId: string | SQL<unknown> | Placeholder<string, any>; id?: string | SQL<unknown> | Placeholder<string, any> | undefined; role?: "owner" | ... 5 more ... | undefined; joinedAt?: SQL<...> | ... 3 more ... | undefined; }[]'.
tests/integration/ownershipAccess.test.ts(135,48): error TS2769: No overload matches this call.
  Overload 1 of 2, '(value: { tenantId: string | SQL<unknown> | Placeholder<string, any>; userId: string | SQL<unknown> | Placeholder<string, any>; id?: string | SQL<unknown> | Placeholder<...> | undefined; role?: "owner" | ... 5 more ... | undefined; joinedAt?: SQL<...> | ... 3 more ... | undefined; }): PgInsertBase<...>', gave the following error.
    Type '"member"' is not assignable to type '"owner" | "builder" | "runner" | "viewer" | SQL<unknown> | Placeholder<string, any> | undefined'.
  Overload 2 of 2, '(values: { tenantId: string | SQL<unknown> | Placeholder<string, any>; userId: string | SQL<unknown> | Placeholder<string, any>; id?: string | SQL<unknown> | Placeholder<...> | undefined; role?: "owner" | ... 5 more ... | undefined; joinedAt?: SQL<...> | ... 3 more ... | undefined; }[]): PgInsertBase<...>', gave the following error.
    Object literal may only specify known properties, and 'orgId' does not exist in type '{ tenantId: string | SQL<unknown> | Placeholder<string, any>; userId: string | SQL<unknown> | Placeholder<string, any>; id?: string | SQL<unknown> | Placeholder<string, any> | undefined; role?: "owner" | ... 5 more ... | undefined; joinedAt?: SQL<...> | ... 3 more ... | undefined; }[]'.
tests/integration/ownershipAccess.test.ts(153,55): error TS2769: No overload matches this call.
  Overload 1 of 2, '(value: { tenantId: string | SQL<unknown> | Placeholder<string, any>; userId: string | SQL<unknown> | Placeholder<string, any>; id?: string | SQL<unknown> | Placeholder<...> | undefined; role?: "owner" | ... 5 more ... | undefined; joinedAt?: SQL<...> | ... 3 more ... | undefined; }): PgInsertBase<...>', gave the following error.
    Argument of type '{ orgId: string; userId: string; role: string; }[]' is not assignable to parameter of type '{ tenantId: string | SQL<unknown> | Placeholder<string, any>; userId: string | SQL<unknown> | Placeholder<string, any>; id?: string | SQL<unknown> | Placeholder<string, any> | undefined; role?: "owner" | ... 5 more ... | undefined; joinedAt?: SQL<...> | ... 3 more ... | undefined; }'.
      Type '{ orgId: string; userId: string; role: string; }[]' is missing the following properties from type '{ tenantId: string | SQL<unknown> | Placeholder<string, any>; userId: string | SQL<unknown> | Placeholder<string, any>; id?: string | SQL<unknown> | Placeholder<string, any> | undefined; role?: "owner" | ... 5 more ... | undefined; joinedAt?: SQL<...> | ... 3 more ... | undefined; }': tenantId, userId
tests/integration/ownershipAccess.test.ts(182,48): error TS2769: No overload matches this call.
  Overload 1 of 2, '(value: { tenantId: string | SQL<unknown> | Placeholder<string, any>; userId: string | SQL<unknown> | Placeholder<string, any>; id?: string | SQL<unknown> | Placeholder<...> | undefined; role?: "owner" | ... 5 more ... | undefined; joinedAt?: SQL<...> | ... 3 more ... | undefined; }): PgInsertBase<...>', gave the following error.
    Type '"member"' is not assignable to type '"owner" | "builder" | "runner" | "viewer" | SQL<unknown> | Placeholder<string, any> | undefined'.
  Overload 2 of 2, '(values: { tenantId: string | SQL<unknown> | Placeholder<string, any>; userId: string | SQL<unknown> | Placeholder<string, any>; id?: string | SQL<unknown> | Placeholder<...> | undefined; role?: "owner" | ... 5 more ... | undefined; joinedAt?: SQL<...> | ... 3 more ... | undefined; }[]): PgInsertBase<...>', gave the following error.
    Object literal may only specify known properties, and 'orgId' does not exist in type '{ tenantId: string | SQL<unknown> | Placeholder<string, any>; userId: string | SQL<unknown> | Placeholder<string, any>; id?: string | SQL<unknown> | Placeholder<string, any> | undefined; role?: "owner" | ... 5 more ... | undefined; joinedAt?: SQL<...> | ... 3 more ... | undefined; }[]'.
tests/integration/ownershipAccess.test.ts(200,48): error TS2769: No overload matches this call.
  Overload 1 of 2, '(value: { tenantId: string | SQL<unknown> | Placeholder<string, any>; userId: string | SQL<unknown> | Placeholder<string, any>; id?: string | SQL<unknown> | Placeholder<...> | undefined; role?: "owner" | ... 5 more ... | undefined; joinedAt?: SQL<...> | ... 3 more ... | undefined; }): PgInsertBase<...>', gave the following error.
    Type '"member"' is not assignable to type '"owner" | "builder" | "runner" | "viewer" | SQL<unknown> | Placeholder<string, any> | undefined'.
  Overload 2 of 2, '(values: { tenantId: string | SQL<unknown> | Placeholder<string, any>; userId: string | SQL<unknown> | Placeholder<string, any>; id?: string | SQL<unknown> | Placeholder<...> | undefined; role?: "owner" | ... 5 more ... | undefined; joinedAt?: SQL<...> | ... 3 more ... | undefined; }[]): PgInsertBase<...>', gave the following error.
    Object literal may only specify known properties, and 'orgId' does not exist in type '{ tenantId: string | SQL<unknown> | Placeholder<string, any>; userId: string | SQL<unknown> | Placeholder<string, any>; id?: string | SQL<unknown> | Placeholder<string, any> | undefined; role?: "owner" | ... 5 more ... | undefined; joinedAt?: SQL<...> | ... 3 more ... | undefined; }[]'.
tests/integration/ownershipAccess.test.ts(211,55): error TS2769: No overload matches this call.
  Overload 1 of 2, '(value: { tenantId: string | SQL<unknown> | Placeholder<string, any>; userId: string | SQL<unknown> | Placeholder<string, any>; id?: string | SQL<unknown> | Placeholder<...> | undefined; role?: "owner" | ... 5 more ... | undefined; joinedAt?: SQL<...> | ... 3 more ... | undefined; }): PgInsertBase<...>', gave the following error.
    Argument of type '{ orgId: string; userId: string; role: string; }[]' is not assignable to parameter of type '{ tenantId: string | SQL<unknown> | Placeholder<string, any>; userId: string | SQL<unknown> | Placeholder<string, any>; id?: string | SQL<unknown> | Placeholder<string, any> | undefined; role?: "owner" | ... 5 more ... | undefined; joinedAt?: SQL<...> | ... 3 more ... | undefined; }'.
      Type '{ orgId: string; userId: string; role: string; }[]' is missing the following properties from type '{ tenantId: string | SQL<unknown> | Placeholder<string, any>; userId: string | SQL<unknown> | Placeholder<string, any>; id?: string | SQL<unknown> | Placeholder<string, any> | undefined; role?: "owner" | ... 5 more ... | undefined; joinedAt?: SQL<...> | ... 3 more ... | undefined; }': tenantId, userId
tests/integration/regression-REG-1.test.ts(50,34): error TS2769: No overload matches this call.
  Overload 1 of 2, '(value: { name: string | SQL<unknown> | Placeholder<string, any>; slug: string | SQL<unknown> | Placeholder<string, any>; ownerId: string | SQL<unknown> | Placeholder<...>; ... 7 more ...; mfaRequired?: boolean | ... 3 more ... | undefined; }): PgInsertBase<...>', gave the following error.
    Argument of type '{ id: string; name: string; }' is not assignable to parameter of type '{ name: string | SQL<unknown> | Placeholder<string, any>; slug: string | SQL<unknown> | Placeholder<string, any>; ownerId: string | SQL<unknown> | Placeholder<string, any>; ... 7 more ...; mfaRequired?: boolean | ... 3 more ... | undefined; }'.
      Type '{ id: string; name: string; }' is missing the following properties from type '{ name: string | SQL<unknown> | Placeholder<string, any>; slug: string | SQL<unknown> | Placeholder<string, any>; ownerId: string | SQL<unknown> | Placeholder<string, any>; ... 7 more ...; mfaRequired?: boolean | ... 3 more ... | undefined; }': slug, ownerId
  Overload 2 of 2, '(values: { name: string | SQL<unknown> | Placeholder<string, any>; slug: string | SQL<unknown> | Placeholder<string, any>; ownerId: string | SQL<unknown> | Placeholder<...>; ... 7 more ...; mfaRequired?: boolean | ... 3 more ... | undefined; }[]): PgInsertBase<...>', gave the following error.
    Object literal may only specify known properties, and 'id' does not exist in type '{ name: string | SQL<unknown> | Placeholder<string, any>; slug: string | SQL<unknown> | Placeholder<string, any>; ownerId: string | SQL<unknown> | Placeholder<string, any>; ... 7 more ...; mfaRequired?: boolean | ... 3 more ... | undefined; }[]'.
tests/integration/regression-REG-1.test.ts(56,40): error TS2769: No overload matches this call.
  Overload 1 of 2, '(value: { name: string | SQL<unknown> | Placeholder<string, any>; slug: string | SQL<unknown> | Placeholder<string, any>; ownerId: string | SQL<unknown> | Placeholder<...>; ... 7 more ...; stripeCustomerId?: string | ... 3 more ... | undefined; }): PgInsertBase<...>', gave the following error.
    Object literal may only specify known properties, and 'tenantId' does not exist in type '{ name: string | SQL<unknown> | Placeholder<string, any>; slug: string | SQL<unknown> | Placeholder<string, any>; ownerId: string | SQL<unknown> | Placeholder<string, any>; ... 7 more ...; stripeCustomerId?: string | ... 3 more ... | undefined; }'.
  Overload 2 of 2, '(values: { name: string | SQL<unknown> | Placeholder<string, any>; slug: string | SQL<unknown> | Placeholder<string, any>; ownerId: string | SQL<unknown> | Placeholder<...>; ... 7 more ...; stripeCustomerId?: string | ... 3 more ... | undefined; }[]): PgInsertBase<...>', gave the following error.
    Object literal may only specify known properties, and 'id' does not exist in type '{ name: string | SQL<unknown> | Placeholder<string, any>; slug: string | SQL<unknown> | Placeholder<string, any>; ownerId: string | SQL<unknown> | Placeholder<string, any>; ... 7 more ...; stripeCustomerId?: string | ... 3 more ... | undefined; }[]'.
tests/integration/regression-REG-1.test.ts(64,32): error TS2769: No overload matches this call.
  Overload 1 of 2, '(value: { email: string | SQL<unknown> | Placeholder<string, any>; id: string | SQL<unknown> | Placeholder<string, any>; name?: string | SQL<unknown> | Placeholder<string, any> | null | undefined; ... 6 more ...; lastLoginAt?: SQL<...> | ... 3 more ... | undefined; }): PgInsertBase<...>', gave the following error.
    Object literal may only specify known properties, and 'tenantRole' does not exist in type '{ email: string | SQL<unknown> | Placeholder<string, any>; id: string | SQL<unknown> | Placeholder<string, any>; name?: string | SQL<unknown> | Placeholder<string, any> | null | undefined; ... 6 more ...; lastLoginAt?: SQL<...> | ... 3 more ... | undefined; }'.
  Overload 2 of 2, '(values: { email: string | SQL<unknown> | Placeholder<string, any>; id: string | SQL<unknown> | Placeholder<string, any>; name?: string | SQL<unknown> | Placeholder<string, any> | null | undefined; ... 6 more ...; lastLoginAt?: SQL<...> | ... 3 more ... | undefined; }[]): PgInsertBase<...>', gave the following error.
    Object literal may only specify known properties, and 'id' does not exist in type '{ email: string | SQL<unknown> | Placeholder<string, any>; id: string | SQL<unknown> | Placeholder<string, any>; name?: string | SQL<unknown> | Placeholder<string, any> | null | undefined; ... 6 more ...; lastLoginAt?: SQL<...> | ... 3 more ... | undefined; }[]'.
tests/integration/session.management.real.test.ts(5,10): error TS2305: Module '"@shared/schema"' has no exported member 'refreshTokens'.
tests/integration/session.management.real.test.ts(148,40): error TS2339: Property 'refreshTokens' does not exist on type '{ readonly users: RelationalQueryBuilder<ExtractTablesWithRelations<typeof import("C:/Users/scoot/poll/VaultLogic/shared/schema")>, { tsName: "users"; dbName: "users"; columns: { id: PgColumn<{ ...; }, {}, { ...; }>; ... 8 more ...; lastLoginAt: PgColumn<...>; }; relations: { ...; }; primaryKey: AnyColumn[]; }>; ......'.
tests/integration/session.management.real.test.ts(265,43): error TS2339: Property 'refreshTokens' does not exist on type '{ readonly users: RelationalQueryBuilder<ExtractTablesWithRelations<typeof import("C:/Users/scoot/poll/VaultLogic/shared/schema")>, { tsName: "users"; dbName: "users"; columns: { id: PgColumn<{ ...; }, {}, { ...; }>; ... 8 more ...; lastLoginAt: PgColumn<...>; }; relations: { ...; }; primaryKey: AnyColumn[]; }>; ......'.
tests/integration/session.management.real.test.ts(472,15): error TS2339: Property 'trustedDevices' does not exist on type 'typeof import("C:/Users/scoot/poll/VaultLogic/shared/schema")'.
tests/integration/session.management.real.test.ts(473,38): error TS2339: Property 'trustedDevices' does not exist on type '{ readonly users: RelationalQueryBuilder<ExtractTablesWithRelations<typeof import("C:/Users/scoot/poll/VaultLogic/shared/schema")>, { tsName: "users"; dbName: "users"; columns: { id: PgColumn<{ ...; }, {}, { ...; }>; ... 8 more ...; lastLoginAt: PgColumn<...>; }; relations: { ...; }; primaryKey: AnyColumn[]; }>; ......'.
tests/integration/session.management.real.test.ts(477,29): error TS7006: Parameter 'd' implicitly has an 'any' type.
tests/integration/transferOwnership.test.ts(42,34): error TS2769: No overload matches this call.
  Overload 1 of 2, '(value: { name: string | SQL<unknown> | Placeholder<string, any>; slug: string | SQL<unknown> | Placeholder<string, any>; ownerId: string | SQL<unknown> | Placeholder<...>; ... 7 more ...; mfaRequired?: boolean | ... 3 more ... | undefined; }): PgInsertBase<...>', gave the following error.
    Argument of type '{ id: string; name: string; }' is not assignable to parameter of type '{ name: string | SQL<unknown> | Placeholder<string, any>; slug: string | SQL<unknown> | Placeholder<string, any>; ownerId: string | SQL<unknown> | Placeholder<string, any>; ... 7 more ...; mfaRequired?: boolean | ... 3 more ... | undefined; }'.
      Type '{ id: string; name: string; }' is missing the following properties from type '{ name: string | SQL<unknown> | Placeholder<string, any>; slug: string | SQL<unknown> | Placeholder<string, any>; ownerId: string | SQL<unknown> | Placeholder<string, any>; ... 7 more ...; mfaRequired?: boolean | ... 3 more ... | undefined; }': slug, ownerId
  Overload 2 of 2, '(values: { name: string | SQL<unknown> | Placeholder<string, any>; slug: string | SQL<unknown> | Placeholder<string, any>; ownerId: string | SQL<unknown> | Placeholder<...>; ... 7 more ...; mfaRequired?: boolean | ... 3 more ... | undefined; }[]): PgInsertBase<...>', gave the following error.
    Object literal may only specify known properties, and 'id' does not exist in type '{ name: string | SQL<unknown> | Placeholder<string, any>; slug: string | SQL<unknown> | Placeholder<string, any>; ownerId: string | SQL<unknown> | Placeholder<string, any>; ... 7 more ...; mfaRequired?: boolean | ... 3 more ... | undefined; }[]'.
tests/integration/transferOwnership.test.ts(48,39): error TS2769: No overload matches this call.
  Overload 1 of 2, '(value: { email: string | SQL<unknown> | Placeholder<string, any>; id: string | SQL<unknown> | Placeholder<string, any>; name?: string | SQL<unknown> | Placeholder<string, any> | null | undefined; ... 6 more ...; lastLoginAt?: SQL<...> | ... 3 more ... | undefined; }): PgInsertBase<...>', gave the following error.
    Argument of type '{ id: string; email: string; fullName: string; tenantId: string; }[]' is not assignable to parameter of type '{ email: string | SQL<unknown> | Placeholder<string, any>; id: string | SQL<unknown> | Placeholder<string, any>; name?: string | SQL<unknown> | Placeholder<string, any> | null | undefined; ... 6 more ...; lastLoginAt?: SQL<...> | ... 3 more ... | undefined; }'.
      Type '{ id: string; email: string; fullName: string; tenantId: string; }[]' is missing the following properties from type '{ email: string | SQL<unknown> | Placeholder<string, any>; id: string | SQL<unknown> | Placeholder<string, any>; name?: string | SQL<unknown> | Placeholder<string, any> | null | undefined; ... 6 more ...; lastLoginAt?: SQL<...> | ... 3 more ... | undefined; }': email, id
tests/integration/transferOwnership.test.ts(53,20): error TS2353: Object literal may only specify known properties, and 'tenantId' does not exist in type 'PgUpdateSetSource<PgTableWithColumns<{ name: "users"; schema: undefined; columns: { id: PgColumn<{ name: "id"; tableName: "users"; dataType: "string"; columnType: "PgVarchar"; data: string; driverParam: string; notNull: true; hasDefault: false; ... 6 more ...; generated: undefined; }, {}, { ...; }>; ... 8 more ...; ...'.
tests/integration/transferOwnership.test.ts(80,91): error TS2339: Property 'orgId' does not exist on type 'PgTableWithColumns<{ name: "organization_memberships"; schema: undefined; columns: { id: PgColumn<{ name: "id"; tableName: "organization_memberships"; dataType: "string"; columnType: "PgUUID"; data: string; driverParam: string; ... 8 more ...; generated: undefined; }, {}, {}>; userId: PgColumn<...>; tenantId: PgColu...'.
tests/integration/transferOwnership.test.ts(141,87): error TS2339: Property 'orgId' does not exist on type 'PgTableWithColumns<{ name: "organization_memberships"; schema: undefined; columns: { id: PgColumn<{ name: "id"; tableName: "organization_memberships"; dataType: "string"; columnType: "PgUUID"; data: string; driverParam: string; ... 8 more ...; generated: undefined; }, {}, {}>; userId: PgColumn<...>; tenantId: PgColu...'.
tests/integration/transferOwnership.test.ts(172,87): error TS2339: Property 'orgId' does not exist on type 'PgTableWithColumns<{ name: "organization_memberships"; schema: undefined; columns: { id: PgColumn<{ name: "id"; tableName: "organization_memberships"; dataType: "string"; columnType: "PgUUID"; data: string; driverParam: string; ... 8 more ...; generated: undefined; }, {}, {}>; userId: PgColumn<...>; tenantId: PgColu...'.
tests/integration/transferOwnership.test.ts(244,36): error TS2769: No overload matches this call.
  Overload 1 of 2, '(value: { email: string | SQL<unknown> | Placeholder<string, any>; id: string | SQL<unknown> | Placeholder<string, any>; name?: string | SQL<unknown> | Placeholder<string, any> | null | undefined; ... 6 more ...; lastLoginAt?: SQL<...> | ... 3 more ... | undefined; }): PgInsertBase<...>', gave the following error.
    Object literal may only specify known properties, and 'fullName' does not exist in type '{ email: string | SQL<unknown> | Placeholder<string, any>; id: string | SQL<unknown> | Placeholder<string, any>; name?: string | SQL<unknown> | Placeholder<string, any> | null | undefined; ... 6 more ...; lastLoginAt?: SQL<...> | ... 3 more ... | undefined; }'.
  Overload 2 of 2, '(values: { email: string | SQL<unknown> | Placeholder<string, any>; id: string | SQL<unknown> | Placeholder<string, any>; name?: string | SQL<unknown> | Placeholder<string, any> | null | undefined; ... 6 more ...; lastLoginAt?: SQL<...> | ... 3 more ... | undefined; }[]): PgInsertBase<...>', gave the following error.
    Object literal may only specify known properties, and 'id' does not exist in type '{ email: string | SQL<unknown> | Placeholder<string, any>; id: string | SQL<unknown> | Placeholder<string, any>; name?: string | SQL<unknown> | Placeholder<string, any> | null | undefined; ... 6 more ...; lastLoginAt?: SQL<...> | ... 3 more ... | undefined; }[]'.
tests/integration/transferOwnership.test.ts(338,87): error TS2339: Property 'orgId' does not exist on type 'PgTableWithColumns<{ name: "organization_memberships"; schema: undefined; columns: { id: PgColumn<{ name: "id"; tableName: "organization_memberships"; dataType: "string"; columnType: "PgUUID"; data: string; driverParam: string; ... 8 more ...; generated: undefined; }, {}, {}>; userId: PgColumn<...>; tenantId: PgColu...'.
tests/integration/trusted.devices.real.test.ts(5,10): error TS2305: Module '"@shared/schema"' has no exported member 'trustedDevices'.
tests/integration/trusted.devices.real.test.ts(84,38): error TS2339: Property 'trustedDevices' does not exist on type '{ readonly users: RelationalQueryBuilder<ExtractTablesWithRelations<typeof import("C:/Users/scoot/poll/VaultLogic/shared/schema")>, { tsName: "users"; dbName: "users"; columns: { id: PgColumn<{ ...; }, {}, { ...; }>; ... 8 more ...; lastLoginAt: PgColumn<...>; }; relations: { ...; }; primaryKey: AnyColumn[]; }>; ......'.
tests/integration/trusted.devices.real.test.ts(164,38): error TS2339: Property 'trustedDevices' does not exist on type '{ readonly users: RelationalQueryBuilder<ExtractTablesWithRelations<typeof import("C:/Users/scoot/poll/VaultLogic/shared/schema")>, { tsName: "users"; dbName: "users"; columns: { id: PgColumn<{ ...; }, {}, { ...; }>; ... 8 more ...; lastLoginAt: PgColumn<...>; }; relations: { ...; }; primaryKey: AnyColumn[]; }>; ......'.
tests/integration/trusted.devices.real.test.ts(376,37): error TS2339: Property 'trustedDevices' does not exist on type '{ readonly users: RelationalQueryBuilder<ExtractTablesWithRelations<typeof import("C:/Users/scoot/poll/VaultLogic/shared/schema")>, { tsName: "users"; dbName: "users"; columns: { id: PgColumn<{ ...; }, {}, { ...; }>; ... 8 more ...; lastLoginAt: PgColumn<...>; }; relations: { ...; }; primaryKey: AnyColumn[]; }>; ......'.
tests/integration/trusted.devices.real.test.ts(548,38): error TS2339: Property 'trustedDevices' does not exist on type '{ readonly users: RelationalQueryBuilder<ExtractTablesWithRelations<typeof import("C:/Users/scoot/poll/VaultLogic/shared/schema")>, { tsName: "users"; dbName: "users"; columns: { id: PgColumn<{ ...; }, {}, { ...; }>; ... 8 more ...; lastLoginAt: PgColumn<...>; }; relations: { ...; }; primaryKey: AnyColumn[]; }>; ......'.
tests/integration/trusted.devices.real.test.ts(564,38): error TS2339: Property 'trustedDevices' does not exist on type '{ readonly users: RelationalQueryBuilder<ExtractTablesWithRelations<typeof import("C:/Users/scoot/poll/VaultLogic/shared/schema")>, { tsName: "users"; dbName: "users"; columns: { id: PgColumn<{ ...; }, {}, { ...; }>; ... 8 more ...; lastLoginAt: PgColumn<...>; }; relations: { ...; }; primaryKey: AnyColumn[]; }>; ......'.
tests/integration/workflow_versioning.test.ts(5,115): error TS2305: Module '"@shared/schema"' has no exported member 'auditEvents'.
tests/integration/workflow_versioning.test.ts(20,51): error TS2769: No overload matches this call.
  Overload 1 of 2, '(value: { name: string | SQL<unknown> | Placeholder<string, any>; slug: string | SQL<unknown> | Placeholder<string, any>; ownerId: string | SQL<unknown> | Placeholder<...>; ... 7 more ...; mfaRequired?: boolean | ... 3 more ... | undefined; }): PgInsertBase<...>', gave the following error.
    Argument of type '{ name: string; plan: "pro"; }' is not assignable to parameter of type '{ name: string | SQL<unknown> | Placeholder<string, any>; slug: string | SQL<unknown> | Placeholder<string, any>; ownerId: string | SQL<unknown> | Placeholder<string, any>; ... 7 more ...; mfaRequired?: boolean | ... 3 more ... | undefined; }'.
      Type '{ name: string; plan: "pro"; }' is missing the following properties from type '{ name: string | SQL<unknown> | Placeholder<string, any>; slug: string | SQL<unknown> | Placeholder<string, any>; ownerId: string | SQL<unknown> | Placeholder<string, any>; ... 7 more ...; mfaRequired?: boolean | ... 3 more ... | undefined; }': slug, ownerId
  Overload 2 of 2, '(values: { name: string | SQL<unknown> | Placeholder<string, any>; slug: string | SQL<unknown> | Placeholder<string, any>; ownerId: string | SQL<unknown> | Placeholder<...>; ... 7 more ...; mfaRequired?: boolean | ... 3 more ... | undefined; }[]): PgInsertBase<...>', gave the following error.
    Object literal may only specify known properties, and 'name' does not exist in type '{ name: string | SQL<unknown> | Placeholder<string, any>; slug: string | SQL<unknown> | Placeholder<string, any>; ownerId: string | SQL<unknown> | Placeholder<string, any>; ... 7 more ...; mfaRequired?: boolean | ... 3 more ... | undefined; }[]'.
tests/integration/workflow_versioning.test.ts(27,47): error TS2769: No overload matches this call.
  Overload 1 of 2, '(value: { email: string | SQL<unknown> | Placeholder<string, any>; id: string | SQL<unknown> | Placeholder<string, any>; name?: string | SQL<unknown> | Placeholder<string, any> | null | undefined; ... 6 more ...; lastLoginAt?: SQL<...> | ... 3 more ... | undefined; }): PgInsertBase<...>', gave the following error.
    Object literal may only specify known properties, and 'fullName' does not exist in type '{ email: string | SQL<unknown> | Placeholder<string, any>; id: string | SQL<unknown> | Placeholder<string, any>; name?: string | SQL<unknown> | Placeholder<string, any> | null | undefined; ... 6 more ...; lastLoginAt?: SQL<...> | ... 3 more ... | undefined; }'.
  Overload 2 of 2, '(values: { email: string | SQL<unknown> | Placeholder<string, any>; id: string | SQL<unknown> | Placeholder<string, any>; name?: string | SQL<unknown> | Placeholder<string, any> | null | undefined; ... 6 more ...; lastLoginAt?: SQL<...> | ... 3 more ... | undefined; }[]): PgInsertBase<...>', gave the following error.
    Object literal may only specify known properties, and 'email' does not exist in type '{ email: string | SQL<unknown> | Placeholder<string, any>; id: string | SQL<unknown> | Placeholder<string, any>; name?: string | SQL<unknown> | Placeholder<string, any> | null | undefined; ... 6 more ...; lastLoginAt?: SQL<...> | ... 3 more ... | undefined; }[]'.
tests/integration/workflows/runtime-pipelines.test.ts(68,8): error TS2769: No overload matches this call.
  Overload 1 of 2, '(value: { name: string | SQL<unknown> | Placeholder<string, any>; slug: string | SQL<unknown> | Placeholder<string, any>; ownerId: string | SQL<unknown> | Placeholder<...>; ... 7 more ...; mfaRequired?: boolean | ... 3 more ... | undefined; }): PgInsertBase<...>', gave the following error.
    Argument of type '{ name: string; }' is not assignable to parameter of type '{ name: string | SQL<unknown> | Placeholder<string, any>; slug: string | SQL<unknown> | Placeholder<string, any>; ownerId: string | SQL<unknown> | Placeholder<string, any>; ... 7 more ...; mfaRequired?: boolean | ... 3 more ... | undefined; }'.
      Type '{ name: string; }' is missing the following properties from type '{ name: string | SQL<unknown> | Placeholder<string, any>; slug: string | SQL<unknown> | Placeholder<string, any>; ownerId: string | SQL<unknown> | Placeholder<string, any>; ... 7 more ...; mfaRequired?: boolean | ... 3 more ... | undefined; }': slug, ownerId
  Overload 2 of 2, '(values: { name: string | SQL<unknown> | Placeholder<string, any>; slug: string | SQL<unknown> | Placeholder<string, any>; ownerId: string | SQL<unknown> | Placeholder<...>; ... 7 more ...; mfaRequired?: boolean | ... 3 more ... | undefined; }[]): PgInsertBase<...>', gave the following error.
    Object literal may only specify known properties, and 'name' does not exist in type '{ name: string | SQL<unknown> | Placeholder<string, any>; slug: string | SQL<unknown> | Placeholder<string, any>; ownerId: string | SQL<unknown> | Placeholder<string, any>; ... 7 more ...; mfaRequired?: boolean | ... 3 more ... | undefined; }[]'.
tests/ListTools.test.ts(88,60): error TS2345: Argument of type '{ id: string; workflowId: string; type: "list_tools"; phase: "onNext"; config: ListToolsConfig; createdAt: Date; updatedAt: Date; enabled: boolean; order: number; }' is not assignable to parameter of type '{ id: string; createdAt: Date | null; updatedAt: Date | null; type: "query" | "prefill" | "validate" | "branch" | "create_record" | "update_record" | "find_record" | ... 4 more ... | "list_tools"; ... 6 more ...; enabled: boolean; }'.
  Type '{ id: string; workflowId: string; type: "list_tools"; phase: "onNext"; config: ListToolsConfig; createdAt: Date; updatedAt: Date; enabled: boolean; order: number; }' is missing the following properties from type '{ id: string; createdAt: Date | null; updatedAt: Date | null; type: "query" | "prefill" | "validate" | "branch" | "create_record" | "update_record" | "find_record" | ... 4 more ... | "list_tools"; ... 6 more ...; enabled: boolean; }': sectionId, virtualStepId
tests/ListTools.test.ts(119,60): error TS2345: Argument of type '{ id: string; workflowId: string; type: "list_tools"; phase: "onNext"; config: ListToolsConfig; createdAt: Date; updatedAt: Date; enabled: boolean; order: number; }' is not assignable to parameter of type '{ id: string; createdAt: Date | null; updatedAt: Date | null; type: "query" | "prefill" | "validate" | "branch" | "create_record" | "update_record" | "find_record" | ... 4 more ... | "list_tools"; ... 6 more ...; enabled: boolean; }'.
  Type '{ id: string; workflowId: string; type: "list_tools"; phase: "onNext"; config: ListToolsConfig; createdAt: Date; updatedAt: Date; enabled: boolean; order: number; }' is missing the following properties from type '{ id: string; createdAt: Date | null; updatedAt: Date | null; type: "query" | "prefill" | "validate" | "branch" | "create_record" | "update_record" | "find_record" | ... 4 more ... | "list_tools"; ... 6 more ...; enabled: boolean; }': sectionId, virtualStepId
tests/ListTools.test.ts(151,60): error TS2345: Argument of type '{ id: string; workflowId: string; type: "list_tools"; phase: "onNext"; config: ListToolsConfig; createdAt: Date; updatedAt: Date; enabled: boolean; order: number; }' is not assignable to parameter of type '{ id: string; createdAt: Date | null; updatedAt: Date | null; type: "query" | "prefill" | "validate" | "branch" | "create_record" | "update_record" | "find_record" | ... 4 more ... | "list_tools"; ... 6 more ...; enabled: boolean; }'.
  Type '{ id: string; workflowId: string; type: "list_tools"; phase: "onNext"; config: ListToolsConfig; createdAt: Date; updatedAt: Date; enabled: boolean; order: number; }' is missing the following properties from type '{ id: string; createdAt: Date | null; updatedAt: Date | null; type: "query" | "prefill" | "validate" | "branch" | "create_record" | "update_record" | "find_record" | ... 4 more ... | "list_tools"; ... 6 more ...; enabled: boolean; }': sectionId, virtualStepId
tests/ListTools.test.ts(182,60): error TS2345: Argument of type '{ id: string; workflowId: string; type: "list_tools"; phase: "onNext"; config: ListToolsConfig; createdAt: Date; updatedAt: Date; enabled: boolean; order: number; }' is not assignable to parameter of type '{ id: string; createdAt: Date | null; updatedAt: Date | null; type: "query" | "prefill" | "validate" | "branch" | "create_record" | "update_record" | "find_record" | ... 4 more ... | "list_tools"; ... 6 more ...; enabled: boolean; }'.
  Type '{ id: string; workflowId: string; type: "list_tools"; phase: "onNext"; config: ListToolsConfig; createdAt: Date; updatedAt: Date; enabled: boolean; order: number; }' is missing the following properties from type '{ id: string; createdAt: Date | null; updatedAt: Date | null; type: "query" | "prefill" | "validate" | "branch" | "create_record" | "update_record" | "find_record" | ... 4 more ... | "list_tools"; ... 6 more ...; enabled: boolean; }': sectionId, virtualStepId
tests/ListTools.test.ts(211,60): error TS2345: Argument of type '{ id: string; workflowId: string; type: "list_tools"; phase: "onNext"; config: ListToolsConfig; createdAt: Date; updatedAt: Date; enabled: boolean; order: number; }' is not assignable to parameter of type '{ id: string; createdAt: Date | null; updatedAt: Date | null; type: "query" | "prefill" | "validate" | "branch" | "create_record" | "update_record" | "find_record" | ... 4 more ... | "list_tools"; ... 6 more ...; enabled: boolean; }'.
  Type '{ id: string; workflowId: string; type: "list_tools"; phase: "onNext"; config: ListToolsConfig; createdAt: Date; updatedAt: Date; enabled: boolean; order: number; }' is missing the following properties from type '{ id: string; createdAt: Date | null; updatedAt: Date | null; type: "query" | "prefill" | "validate" | "branch" | "create_record" | "update_record" | "find_record" | ... 4 more ... | "list_tools"; ... 6 more ...; enabled: boolean; }': sectionId, virtualStepId
tests/ListTools.test.ts(239,60): error TS2345: Argument of type '{ id: string; workflowId: string; type: "list_tools"; phase: "onNext"; config: ListToolsConfig; createdAt: Date; updatedAt: Date; enabled: boolean; order: number; }' is not assignable to parameter of type '{ id: string; createdAt: Date | null; updatedAt: Date | null; type: "query" | "prefill" | "validate" | "branch" | "create_record" | "update_record" | "find_record" | ... 4 more ... | "list_tools"; ... 6 more ...; enabled: boolean; }'.
  Type '{ id: string; workflowId: string; type: "list_tools"; phase: "onNext"; config: ListToolsConfig; createdAt: Date; updatedAt: Date; enabled: boolean; order: number; }' is missing the following properties from type '{ id: string; createdAt: Date | null; updatedAt: Date | null; type: "query" | "prefill" | "validate" | "branch" | "create_record" | "update_record" | "find_record" | ... 4 more ... | "list_tools"; ... 6 more ...; enabled: boolean; }': sectionId, virtualStepId
tests/ListTools.test.ts(268,60): error TS2345: Argument of type '{ id: string; workflowId: string; type: "list_tools"; phase: "onNext"; config: ListToolsConfig; createdAt: Date; updatedAt: Date; enabled: boolean; order: number; }' is not assignable to parameter of type '{ id: string; createdAt: Date | null; updatedAt: Date | null; type: "query" | "prefill" | "validate" | "branch" | "create_record" | "update_record" | "find_record" | ... 4 more ... | "list_tools"; ... 6 more ...; enabled: boolean; }'.
  Type '{ id: string; workflowId: string; type: "list_tools"; phase: "onNext"; config: ListToolsConfig; createdAt: Date; updatedAt: Date; enabled: boolean; order: number; }' is missing the following properties from type '{ id: string; createdAt: Date | null; updatedAt: Date | null; type: "query" | "prefill" | "validate" | "branch" | "create_record" | "update_record" | "find_record" | ... 4 more ... | "list_tools"; ... 6 more ...; enabled: boolean; }': sectionId, virtualStepId
tests/ListTools.test.ts(298,60): error TS2345: Argument of type '{ id: string; workflowId: string; type: "list_tools"; phase: "onNext"; config: ListToolsConfig; createdAt: Date; updatedAt: Date; enabled: boolean; order: number; }' is not assignable to parameter of type '{ id: string; createdAt: Date | null; updatedAt: Date | null; type: "query" | "prefill" | "validate" | "branch" | "create_record" | "update_record" | "find_record" | ... 4 more ... | "list_tools"; ... 6 more ...; enabled: boolean; }'.
  Type '{ id: string; workflowId: string; type: "list_tools"; phase: "onNext"; config: ListToolsConfig; createdAt: Date; updatedAt: Date; enabled: boolean; order: number; }' is missing the following properties from type '{ id: string; createdAt: Date | null; updatedAt: Date | null; type: "query" | "prefill" | "validate" | "branch" | "create_record" | "update_record" | "find_record" | ... 4 more ... | "list_tools"; ... 6 more ...; enabled: boolean; }': sectionId, virtualStepId
tests/ListTools.test.ts(323,60): error TS2345: Argument of type '{ id: string; workflowId: string; type: "list_tools"; phase: "onNext"; config: ListToolsConfig; createdAt: Date; updatedAt: Date; enabled: boolean; order: number; }' is not assignable to parameter of type '{ id: string; createdAt: Date | null; updatedAt: Date | null; type: "query" | "prefill" | "validate" | "branch" | "create_record" | "update_record" | "find_record" | ... 4 more ... | "list_tools"; ... 6 more ...; enabled: boolean; }'.
  Type '{ id: string; workflowId: string; type: "list_tools"; phase: "onNext"; config: ListToolsConfig; createdAt: Date; updatedAt: Date; enabled: boolean; order: number; }' is missing the following properties from type '{ id: string; createdAt: Date | null; updatedAt: Date | null; type: "query" | "prefill" | "validate" | "branch" | "create_record" | "update_record" | "find_record" | ... 4 more ... | "list_tools"; ... 6 more ...; enabled: boolean; }': sectionId, virtualStepId
tests/ListTools.test.ts(350,60): error TS2345: Argument of type '{ id: string; workflowId: string; type: "list_tools"; phase: "onNext"; config: ListToolsConfig; createdAt: Date; updatedAt: Date; enabled: boolean; order: number; }' is not assignable to parameter of type '{ id: string; createdAt: Date | null; updatedAt: Date | null; type: "query" | "prefill" | "validate" | "branch" | "create_record" | "update_record" | "find_record" | ... 4 more ... | "list_tools"; ... 6 more ...; enabled: boolean; }'.
  Type '{ id: string; workflowId: string; type: "list_tools"; phase: "onNext"; config: ListToolsConfig; createdAt: Date; updatedAt: Date; enabled: boolean; order: number; }' is missing the following properties from type '{ id: string; createdAt: Date | null; updatedAt: Date | null; type: "query" | "prefill" | "validate" | "branch" | "create_record" | "update_record" | "find_record" | ... 4 more ... | "list_tools"; ... 6 more ...; enabled: boolean; }': sectionId, virtualStepId
tests/ListTools.test.ts(379,60): error TS2345: Argument of type '{ id: string; workflowId: string; type: "list_tools"; phase: "onNext"; config: ListToolsConfig; createdAt: Date; updatedAt: Date; enabled: boolean; order: number; }' is not assignable to parameter of type '{ id: string; createdAt: Date | null; updatedAt: Date | null; type: "query" | "prefill" | "validate" | "branch" | "create_record" | "update_record" | "find_record" | ... 4 more ... | "list_tools"; ... 6 more ...; enabled: boolean; }'.
  Type '{ id: string; workflowId: string; type: "list_tools"; phase: "onNext"; config: ListToolsConfig; createdAt: Date; updatedAt: Date; enabled: boolean; order: number; }' is missing the following properties from type '{ id: string; createdAt: Date | null; updatedAt: Date | null; type: "query" | "prefill" | "validate" | "branch" | "create_record" | "update_record" | "find_record" | ... 4 more ... | "list_tools"; ... 6 more ...; enabled: boolean; }': sectionId, virtualStepId
tests/ListTools.test.ts(417,60): error TS2345: Argument of type '{ id: string; workflowId: string; type: "list_tools"; phase: "onNext"; config: ListToolsConfig; createdAt: Date; updatedAt: Date; enabled: boolean; order: number; }' is not assignable to parameter of type '{ id: string; createdAt: Date | null; updatedAt: Date | null; type: "query" | "prefill" | "validate" | "branch" | "create_record" | "update_record" | "find_record" | ... 4 more ... | "list_tools"; ... 6 more ...; enabled: boolean; }'.
  Type '{ id: string; workflowId: string; type: "list_tools"; phase: "onNext"; config: ListToolsConfig; createdAt: Date; updatedAt: Date; enabled: boolean; order: number; }' is missing the following properties from type '{ id: string; createdAt: Date | null; updatedAt: Date | null; type: "query" | "prefill" | "validate" | "branch" | "create_record" | "update_record" | "find_record" | ... 4 more ... | "list_tools"; ... 6 more ...; enabled: boolean; }': sectionId, virtualStepId
tests/ListTools.test.ts(450,60): error TS2345: Argument of type '{ id: string; workflowId: string; type: "list_tools"; phase: "onNext"; config: ListToolsConfig; createdAt: Date; updatedAt: Date; enabled: boolean; order: number; }' is not assignable to parameter of type '{ id: string; createdAt: Date | null; updatedAt: Date | null; type: "query" | "prefill" | "validate" | "branch" | "create_record" | "update_record" | "find_record" | ... 4 more ... | "list_tools"; ... 6 more ...; enabled: boolean; }'.
  Type '{ id: string; workflowId: string; type: "list_tools"; phase: "onNext"; config: ListToolsConfig; createdAt: Date; updatedAt: Date; enabled: boolean; order: number; }' is missing the following properties from type '{ id: string; createdAt: Date | null; updatedAt: Date | null; type: "query" | "prefill" | "validate" | "branch" | "create_record" | "update_record" | "find_record" | ... 4 more ... | "list_tools"; ... 6 more ...; enabled: boolean; }': sectionId, virtualStepId
tests/ListTools.test.ts(478,60): error TS2345: Argument of type '{ id: string; workflowId: string; type: "list_tools"; phase: "onNext"; config: ListToolsConfig; createdAt: Date; updatedAt: Date; enabled: boolean; order: number; }' is not assignable to parameter of type '{ id: string; createdAt: Date | null; updatedAt: Date | null; type: "query" | "prefill" | "validate" | "branch" | "create_record" | "update_record" | "find_record" | ... 4 more ... | "list_tools"; ... 6 more ...; enabled: boolean; }'.
  Type '{ id: string; workflowId: string; type: "list_tools"; phase: "onNext"; config: ListToolsConfig; createdAt: Date; updatedAt: Date; enabled: boolean; order: number; }' is missing the following properties from type '{ id: string; createdAt: Date | null; updatedAt: Date | null; type: "query" | "prefill" | "validate" | "branch" | "create_record" | "update_record" | "find_record" | ... 4 more ... | "list_tools"; ... 6 more ...; enabled: boolean; }': sectionId, virtualStepId
tests/ListTools.test.ts(522,60): error TS2345: Argument of type '{ id: string; workflowId: string; type: "list_tools"; phase: "onNext"; config: ListToolsConfig; createdAt: Date; updatedAt: Date; enabled: boolean; order: number; }' is not assignable to parameter of type '{ id: string; createdAt: Date | null; updatedAt: Date | null; type: "query" | "prefill" | "validate" | "branch" | "create_record" | "update_record" | "find_record" | ... 4 more ... | "list_tools"; ... 6 more ...; enabled: boolean; }'.
  Type '{ id: string; workflowId: string; type: "list_tools"; phase: "onNext"; config: ListToolsConfig; createdAt: Date; updatedAt: Date; enabled: boolean; order: number; }' is missing the following properties from type '{ id: string; createdAt: Date | null; updatedAt: Date | null; type: "query" | "prefill" | "validate" | "branch" | "create_record" | "update_record" | "find_record" | ... 4 more ... | "list_tools"; ... 6 more ...; enabled: boolean; }': sectionId, virtualStepId
tests/ListTools.test.ts(570,60): error TS2345: Argument of type '{ id: string; workflowId: string; type: "list_tools"; phase: "onNext"; config: ListToolsConfig; createdAt: Date; updatedAt: Date; enabled: boolean; order: number; }' is not assignable to parameter of type '{ id: string; createdAt: Date | null; updatedAt: Date | null; type: "query" | "prefill" | "validate" | "branch" | "create_record" | "update_record" | "find_record" | ... 4 more ... | "list_tools"; ... 6 more ...; enabled: boolean; }'.
  Type '{ id: string; workflowId: string; type: "list_tools"; phase: "onNext"; config: ListToolsConfig; createdAt: Date; updatedAt: Date; enabled: boolean; order: number; }' is missing the following properties from type '{ id: string; createdAt: Date | null; updatedAt: Date | null; type: "query" | "prefill" | "validate" | "branch" | "create_record" | "update_record" | "find_record" | ... 4 more ... | "list_tools"; ... 6 more ...; enabled: boolean; }': sectionId, virtualStepId
tests/ListTools.test.ts(594,60): error TS2345: Argument of type '{ id: string; workflowId: string; type: "list_tools"; phase: "onNext"; config: ListToolsConfig; createdAt: Date; updatedAt: Date; enabled: boolean; order: number; }' is not assignable to parameter of type '{ id: string; createdAt: Date | null; updatedAt: Date | null; type: "query" | "prefill" | "validate" | "branch" | "create_record" | "update_record" | "find_record" | ... 4 more ... | "list_tools"; ... 6 more ...; enabled: boolean; }'.
  Type '{ id: string; workflowId: string; type: "list_tools"; phase: "onNext"; config: ListToolsConfig; createdAt: Date; updatedAt: Date; enabled: boolean; order: number; }' is missing the following properties from type '{ id: string; createdAt: Date | null; updatedAt: Date | null; type: "query" | "prefill" | "validate" | "branch" | "create_record" | "update_record" | "find_record" | ... 4 more ... | "list_tools"; ... 6 more ...; enabled: boolean; }': sectionId, virtualStepId
tests/ListTools.test.ts(624,60): error TS2345: Argument of type '{ id: string; workflowId: string; type: "list_tools"; phase: "onNext"; config: ListToolsConfig; createdAt: Date; updatedAt: Date; enabled: boolean; order: number; }' is not assignable to parameter of type '{ id: string; createdAt: Date | null; updatedAt: Date | null; type: "query" | "prefill" | "validate" | "branch" | "create_record" | "update_record" | "find_record" | ... 4 more ... | "list_tools"; ... 6 more ...; enabled: boolean; }'.
  Type '{ id: string; workflowId: string; type: "list_tools"; phase: "onNext"; config: ListToolsConfig; createdAt: Date; updatedAt: Date; enabled: boolean; order: number; }' is missing the following properties from type '{ id: string; createdAt: Date | null; updatedAt: Date | null; type: "query" | "prefill" | "validate" | "branch" | "create_record" | "update_record" | "find_record" | ... 4 more ... | "list_tools"; ... 6 more ...; enabled: boolean; }': sectionId, virtualStepId
tests/setup.ts(109,20): error TS2306: File 'C:/Users/scoot/poll/VaultLogic/node_modules/@testing-library/jest-dom/types/index.d.ts' is not a module.
tests/unit/BlockRunner.validate.test.ts(29,62): error TS2345: Argument of type '{ id: string; workflowId: string; type: "validate"; phase: "onNext"; config: {}; createdAt: Date; updatedAt: Date; enabled: boolean; order: number; }' is not assignable to parameter of type '{ id: string; createdAt: Date | null; updatedAt: Date | null; type: "query" | "prefill" | "validate" | "branch" | "create_record" | "update_record" | "find_record" | ... 4 more ... | "list_tools"; ... 6 more ...; enabled: boolean; }'.
  Type '{ id: string; workflowId: string; type: "validate"; phase: "onNext"; config: {}; createdAt: Date; updatedAt: Date; enabled: boolean; order: number; }' is missing the following properties from type '{ id: string; createdAt: Date | null; updatedAt: Date | null; type: "query" | "prefill" | "validate" | "branch" | "create_record" | "update_record" | "find_record" | ... 4 more ... | "list_tools"; ... 6 more ...; enabled: boolean; }': sectionId, virtualStepId
tests/unit/BlockRunner.validate.test.ts(46,66): error TS2345: Argument of type '{ id: string; workflowId: string; type: "validate"; phase: "onNext"; config: {}; createdAt: Date; updatedAt: Date; enabled: boolean; order: number; }' is not assignable to parameter of type '{ id: string; createdAt: Date | null; updatedAt: Date | null; type: "query" | "prefill" | "validate" | "branch" | "create_record" | "update_record" | "find_record" | ... 4 more ... | "list_tools"; ... 6 more ...; enabled: boolean; }'.
  Type '{ id: string; workflowId: string; type: "validate"; phase: "onNext"; config: {}; createdAt: Date; updatedAt: Date; enabled: boolean; order: number; }' is missing the following properties from type '{ id: string; createdAt: Date | null; updatedAt: Date | null; type: "query" | "prefill" | "validate" | "branch" | "create_record" | "update_record" | "find_record" | ... 4 more ... | "list_tools"; ... 6 more ...; enabled: boolean; }': sectionId, virtualStepId
tests/unit/BlockRunner.validate.test.ts(52,66): error TS2345: Argument of type '{ id: string; workflowId: string; type: "validate"; phase: "onNext"; config: {}; createdAt: Date; updatedAt: Date; enabled: boolean; order: number; }' is not assignable to parameter of type '{ id: string; createdAt: Date | null; updatedAt: Date | null; type: "query" | "prefill" | "validate" | "branch" | "create_record" | "update_record" | "find_record" | ... 4 more ... | "list_tools"; ... 6 more ...; enabled: boolean; }'.
  Type '{ id: string; workflowId: string; type: "validate"; phase: "onNext"; config: {}; createdAt: Date; updatedAt: Date; enabled: boolean; order: number; }' is missing the following properties from type '{ id: string; createdAt: Date | null; updatedAt: Date | null; type: "query" | "prefill" | "validate" | "branch" | "create_record" | "update_record" | "find_record" | ... 4 more ... | "list_tools"; ... 6 more ...; enabled: boolean; }': sectionId, virtualStepId
tests/unit/BlockRunner.validate.test.ts(63,69): error TS2345: Argument of type '{ id: string; workflowId: string; type: "validate"; phase: "onNext"; config: {}; createdAt: Date; updatedAt: Date; enabled: boolean; order: number; }' is not assignable to parameter of type '{ id: string; createdAt: Date | null; updatedAt: Date | null; type: "query" | "prefill" | "validate" | "branch" | "create_record" | "update_record" | "find_record" | ... 4 more ... | "list_tools"; ... 6 more ...; enabled: boolean; }'.
  Type '{ id: string; workflowId: string; type: "validate"; phase: "onNext"; config: {}; createdAt: Date; updatedAt: Date; enabled: boolean; order: number; }' is missing the following properties from type '{ id: string; createdAt: Date | null; updatedAt: Date | null; type: "query" | "prefill" | "validate" | "branch" | "create_record" | "update_record" | "find_record" | ... 4 more ... | "list_tools"; ... 6 more ...; enabled: boolean; }': sectionId, virtualStepId
tests/unit/BlockRunner.validate.test.ts(82,66): error TS2345: Argument of type '{ id: string; workflowId: string; type: "validate"; phase: "onNext"; config: {}; createdAt: Date; updatedAt: Date; enabled: boolean; order: number; }' is not assignable to parameter of type '{ id: string; createdAt: Date | null; updatedAt: Date | null; type: "query" | "prefill" | "validate" | "branch" | "create_record" | "update_record" | "find_record" | ... 4 more ... | "list_tools"; ... 6 more ...; enabled: boolean; }'.
  Type '{ id: string; workflowId: string; type: "validate"; phase: "onNext"; config: {}; createdAt: Date; updatedAt: Date; enabled: boolean; order: number; }' is missing the following properties from type '{ id: string; createdAt: Date | null; updatedAt: Date | null; type: "query" | "prefill" | "validate" | "branch" | "create_record" | "update_record" | "find_record" | ... 4 more ... | "list_tools"; ... 6 more ...; enabled: boolean; }': sectionId, virtualStepId
tests/unit/BlockRunner.validate.test.ts(92,66): error TS2345: Argument of type '{ id: string; workflowId: string; type: "validate"; phase: "onNext"; config: {}; createdAt: Date; updatedAt: Date; enabled: boolean; order: number; }' is not assignable to parameter of type '{ id: string; createdAt: Date | null; updatedAt: Date | null; type: "query" | "prefill" | "validate" | "branch" | "create_record" | "update_record" | "find_record" | ... 4 more ... | "list_tools"; ... 6 more ...; enabled: boolean; }'.
  Type '{ id: string; workflowId: string; type: "validate"; phase: "onNext"; config: {}; createdAt: Date; updatedAt: Date; enabled: boolean; order: number; }' is missing the following properties from type '{ id: string; createdAt: Date | null; updatedAt: Date | null; type: "query" | "prefill" | "validate" | "branch" | "create_record" | "update_record" | "find_record" | ... 4 more ... | "list_tools"; ... 6 more ...; enabled: boolean; }': sectionId, virtualStepId
tests/unit/BlockRunner.validate.test.ts(122,66): error TS2345: Argument of type '{ id: string; workflowId: string; type: "validate"; phase: "onNext"; config: {}; createdAt: Date; updatedAt: Date; enabled: boolean; order: number; }' is not assignable to parameter of type '{ id: string; createdAt: Date | null; updatedAt: Date | null; type: "query" | "prefill" | "validate" | "branch" | "create_record" | "update_record" | "find_record" | ... 4 more ... | "list_tools"; ... 6 more ...; enabled: boolean; }'.
  Type '{ id: string; workflowId: string; type: "validate"; phase: "onNext"; config: {}; createdAt: Date; updatedAt: Date; enabled: boolean; order: number; }' is missing the following properties from type '{ id: string; createdAt: Date | null; updatedAt: Date | null; type: "query" | "prefill" | "validate" | "branch" | "create_record" | "update_record" | "find_record" | ... 4 more ... | "list_tools"; ... 6 more ...; enabled: boolean; }': sectionId, virtualStepId
tests/unit/collab.server.test.ts(24,3): error TS2353: Object literal may only specify known properties, and 'tenantId' does not exist in type 'Partial<{ email: string; id: string; name: string | null; avatarUrl: string | null; role: "admin" | "user" | "guest"; provider: "google" | "github" | "email"; defaultTenantId: string | null; createdAt: Date | null; updatedAt: Date | null; lastLoginAt: Date | null; }>'.
tests/unit/collab.server.test.ts(31,3): error TS2353: Object literal may only specify known properties, and 'tenantId' does not exist in type 'Partial<{ email: string; id: string; name: string | null; avatarUrl: string | null; role: "admin" | "user" | "guest"; provider: "google" | "github" | "email"; defaultTenantId: string | null; createdAt: Date | null; updatedAt: Date | null; lastLoginAt: Date | null; }>'.
tests/unit/collab.server.test.ts(38,3): error TS2353: Object literal may only specify known properties, and 'tenantId' does not exist in type 'Partial<{ email: string; id: string; name: string | null; avatarUrl: string | null; role: "admin" | "user" | "guest"; provider: "google" | "github" | "email"; defaultTenantId: string | null; createdAt: Date | null; updatedAt: Date | null; lastLoginAt: Date | null; }>'.
tests/unit/collab.server.test.ts(45,3): error TS2353: Object literal may only specify known properties, and 'tenantId' does not exist in type 'Partial<{ email: string; id: string; name: string | null; avatarUrl: string | null; role: "admin" | "user" | "guest"; provider: "google" | "github" | "email"; defaultTenantId: string | null; createdAt: Date | null; updatedAt: Date | null; lastLoginAt: Date | null; }>'.
tests/unit/listPipeline.semantics.test.ts(28,17): error TS2322: Type '"test"' is not assignable to type '"query" | "read_table" | "list_tools"'.
tests/unit/listPipeline.semantics.test.ts(671,21): error TS2322: Type '"test"' is not assignable to type '"query" | "read_table" | "list_tools"'.
tests/unit/repositories/DatavaultColumnsRepository.test.ts(3,32): error TS2724: '"@shared/schema"' has no exported member named 'InsertDatavaultColumn'. Did you mean 'DatavaultColumn'?
tests/unit/repositories/DatavaultRowsRepository.test.ts(3,45): error TS2724: '"@shared/schema"' has no exported member named 'InsertDatavaultRow'. Did you mean 'DatavaultRow'?
tests/unit/repositories/DatavaultTablesRepository.test.ts(3,31): error TS2724: '"@shared/schema"' has no exported member named 'InsertDatavaultTable'. Did you mean 'DatavaultTable'?
tests/unit/repositories/WorkflowTemplateRepository.test.ts(30,8): error TS2769: No overload matches this call.
  Overload 1 of 2, '(value: { email: string | SQL<unknown> | Placeholder<string, any>; id: string | SQL<unknown> | Placeholder<string, any>; name?: string | SQL<unknown> | Placeholder<string, any> | null | undefined; ... 6 more ...; lastLoginAt?: SQL<...> | ... 3 more ... | undefined; }): PgInsertBase<...>', gave the following error.
    Type '"creator"' is not assignable to type '"admin" | "user" | "guest" | SQL<unknown> | Placeholder<string, any> | undefined'.
  Overload 2 of 2, '(values: { email: string | SQL<unknown> | Placeholder<string, any>; id: string | SQL<unknown> | Placeholder<string, any>; name?: string | SQL<unknown> | Placeholder<string, any> | null | undefined; ... 6 more ...; lastLoginAt?: SQL<...> | ... 3 more ... | undefined; }[]): PgInsertBase<...>', gave the following error.
    Object literal may only specify known properties, and 'email' does not exist in type '{ email: string | SQL<unknown> | Placeholder<string, any>; id: string | SQL<unknown> | Placeholder<string, any>; name?: string | SQL<unknown> | Placeholder<string, any> | null | undefined; ... 6 more ...; lastLoginAt?: SQL<...> | ... 3 more ... | undefined; }[]'.
tests/unit/schema/collections.test.ts(10,3): error TS2724: '"@shared/schema"' has no exported member named 'collectionFieldTypeEnum'. Did you mean 'collectionFields'?
tests/unit/schema/collections.test.ts(441,9): error TS2561: Object literal may only specify known properties, but 'isRequired' does not exist in type '{ id: string; name: string; createdAt: Date | null; updatedAt: Date | null; slug: string; options: unknown; type: string; order: number | null; required: boolean | null; collectionId: string; }'. Did you mean to write 'required'?
tests/unit/schema/collections.test.ts(450,24): error TS2551: Property 'isRequired' does not exist on type '{ id: string; name: string; createdAt: Date | null; updatedAt: Date | null; slug: string; options: unknown; type: string; order: number | null; required: boolean | null; collectionId: string; }'. Did you mean 'required'?
tests/unit/services/AuthService.test.ts(705,28): error TS2339: Property 'passwordResetTokens' does not exist on type '{ readonly users: RelationalQueryBuilder<ExtractTablesWithRelations<typeof import("C:/Users/scoot/poll/VaultLogic/shared/schema")>, { tsName: "users"; dbName: "users"; columns: { id: PgColumn<{ ...; }, {}, { ...; }>; ... 8 more ...; lastLoginAt: PgColumn<...>; }; relations: { ...; }; primaryKey: AnyColumn[]; }>; ......'.
tests/unit/services/AuthService.test.ts(719,28): error TS2339: Property 'passwordResetTokens' does not exist on type '{ readonly users: RelationalQueryBuilder<ExtractTablesWithRelations<typeof import("C:/Users/scoot/poll/VaultLogic/shared/schema")>, { tsName: "users"; dbName: "users"; columns: { id: PgColumn<{ ...; }, {}, { ...; }>; ... 8 more ...; lastLoginAt: PgColumn<...>; }; relations: { ...; }; primaryKey: AnyColumn[]; }>; ......'.
tests/unit/services/AuthService.test.ts(728,28): error TS2339: Property 'passwordResetTokens' does not exist on type '{ readonly users: RelationalQueryBuilder<ExtractTablesWithRelations<typeof import("C:/Users/scoot/poll/VaultLogic/shared/schema")>, { tsName: "users"; dbName: "users"; columns: { id: PgColumn<{ ...; }, {}, { ...; }>; ... 8 more ...; lastLoginAt: PgColumn<...>; }; relations: { ...; }; primaryKey: AnyColumn[]; }>; ......'.
tests/unit/services/AuthService.test.ts(737,28): error TS2339: Property 'passwordResetTokens' does not exist on type '{ readonly users: RelationalQueryBuilder<ExtractTablesWithRelations<typeof import("C:/Users/scoot/poll/VaultLogic/shared/schema")>, { tsName: "users"; dbName: "users"; columns: { id: PgColumn<{ ...; }, {}, { ...; }>; ... 8 more ...; lastLoginAt: PgColumn<...>; }; relations: { ...; }; primaryKey: AnyColumn[]; }>; ......'.
tests/unit/services/AuthService.test.ts(782,28): error TS2339: Property 'emailVerificationTokens' does not exist on type '{ readonly users: RelationalQueryBuilder<ExtractTablesWithRelations<typeof import("C:/Users/scoot/poll/VaultLogic/shared/schema")>, { tsName: "users"; dbName: "users"; columns: { id: PgColumn<{ ...; }, {}, { ...; }>; ... 8 more ...; lastLoginAt: PgColumn<...>; }; relations: { ...; }; primaryKey: AnyColumn[]; }>; ......'.
tests/unit/services/AuthService.test.ts(797,28): error TS2339: Property 'emailVerificationTokens' does not exist on type '{ readonly users: RelationalQueryBuilder<ExtractTablesWithRelations<typeof import("C:/Users/scoot/poll/VaultLogic/shared/schema")>, { tsName: "users"; dbName: "users"; columns: { id: PgColumn<{ ...; }, {}, { ...; }>; ... 8 more ...; lastLoginAt: PgColumn<...>; }; relations: { ...; }; primaryKey: AnyColumn[]; }>; ......'.
tests/unit/services/AuthService.test.ts(806,28): error TS2339: Property 'emailVerificationTokens' does not exist on type '{ readonly users: RelationalQueryBuilder<ExtractTablesWithRelations<typeof import("C:/Users/scoot/poll/VaultLogic/shared/schema")>, { tsName: "users"; dbName: "users"; columns: { id: PgColumn<{ ...; }, {}, { ...; }>; ... 8 more ...; lastLoginAt: PgColumn<...>; }; relations: { ...; }; primaryKey: AnyColumn[]; }>; ......'.
tests/unit/services/AuthService.test.ts(815,28): error TS2339: Property 'emailVerificationTokens' does not exist on type '{ readonly users: RelationalQueryBuilder<ExtractTablesWithRelations<typeof import("C:/Users/scoot/poll/VaultLogic/shared/schema")>, { tsName: "users"; dbName: "users"; columns: { id: PgColumn<{ ...; }, {}, { ...; }>; ... 8 more ...; lastLoginAt: PgColumn<...>; }; relations: { ...; }; primaryKey: AnyColumn[]; }>; ......'.
tests/unit/services/AuthService.test.ts(857,28): error TS2339: Property 'refreshTokens' does not exist on type '{ readonly users: RelationalQueryBuilder<ExtractTablesWithRelations<typeof import("C:/Users/scoot/poll/VaultLogic/shared/schema")>, { tsName: "users"; dbName: "users"; columns: { id: PgColumn<{ ...; }, {}, { ...; }>; ... 8 more ...; lastLoginAt: PgColumn<...>; }; relations: { ...; }; primaryKey: AnyColumn[]; }>; ......'.
tests/unit/services/AuthService.test.ts(871,28): error TS2339: Property 'refreshTokens' does not exist on type '{ readonly users: RelationalQueryBuilder<ExtractTablesWithRelations<typeof import("C:/Users/scoot/poll/VaultLogic/shared/schema")>, { tsName: "users"; dbName: "users"; columns: { id: PgColumn<{ ...; }, {}, { ...; }>; ... 8 more ...; lastLoginAt: PgColumn<...>; }; relations: { ...; }; primaryKey: AnyColumn[]; }>; ......'.
tests/unit/services/AuthService.test.ts(880,28): error TS2339: Property 'refreshTokens' does not exist on type '{ readonly users: RelationalQueryBuilder<ExtractTablesWithRelations<typeof import("C:/Users/scoot/poll/VaultLogic/shared/schema")>, { tsName: "users"; dbName: "users"; columns: { id: PgColumn<{ ...; }, {}, { ...; }>; ... 8 more ...; lastLoginAt: PgColumn<...>; }; relations: { ...; }; primaryKey: AnyColumn[]; }>; ......'.
tests/unit/services/AuthService.test.ts(892,28): error TS2339: Property 'refreshTokens' does not exist on type '{ readonly users: RelationalQueryBuilder<ExtractTablesWithRelations<typeof import("C:/Users/scoot/poll/VaultLogic/shared/schema")>, { tsName: "users"; dbName: "users"; columns: { id: PgColumn<{ ...; }, {}, { ...; }>; ... 8 more ...; lastLoginAt: PgColumn<...>; }; relations: { ...; }; primaryKey: AnyColumn[]; }>; ......'.
tests/unit/services/AuthService.test.ts(912,28): error TS2339: Property 'refreshTokens' does not exist on type '{ readonly users: RelationalQueryBuilder<ExtractTablesWithRelations<typeof import("C:/Users/scoot/poll/VaultLogic/shared/schema")>, { tsName: "users"; dbName: "users"; columns: { id: PgColumn<{ ...; }, {}, { ...; }>; ... 8 more ...; lastLoginAt: PgColumn<...>; }; relations: { ...; }; primaryKey: AnyColumn[]; }>; ......'.
tests/unit/services/AuthService.test.ts(923,28): error TS2339: Property 'refreshTokens' does not exist on type '{ readonly users: RelationalQueryBuilder<ExtractTablesWithRelations<typeof import("C:/Users/scoot/poll/VaultLogic/shared/schema")>, { tsName: "users"; dbName: "users"; columns: { id: PgColumn<{ ...; }, {}, { ...; }>; ... 8 more ...; lastLoginAt: PgColumn<...>; }; relations: { ...; }; primaryKey: AnyColumn[]; }>; ......'.
tests/unit/services/AuthService.test.ts(942,28): error TS2339: Property 'refreshTokens' does not exist on type '{ readonly users: RelationalQueryBuilder<ExtractTablesWithRelations<typeof import("C:/Users/scoot/poll/VaultLogic/shared/schema")>, { tsName: "users"; dbName: "users"; columns: { id: PgColumn<{ ...; }, {}, { ...; }>; ... 8 more ...; lastLoginAt: PgColumn<...>; }; relations: { ...; }; primaryKey: AnyColumn[]; }>; ......'.
tests/unit/services/AuthService.test.ts(1149,28): error TS2339: Property 'refreshTokens' does not exist on type '{ readonly users: RelationalQueryBuilder<ExtractTablesWithRelations<typeof import("C:/Users/scoot/poll/VaultLogic/shared/schema")>, { tsName: "users"; dbName: "users"; columns: { id: PgColumn<{ ...; }, {}, { ...; }>; ... 8 more ...; lastLoginAt: PgColumn<...>; }; relations: { ...; }; primaryKey: AnyColumn[]; }>; ......'.
tests/unit/services/AuthService.test.ts(1183,28): error TS2339: Property 'emailVerificationTokens' does not exist on type '{ readonly users: RelationalQueryBuilder<ExtractTablesWithRelations<typeof import("C:/Users/scoot/poll/VaultLogic/shared/schema")>, { tsName: "users"; dbName: "users"; columns: { id: PgColumn<{ ...; }, {}, { ...; }>; ... 8 more ...; lastLoginAt: PgColumn<...>; }; relations: { ...; }; primaryKey: AnyColumn[]; }>; ......'.
tests/unit/services/AuthService.test.ts(1230,28): error TS2339: Property 'refreshTokens' does not exist on type '{ readonly users: RelationalQueryBuilder<ExtractTablesWithRelations<typeof import("C:/Users/scoot/poll/VaultLogic/shared/schema")>, { tsName: "users"; dbName: "users"; columns: { id: PgColumn<{ ...; }, {}, { ...; }>; ... 8 more ...; lastLoginAt: PgColumn<...>; }; relations: { ...; }; primaryKey: AnyColumn[]; }>; ......'.
tests/unit/services/AuthService.test.ts(1264,28): error TS2339: Property 'passwordResetTokens' does not exist on type '{ readonly users: RelationalQueryBuilder<ExtractTablesWithRelations<typeof import("C:/Users/scoot/poll/VaultLogic/shared/schema")>, { tsName: "users"; dbName: "users"; columns: { id: PgColumn<{ ...; }, {}, { ...; }>; ... 8 more ...; lastLoginAt: PgColumn<...>; }; relations: { ...; }; primaryKey: AnyColumn[]; }>; ......'.
tests/unit/services/AuthService.test.ts(1299,28): error TS2339: Property 'passwordResetTokens' does not exist on type '{ readonly users: RelationalQueryBuilder<ExtractTablesWithRelations<typeof import("C:/Users/scoot/poll/VaultLogic/shared/schema")>, { tsName: "users"; dbName: "users"; columns: { id: PgColumn<{ ...; }, {}, { ...; }>; ... 8 more ...; lastLoginAt: PgColumn<...>; }; relations: { ...; }; primaryKey: AnyColumn[]; }>; ......'.
tests/unit/services/AuthService.test.ts(1313,28): error TS2339: Property 'passwordResetTokens' does not exist on type '{ readonly users: RelationalQueryBuilder<ExtractTablesWithRelations<typeof import("C:/Users/scoot/poll/VaultLogic/shared/schema")>, { tsName: "users"; dbName: "users"; columns: { id: PgColumn<{ ...; }, {}, { ...; }>; ... 8 more ...; lastLoginAt: PgColumn<...>; }; relations: { ...; }; primaryKey: AnyColumn[]; }>; ......'.
tests/unit/services/AuthService.test.ts(1340,28): error TS2339: Property 'refreshTokens' does not exist on type '{ readonly users: RelationalQueryBuilder<ExtractTablesWithRelations<typeof import("C:/Users/scoot/poll/VaultLogic/shared/schema")>, { tsName: "users"; dbName: "users"; columns: { id: PgColumn<{ ...; }, {}, { ...; }>; ... 8 more ...; lastLoginAt: PgColumn<...>; }; relations: { ...; }; primaryKey: AnyColumn[]; }>; ......'.
tests/unit/services/AuthService.test.ts(1377,28): error TS2339: Property 'emailVerificationTokens' does not exist on type '{ readonly users: RelationalQueryBuilder<ExtractTablesWithRelations<typeof import("C:/Users/scoot/poll/VaultLogic/shared/schema")>, { tsName: "users"; dbName: "users"; columns: { id: PgColumn<{ ...; }, {}, { ...; }>; ... 8 more ...; lastLoginAt: PgColumn<...>; }; relations: { ...; }; primaryKey: AnyColumn[]; }>; ......'.
tests/unit/services/CollectionFieldService.test.ts(166,21): error TS2339: Property 'defaultValue' does not exist on type '{ id: string; name: string; createdAt: Date | null; updatedAt: Date | null; slug: string; options: unknown; type: string; order: number | null; required: boolean | null; collectionId: string; }'.
tests/unit/services/PdfQueueService.test.ts(77,8): error TS2769: No overload matches this call.
  Overload 1 of 2, '(value: { email: string | SQL<unknown> | Placeholder<string, any>; id: string | SQL<unknown> | Placeholder<string, any>; name?: string | SQL<unknown> | Placeholder<string, any> | null | undefined; ... 6 more ...; lastLoginAt?: SQL<...> | ... 3 more ... | undefined; }): PgInsertBase<...>', gave the following error.
    Argument of type '{ email: string; role: any; }' is not assignable to parameter of type '{ email: string | SQL<unknown> | Placeholder<string, any>; id: string | SQL<unknown> | Placeholder<string, any>; name?: string | SQL<unknown> | Placeholder<string, any> | null | undefined; ... 6 more ...; lastLoginAt?: SQL<...> | ... 3 more ... | undefined; }'.
      Property 'id' is missing in type '{ email: string; role: any; }' but required in type '{ email: string | SQL<unknown> | Placeholder<string, any>; id: string | SQL<unknown> | Placeholder<string, any>; name?: string | SQL<unknown> | Placeholder<string, any> | null | undefined; ... 6 more ...; lastLoginAt?: SQL<...> | ... 3 more ... | undefined; }'.
  Overload 2 of 2, '(values: { email: string | SQL<unknown> | Placeholder<string, any>; id: string | SQL<unknown> | Placeholder<string, any>; name?: string | SQL<unknown> | Placeholder<string, any> | null | undefined; ... 6 more ...; lastLoginAt?: SQL<...> | ... 3 more ... | undefined; }[]): PgInsertBase<...>', gave the following error.
    Object literal may only specify known properties, and 'email' does not exist in type '{ email: string | SQL<unknown> | Placeholder<string, any>; id: string | SQL<unknown> | Placeholder<string, any>; name?: string | SQL<unknown> | Placeholder<string, any> | null | undefined; ... 6 more ...; lastLoginAt?: SQL<...> | ... 3 more ... | undefined; }[]'.
tests/unit/services/PdfQueueService.test.ts(87,8): error TS2769: No overload matches this call.
  Overload 1 of 2, '(value: { name: string | SQL<unknown> | Placeholder<string, any>; slug: string | SQL<unknown> | Placeholder<string, any>; ownerId: string | SQL<unknown> | Placeholder<...>; ... 7 more ...; mfaRequired?: boolean | ... 3 more ... | undefined; }): PgInsertBase<...>', gave the following error.
    Argument of type '{ name: string; }' is not assignable to parameter of type '{ name: string | SQL<unknown> | Placeholder<string, any>; slug: string | SQL<unknown> | Placeholder<string, any>; ownerId: string | SQL<unknown> | Placeholder<string, any>; ... 7 more ...; mfaRequired?: boolean | ... 3 more ... | undefined; }'.
      Type '{ name: string; }' is missing the following properties from type '{ name: string | SQL<unknown> | Placeholder<string, any>; slug: string | SQL<unknown> | Placeholder<string, any>; ownerId: string | SQL<unknown> | Placeholder<string, any>; ... 7 more ...; mfaRequired?: boolean | ... 3 more ... | undefined; }': slug, ownerId
  Overload 2 of 2, '(values: { name: string | SQL<unknown> | Placeholder<string, any>; slug: string | SQL<unknown> | Placeholder<string, any>; ownerId: string | SQL<unknown> | Placeholder<...>; ... 7 more ...; mfaRequired?: boolean | ... 3 more ... | undefined; }[]): PgInsertBase<...>', gave the following error.
    Object literal may only specify known properties, and 'name' does not exist in type '{ name: string | SQL<unknown> | Placeholder<string, any>; slug: string | SQL<unknown> | Placeholder<string, any>; ownerId: string | SQL<unknown> | Placeholder<string, any>; ... 7 more ...; mfaRequired?: boolean | ... 3 more ... | undefined; }[]'.
tests/unit/utils/variableResolver.test.ts(3,15): error TS2305: Module '"@shared/schema"' has no exported member 'WorkflowVariable'.
